Archive member included to satisfy reference by file (symbol)

/home/tequilajohn/Ac6/SystemWorkbench/plugins/fr.ac6.mcu.externaltools.arm-none.linux64_1.17.0.201812190825/tools/compiler/bin/../lib/gcc/arm-none-eabi/7.3.1/../../../../arm-none-eabi/lib/thumb/v7e-m/fpv5/hard/libstdc++_nano.a(new_op.o)
                              Libraries/Devices/NANOTEC/NANOTEC.o (operator new(unsigned int))
/home/tequilajohn/Ac6/SystemWorkbench/plugins/fr.ac6.mcu.externaltools.arm-none.linux64_1.17.0.201812190825/tools/compiler/bin/../lib/gcc/arm-none-eabi/7.3.1/../../../../arm-none-eabi/lib/thumb/v7e-m/fpv5/hard/libstdc++_nano.a(new_handler.o)
                              /home/tequilajohn/Ac6/SystemWorkbench/plugins/fr.ac6.mcu.externaltools.arm-none.linux64_1.17.0.201812190825/tools/compiler/bin/../lib/gcc/arm-none-eabi/7.3.1/../../../../arm-none-eabi/lib/thumb/v7e-m/fpv5/hard/libstdc++_nano.a(new_op.o) (std::get_new_handler())
/home/tequilajohn/Ac6/SystemWorkbench/plugins/fr.ac6.mcu.externaltools.arm-none.linux64_1.17.0.201812190825/tools/compiler/bin/../lib/gcc/arm-none-eabi/7.3.1/../../../../arm-none-eabi/lib/thumb/v7e-m/fpv5/hard/libstdc++_nano.a(del_ops.o)
                              Libraries/Devices/NANOTEC/NANOTEC.o (operator delete(void*, unsigned int))
/home/tequilajohn/Ac6/SystemWorkbench/plugins/fr.ac6.mcu.externaltools.arm-none.linux64_1.17.0.201812190825/tools/compiler/bin/../lib/gcc/arm-none-eabi/7.3.1/../../../../arm-none-eabi/lib/thumb/v7e-m/fpv5/hard/libstdc++_nano.a(del_op.o)
                              /home/tequilajohn/Ac6/SystemWorkbench/plugins/fr.ac6.mcu.externaltools.arm-none.linux64_1.17.0.201812190825/tools/compiler/bin/../lib/gcc/arm-none-eabi/7.3.1/../../../../arm-none-eabi/lib/thumb/v7e-m/fpv5/hard/libstdc++_nano.a(del_ops.o) (operator delete(void*))
/home/tequilajohn/Ac6/SystemWorkbench/plugins/fr.ac6.mcu.externaltools.arm-none.linux64_1.17.0.201812190825/tools/compiler/bin/../lib/gcc/arm-none-eabi/7.3.1/../../../../arm-none-eabi/lib/thumb/v7e-m/fpv5/hard/libm.a(lib_a-sf_sin.o)
                              Src/MainTask.o (sinf)
/home/tequilajohn/Ac6/SystemWorkbench/plugins/fr.ac6.mcu.externaltools.arm-none.linux64_1.17.0.201812190825/tools/compiler/bin/../lib/gcc/arm-none-eabi/7.3.1/../../../../arm-none-eabi/lib/thumb/v7e-m/fpv5/hard/libm.a(lib_a-ef_rem_pio2.o)
                              /home/tequilajohn/Ac6/SystemWorkbench/plugins/fr.ac6.mcu.externaltools.arm-none.linux64_1.17.0.201812190825/tools/compiler/bin/../lib/gcc/arm-none-eabi/7.3.1/../../../../arm-none-eabi/lib/thumb/v7e-m/fpv5/hard/libm.a(lib_a-sf_sin.o) (__ieee754_rem_pio2f)
/home/tequilajohn/Ac6/SystemWorkbench/plugins/fr.ac6.mcu.externaltools.arm-none.linux64_1.17.0.201812190825/tools/compiler/bin/../lib/gcc/arm-none-eabi/7.3.1/../../../../arm-none-eabi/lib/thumb/v7e-m/fpv5/hard/libm.a(lib_a-kf_cos.o)
                              /home/tequilajohn/Ac6/SystemWorkbench/plugins/fr.ac6.mcu.externaltools.arm-none.linux64_1.17.0.201812190825/tools/compiler/bin/../lib/gcc/arm-none-eabi/7.3.1/../../../../arm-none-eabi/lib/thumb/v7e-m/fpv5/hard/libm.a(lib_a-sf_sin.o) (__kernel_cosf)
/home/tequilajohn/Ac6/SystemWorkbench/plugins/fr.ac6.mcu.externaltools.arm-none.linux64_1.17.0.201812190825/tools/compiler/bin/../lib/gcc/arm-none-eabi/7.3.1/../../../../arm-none-eabi/lib/thumb/v7e-m/fpv5/hard/libm.a(lib_a-kf_rem_pio2.o)
                              /home/tequilajohn/Ac6/SystemWorkbench/plugins/fr.ac6.mcu.externaltools.arm-none.linux64_1.17.0.201812190825/tools/compiler/bin/../lib/gcc/arm-none-eabi/7.3.1/../../../../arm-none-eabi/lib/thumb/v7e-m/fpv5/hard/libm.a(lib_a-ef_rem_pio2.o) (__kernel_rem_pio2f)
/home/tequilajohn/Ac6/SystemWorkbench/plugins/fr.ac6.mcu.externaltools.arm-none.linux64_1.17.0.201812190825/tools/compiler/bin/../lib/gcc/arm-none-eabi/7.3.1/../../../../arm-none-eabi/lib/thumb/v7e-m/fpv5/hard/libm.a(lib_a-kf_sin.o)
                              /home/tequilajohn/Ac6/SystemWorkbench/plugins/fr.ac6.mcu.externaltools.arm-none.linux64_1.17.0.201812190825/tools/compiler/bin/../lib/gcc/arm-none-eabi/7.3.1/../../../../arm-none-eabi/lib/thumb/v7e-m/fpv5/hard/libm.a(lib_a-sf_sin.o) (__kernel_sinf)
/home/tequilajohn/Ac6/SystemWorkbench/plugins/fr.ac6.mcu.externaltools.arm-none.linux64_1.17.0.201812190825/tools/compiler/bin/../lib/gcc/arm-none-eabi/7.3.1/../../../../arm-none-eabi/lib/thumb/v7e-m/fpv5/hard/libm.a(lib_a-sf_fabs.o)
                              /home/tequilajohn/Ac6/SystemWorkbench/plugins/fr.ac6.mcu.externaltools.arm-none.linux64_1.17.0.201812190825/tools/compiler/bin/../lib/gcc/arm-none-eabi/7.3.1/../../../../arm-none-eabi/lib/thumb/v7e-m/fpv5/hard/libm.a(lib_a-ef_rem_pio2.o) (fabsf)
/home/tequilajohn/Ac6/SystemWorkbench/plugins/fr.ac6.mcu.externaltools.arm-none.linux64_1.17.0.201812190825/tools/compiler/bin/../lib/gcc/arm-none-eabi/7.3.1/../../../../arm-none-eabi/lib/thumb/v7e-m/fpv5/hard/libm.a(lib_a-sf_floor.o)
[...]
Memory Configuration

Name             Origin             Length             Attributes
DTCMRAM          0x0000000020000000 0x0000000000020000 xrw
RAM_D1           0x0000000024000000 0x0000000000080000 xrw
RAM_D2           0x0000000030000000 0x0000000000048000 xrw
RAM_D3           0x0000000038000000 0x0000000000010000 xrw
ITCMRAM          0x0000000000000000 0x0000000000010000 xrw
FLASH            0x0000000008000000 0x0000000000200000 xr
*default*        0x0000000000000000 0xffffffffffffffff

Linker script and memory map

LOAD /home/tequilajohn/Ac6/SystemWorkbench/plugins/fr.ac6.mcu.externaltools.arm-none.linux64_1.17.0.201812190825/tools/compiler/bin/../lib/gcc/arm-none-eabi/7.3.1/thumb/v7e-m/fpv5/hard/crti.o
LOAD /home/tequilajohn/Ac6/SystemWorkbench/plugins/fr.ac6.mcu.externaltools.arm-none.linux64_1.17.0.201812190825/tools/compiler/bin/../lib/gcc/arm-none-eabi/7.3.1/thumb/v7e-m/fpv5/hard/crtbegin.o
LOAD /home/tequilajohn/Ac6/SystemWorkbench/plugins/fr.ac6.mcu.externaltools.arm-none.linux64_1.17.0.201812190825/tools/compiler/bin/../lib/gcc/arm-none-eabi/7.3.1/../../../../arm-none-eabi/lib/thumb/v7e-m/fpv5/hard/crt0.o
LOAD Drivers/STM32H7xx_HAL_Driver/Src/stm32h7xx_hal.o
LOAD Drivers/STM32H7xx_HAL_Driver/Src/stm32h7xx_hal_cortex.o
LOAD Drivers/STM32H7xx_HAL_Driver/Src/stm32h7xx_hal_dma.o
LOAD Drivers/STM32H7xx_HAL_Driver/Src/stm32h7xx_hal_dma_ex.o
LOAD Drivers/STM32H7xx_HAL_Driver/Src/stm32h7xx_hal_exti.o
LOAD Drivers/STM32H7xx_HAL_Driver/Src/stm32h7xx_hal_fdcan.o
LOAD Drivers/STM32H7xx_HAL_Driver/Src/stm32h7xx_hal_flash.o
LOAD Drivers/STM32H7xx_HAL_Driver/Src/stm32h7xx_hal_flash_ex.o
LOAD Drivers/STM32H7xx_HAL_Driver/Src/stm32h7xx_hal_gpio.o
LOAD Drivers/STM32H7xx_HAL_Driver/Src/stm32h7xx_hal_hsem.o
LOAD Drivers/STM32H7xx_HAL_Driver/Src/stm32h7xx_hal_i2c.o
LOAD Drivers/STM32H7xx_HAL_Driver/Src/stm32h7xx_hal_i2c_ex.o
LOAD Drivers/STM32H7xx_HAL_Driver/Src/stm32h7xx_hal_mdma.o
LOAD Drivers/STM32H7xx_HAL_Driver/Src/stm32h7xx_hal_pwr.o
LOAD Drivers/STM32H7xx_HAL_Driver/Src/stm32h7xx_hal_pwr_ex.o
LOAD Drivers/STM32H7xx_HAL_Driver/Src/stm32h7xx_hal_rcc.o
LOAD Drivers/STM32H7xx_HAL_Driver/Src/stm32h7xx_hal_rcc_ex.o
LOAD Drivers/STM32H7xx_HAL_Driver/Src/stm32h7xx_hal_tim.o
LOAD Drivers/STM32H7xx_HAL_Driver/Src/stm32h7xx_hal_tim_ex.o
LOAD Libraries/Devices/NANOTEC/NANOTEC.o
LOAD Libraries/Devices/NANOTEC/NANOTEC_Bus.o
LOAD Libraries/Periphirals/FDCAN/FDCAN.o
LOAD Libraries/Periphirals/Timer/Timer.o
LOAD Middlewares/Third_Party/FreeRTOS/Source/CMSIS_RTOS/cmsis_os.o
LOAD Middlewares/Third_Party/FreeRTOS/Source/croutine.o
LOAD Middlewares/Third_Party/FreeRTOS/Source/event_groups.o
LOAD Middlewares/Third_Party/FreeRTOS/Source/list.o
LOAD Middlewares/Third_Party/FreeRTOS/Source/queue.o
LOAD Middlewares/Third_Party/FreeRTOS/Source/stream_buffer.o
LOAD Middlewares/Third_Party/FreeRTOS/Source/tasks.o
LOAD Middlewares/Third_Party/FreeRTOS/Source/timers.o
LOAD Middlewares/Third_Party/FreeRTOS/Source/portable/GCC/ARM_CM4F/port.o
LOAD Middlewares/Third_Party/FreeRTOS/Source/portable/MemMang/heap_4.o
LOAD Src/FreeRTOS-openocd.o
LOAD Src/MainTask.o
LOAD Src/MemoryManagement.o
LOAD Src/TestBench.o
LOAD Src/freertos.o
LOAD Src/main.o
LOAD Src/stm32h7xx_hal_msp.o
LOAD Src/stm32h7xx_hal_timebase_tim.o
LOAD Src/stm32h7xx_it.o
LOAD Src/stm32h7xx_nucleo_144.o
LOAD Src/syscalls.o
LOAD Src/system_stm32h7xx.o
LOAD startup/startup_stm32h743xx.o
LOAD /home/tequilajohn/Ac6/SystemWorkbench/plugins/fr.ac6.mcu.externaltools.arm-none.linux64_1.17.0.201812190825/tools/compiler/bin/../lib/gcc/arm-none-eabi/7.3.1/../../../../arm-none-eabi/lib/thumb/v7e-m/fpv5/hard/libstdc++_nano.a
LOAD /home/tequilajohn/Ac6/SystemWorkbench/plugins/fr.ac6.mcu.externaltools.arm-none.linux64_1.17.0.201812190825/tools/compiler/bin/../lib/gcc/arm-none-eabi/7.3.1/../../../../arm-none-eabi/lib/thumb/v7e-m/fpv5/hard/libm.a
START GROUP
LOAD /home/tequilajohn/Ac6/SystemWorkbench/plugins/fr.ac6.mcu.externaltools.arm-none.linux64_1.17.0.201812190825/tools/compiler/bin/../lib/gcc/arm-none-eabi/7.3.1/thumb/v7e-m/fpv5/hard/libgcc.a
LOAD /home/tequilajohn/Ac6/SystemWorkbench/plugins/fr.ac6.mcu.externaltools.arm-none.linux64_1.17.0.201812190825/tools/compiler/bin/../lib/gcc/arm-none-eabi/7.3.1/../../../../arm-none-eabi/lib/thumb/v7e-m/fpv5/hard/libc_nano.a
END GROUP
START GROUP
LOAD /home/tequilajohn/Ac6/SystemWorkbench/plugins/fr.ac6.mcu.externaltools.arm-none.linux64_1.17.0.201812190825/tools/compiler/bin/../lib/gcc/arm-none-eabi/7.3.1/thumb/v7e-m/fpv5/hard/libgcc.a
LOAD /home/tequilajohn/Ac6/SystemWorkbench/plugins/fr.ac6.mcu.externaltools.arm-none.linux64_1.17.0.201812190825/tools/compiler/bin/../lib/gcc/arm-none-eabi/7.3.1/../../../../arm-none-eabi/lib/thumb/v7e-m/fpv5/hard/libc_nano.a
LOAD /home/tequilajohn/Ac6/SystemWorkbench/plugins/fr.ac6.mcu.externaltools.arm-none.linux64_1.17.0.201812190825/tools/compiler/bin/../lib/gcc/arm-none-eabi/7.3.1/../../../../arm-none-eabi/lib/thumb/v7e-m/fpv5/hard/libnosys.a
END GROUP
START GROUP
LOAD /home/tequilajohn/Ac6/SystemWorkbench/plugins/fr.ac6.mcu.externaltools.arm-none.linux64_1.17.0.201812190825/tools/compiler/bin/../lib/gcc/arm-none-eabi/7.3.1/thumb/v7e-m/fpv5/hard/libgcc.a
LOAD /home/tequilajohn/Ac6/SystemWorkbench/plugins/fr.ac6.mcu.externaltools.arm-none.linux64_1.17.0.201812190825/tools/compiler/bin/../lib/gcc/arm-none-eabi/7.3.1/../../../../arm-none-eabi/lib/thumb/v7e-m/fpv5/hard/libc_nano.a
LOAD /home/tequilajohn/Ac6/SystemWorkbench/plugins/fr.ac6.mcu.externaltools.arm-none.linux64_1.17.0.201812190825/tools/compiler/bin/../lib/gcc/arm-none-eabi/7.3.1/../../../../arm-none-eabi/lib/thumb/v7e-m/fpv5/hard/libnosys.a
END GROUP
LOAD /home/tequilajohn/Ac6/SystemWorkbench/plugins/fr.ac6.mcu.externaltools.arm-none.linux64_1.17.0.201812190825/tools/compiler/bin/../lib/gcc/arm-none-eabi/7.3.1/thumb/v7e-m/fpv5/hard/crtend.o
LOAD /home/tequilajohn/Ac6/SystemWorkbench/plugins/fr.ac6.mcu.externaltools.arm-none.linux64_1.17.0.201812190825/tools/compiler/bin/../lib/gcc/arm-none-eabi/7.3.1/thumb/v7e-m/fpv5/hard/crtn.o
                0x0000000020020000                _estack = 0x20020000
                0x0000000000000200                _Min_Heap_Size = 0x200
                0x0000000000000400                _Min_Stack_Size = 0x400

.isr_vector     0x0000000008000000      0x298
                0x0000000008000000                . = ALIGN (0x4)
 *(.isr_vector)
 .isr_vector    0x0000000008000000      0x298 startup/startup_stm32h743xx.o
                0x0000000008000000                g_pfnVectors
                0x0000000008000298                . = ALIGN (0x4)

.text           0x00000000080002a0     0x8238
                0x00000000080002a0                . = ALIGN (0x4)
 *(.text)
 .text          0x00000000080002a0       0x40 /home/tequilajohn/Ac6/SystemWorkbench/plugins/fr.ac6.mcu.externaltools.arm-none.linux64_1.17.0.201812190825/tools/compiler/bin/../lib/gcc/arm-none-eabi/7.3.1/thumb/v7e-m/fpv5/hard/crtbegin.o
 *(.text*)
 .text.HAL_Init
                0x00000000080002e0       0x5c Drivers/STM32H7xx_HAL_Driver/Src/stm32h7xx_hal.o
                0x00000000080002e0                HAL_Init
 .text.HAL_GetREVID
                0x000000000800033c        0xc Drivers/STM32H7xx_HAL_Driver/Src/stm32h7xx_hal.o
                0x000000000800033c                HAL_GetREVID
 .text.HAL_NVIC_SetPriorityGrouping
                0x0000000008000348       0x24 Drivers/STM32H7xx_HAL_Driver/Src/stm32h7xx_hal_cortex.o
                0x0000000008000348                HAL_NVIC_SetPriorityGrouping
 .text.HAL_NVIC_SetPriority
                0x000000000800036c       0x64 Drivers/STM32H7xx_HAL_Driver/Src/stm32h7xx_hal_cortex.o
                0x000000000800036c                HAL_NVIC_SetPriority
 .text.HAL_NVIC_EnableIRQ
                0x00000000080003d0       0x1c Drivers/STM32H7xx_HAL_Driver/Src/stm32h7xx_hal_cortex.o
                0x00000000080003d0                HAL_NVIC_EnableIRQ
 .text.FDCAN_CalcultateRamBlockAddresses
                0x00000000080003ec      0x1d4 Drivers/STM32H7xx_HAL_Driver/Src/stm32h7xx_hal_fdcan.o
 .text.FDCAN_CopyMessageToRAM
                0x00000000080005c0       0x80 Drivers/STM32H7xx_HAL_Driver/Src/stm32h7xx_hal_fdcan.o
 .text.HAL_FDCAN_Init
                0x0000000008000640      0x294 Drivers/STM32H7xx_HAL_Driver/Src/stm32h7xx_hal_fdcan.o
                0x0000000008000640                HAL_FDCAN_Init
 .text.HAL_FDCAN_ConfigFilter
                0x00000000080008d4       0x86 Drivers/STM32H7xx_HAL_Driver/Src/stm32h7xx_hal_fdcan.o
                0x00000000080008d4                HAL_FDCAN_ConfigFilter
 .text.HAL_FDCAN_ConfigTxDelayCompensation
                0x000000000800095a       0x26 Drivers/STM32H7xx_HAL_Driver/Src/stm32h7xx_hal_fdcan.o
                0x000000000800095a                HAL_FDCAN_ConfigTxDelayCompensation
 .text.HAL_FDCAN_EnableTxDelayCompensation
                0x0000000008000980       0x28 Drivers/STM32H7xx_HAL_Driver/Src/stm32h7xx_hal_fdcan.o
                0x0000000008000980                HAL_FDCAN_EnableTxDelayCompensation
 .text.HAL_FDCAN_Start
                0x00000000080009a8       0x34 Drivers/STM32H7xx_HAL_Driver/Src/stm32h7xx_hal_fdcan.o
                0x00000000080009a8                HAL_FDCAN_Start
 .text.HAL_FDCAN_AddMessageToTxFifoQ
                0x00000000080009dc       0x74 Drivers/STM32H7xx_HAL_Driver/Src/stm32h7xx_hal_fdcan.o
                0x00000000080009dc                HAL_FDCAN_AddMessageToTxFifoQ
 .text.HAL_FDCAN_GetLatestTxFifoQRequestBuffer
                0x0000000008000a50        0x6 Drivers/STM32H7xx_HAL_Driver/Src/stm32h7xx_hal_fdcan.o
                0x0000000008000a50                HAL_FDCAN_GetLatestTxFifoQRequestBuffer
 *fill*         0x0000000008000a56        0x2 
 .text.HAL_FDCAN_GetRxMessage
                0x0000000008000a58      0x1bc Drivers/STM32H7xx_HAL_Driver/Src/stm32h7xx_hal_fdcan.o
                0x0000000008000a58                HAL_FDCAN_GetRxMessage
 .text.HAL_FDCAN_IsTxBufferMessagePending
                0x0000000008000c14       0x12 Drivers/STM32H7xx_HAL_Driver/Src/stm32h7xx_hal_fdcan.o
                0x0000000008000c14                HAL_FDCAN_IsTxBufferMessagePending
 .text.HAL_FDCAN_GetRxFifoFillLevel
                0x0000000008000c26       0x1c Drivers/STM32H7xx_HAL_Driver/Src/stm32h7xx_hal_fdcan.o
                0x0000000008000c26                HAL_FDCAN_GetRxFifoFillLevel
 *fill*         0x0000000008000c42        0x2 
 .text.HAL_FDCAN_ActivateNotification
                0x0000000008000c44       0x90 Drivers/STM32H7xx_HAL_Driver/Src/stm32h7xx_hal_fdcan.o
                0x0000000008000c44                HAL_FDCAN_ActivateNotification
 .text.HAL_FDCAN_ClockCalibrationCallback
                0x0000000008000cd4        0x2 Drivers/STM32H7xx_HAL_Driver/Src/stm32h7xx_hal_fdcan.o
                0x0000000008000cd4                HAL_FDCAN_ClockCalibrationCallback
 .text.HAL_FDCAN_TxEventFifoCallback
                0x0000000008000cd6        0x2 Drivers/STM32H7xx_HAL_Driver/Src/stm32h7xx_hal_fdcan.o
                0x0000000008000cd6                HAL_FDCAN_TxEventFifoCallback
 .text.HAL_FDCAN_RxFifo1Callback
                0x0000000008000cd8        0x2 Drivers/STM32H7xx_HAL_Driver/Src/stm32h7xx_hal_fdcan.o
                0x0000000008000cd8                HAL_FDCAN_RxFifo1Callback
 .text.HAL_FDCAN_TxBufferCompleteCallback
                0x0000000008000cda        0x2 Drivers/STM32H7xx_HAL_Driver/Src/stm32h7xx_hal_fdcan.o
                0x0000000008000cda                HAL_FDCAN_TxBufferCompleteCallback
 .text.HAL_FDCAN_TxBufferAbortCallback
                0x0000000008000cdc        0x2 Drivers/STM32H7xx_HAL_Driver/Src/stm32h7xx_hal_fdcan.o
                0x0000000008000cdc                HAL_FDCAN_TxBufferAbortCallback
 .text.HAL_FDCAN_TimestampWraparoundCallback
                0x0000000008000cde        0x2 Drivers/STM32H7xx_HAL_Driver/Src/stm32h7xx_hal_fdcan.o
                0x0000000008000cde                HAL_FDCAN_TimestampWraparoundCallback
 .text.HAL_FDCAN_TimeoutOccurredCallback
                0x0000000008000ce0        0x2 Drivers/STM32H7xx_HAL_Driver/Src/stm32h7xx_hal_fdcan.o
                0x0000000008000ce0                HAL_FDCAN_TimeoutOccurredCallback
 .text.HAL_FDCAN_HighPriorityMessageCallback
                0x0000000008000ce2        0x2 Drivers/STM32H7xx_HAL_Driver/Src/stm32h7xx_hal_fdcan.o
                0x0000000008000ce2                HAL_FDCAN_HighPriorityMessageCallback
 .text.HAL_FDCAN_ErrorStatusCallback
                0x0000000008000ce4        0x2 Drivers/STM32H7xx_HAL_Driver/Src/stm32h7xx_hal_fdcan.o
                0x0000000008000ce4                HAL_FDCAN_ErrorStatusCallback
 .text.HAL_FDCAN_TT_ScheduleSyncCallback
                0x0000000008000ce6        0x2 Drivers/STM32H7xx_HAL_Driver/Src/stm32h7xx_hal_fdcan.o
                0x0000000008000ce6                HAL_FDCAN_TT_ScheduleSyncCallback
 .text.HAL_FDCAN_TT_TimeMarkCallback
                0x0000000008000ce8        0x2 Drivers/STM32H7xx_HAL_Driver/Src/stm32h7xx_hal_fdcan.o
                0x0000000008000ce8                HAL_FDCAN_TT_TimeMarkCallback
 .text.HAL_FDCAN_TT_StopWatchCallback
                0x0000000008000cea        0x2 Drivers/STM32H7xx_HAL_Driver/Src/stm32h7xx_hal_fdcan.o
                0x0000000008000cea                HAL_FDCAN_TT_StopWatchCallback
 .text.HAL_FDCAN_TT_GlobalTimeCallback
                0x0000000008000cec        0x2 Drivers/STM32H7xx_HAL_Driver/Src/stm32h7xx_hal_fdcan.o
                0x0000000008000cec                HAL_FDCAN_TT_GlobalTimeCallback
 *fill*         0x0000000008000cee        0x2 
 .text.HAL_FDCAN_IRQHandler
                0x0000000008000cf0      0x32c Drivers/STM32H7xx_HAL_Driver/Src/stm32h7xx_hal_fdcan.o
                0x0000000008000cf0                HAL_FDCAN_IRQHandler
 .text.HAL_GPIO_Init
                0x000000000800101c      0x1e0 Drivers/STM32H7xx_HAL_Driver/Src/stm32h7xx_hal_gpio.o
                0x000000000800101c                HAL_GPIO_Init
 .text.HAL_GPIO_WritePin
                0x00000000080011fc        0xc Drivers/STM32H7xx_HAL_Driver/Src/stm32h7xx_hal_gpio.o
                0x00000000080011fc                HAL_GPIO_WritePin
 .text.HAL_GPIO_TogglePin
                0x0000000008001208       0x12 Drivers/STM32H7xx_HAL_Driver/Src/stm32h7xx_hal_gpio.o
                0x0000000008001208                HAL_GPIO_TogglePin
 *fill*         0x000000000800121a        0x2 
 .text.HAL_PWREx_ConfigSupply
                0x000000000800121c       0x54 Drivers/STM32H7xx_HAL_Driver/Src/stm32h7xx_hal_pwr_ex.o
                0x000000000800121c                HAL_PWREx_ConfigSupply
 .text.HAL_RCC_OscConfig
                0x0000000008001270      0x648 Drivers/STM32H7xx_HAL_Driver/Src/stm32h7xx_hal_rcc.o
                0x0000000008001270                HAL_RCC_OscConfig
 .text.HAL_RCC_GetSysClockFreq
                0x00000000080018b8      0x1ec Drivers/STM32H7xx_HAL_Driver/Src/stm32h7xx_hal_rcc.o
                0x00000000080018b8                HAL_RCC_GetSysClockFreq
 .text.HAL_RCC_ClockConfig
                0x0000000008001aa4      0x294 Drivers/STM32H7xx_HAL_Driver/Src/stm32h7xx_hal_rcc.o
                0x0000000008001aa4                HAL_RCC_ClockConfig
 .text.HAL_RCC_GetHCLKFreq
                0x0000000008001d38       0x44 Drivers/STM32H7xx_HAL_Driver/Src/stm32h7xx_hal_rcc.o
                0x0000000008001d38                HAL_RCC_GetHCLKFreq
 .text.HAL_RCC_GetPCLK2Freq
                0x0000000008001d7c       0x24 Drivers/STM32H7xx_HAL_Driver/Src/stm32h7xx_hal_rcc.o
                0x0000000008001d7c                HAL_RCC_GetPCLK2Freq
 .text.HAL_RCC_GetClockConfig
                0x0000000008001da0       0x54 Drivers/STM32H7xx_HAL_Driver/Src/stm32h7xx_hal_rcc.o
                0x0000000008001da0                HAL_RCC_GetClockConfig
 .text.RCCEx_PLL2_Config
                0x0000000008001df4      0x10c Drivers/STM32H7xx_HAL_Driver/Src/stm32h7xx_hal_rcc_ex.o
 .text.RCCEx_PLL3_Config
                0x0000000008001f00      0x10c Drivers/STM32H7xx_HAL_Driver/Src/stm32h7xx_hal_rcc_ex.o
 .text.HAL_RCCEx_PeriphCLKConfig
                0x000000000800200c      0x938 Drivers/STM32H7xx_HAL_Driver/Src/stm32h7xx_hal_rcc_ex.o
                0x000000000800200c                HAL_RCCEx_PeriphCLKConfig
 .text.TIM_TI1_ConfigInputStage
                0x0000000008002944       0x26 Drivers/STM32H7xx_HAL_Driver/Src/stm32h7xx_hal_tim.o
 .text.TIM_TI2_ConfigInputStage
                0x000000000800296a       0x28 Drivers/STM32H7xx_HAL_Driver/Src/stm32h7xx_hal_tim.o
 *fill*         0x0000000008002992        0x2 
 .text.TIM_ITRx_SetConfig
                0x0000000008002994       0x14 Drivers/STM32H7xx_HAL_Driver/Src/stm32h7xx_hal_tim.o
 .text.HAL_TIM_Base_MspInit
                0x00000000080029a8        0x2 Drivers/STM32H7xx_HAL_Driver/Src/stm32h7xx_hal_tim.o
                0x00000000080029a8                HAL_TIM_Base_MspInit
 *fill*         0x00000000080029aa        0x2 
 .text.HAL_TIM_Base_Start
                0x00000000080029ac       0x3c Drivers/STM32H7xx_HAL_Driver/Src/stm32h7xx_hal_tim.o
                0x00000000080029ac                HAL_TIM_Base_Start
 .text.HAL_TIM_Base_Start_IT
                0x00000000080029e8       0x44 Drivers/STM32H7xx_HAL_Driver/Src/stm32h7xx_hal_tim.o
                0x00000000080029e8                HAL_TIM_Base_Start_IT
 .text.HAL_TIM_OC_DelayElapsedCallback
                0x0000000008002a2c        0x2 Drivers/STM32H7xx_HAL_Driver/Src/stm32h7xx_hal_tim.o
                0x0000000008002a2c                HAL_TIM_OC_DelayElapsedCallback
 .text.HAL_TIM_IC_CaptureCallback
                0x0000000008002a2e        0x2 Drivers/STM32H7xx_HAL_Driver/Src/stm32h7xx_hal_tim.o
                0x0000000008002a2e                HAL_TIM_IC_CaptureCallback
 .text.HAL_TIM_PWM_PulseFinishedCallback
                0x0000000008002a30        0x2 Drivers/STM32H7xx_HAL_Driver/Src/stm32h7xx_hal_tim.o
                0x0000000008002a30                HAL_TIM_PWM_PulseFinishedCallback
 .text.HAL_TIM_TriggerCallback
                0x0000000008002a32        0x2 Drivers/STM32H7xx_HAL_Driver/Src/stm32h7xx_hal_tim.o
                0x0000000008002a32                HAL_TIM_TriggerCallback
 .text.HAL_TIM_IRQHandler
                0x0000000008002a34      0x19a Drivers/STM32H7xx_HAL_Driver/Src/stm32h7xx_hal_tim.o
                0x0000000008002a34                HAL_TIM_IRQHandler
 *fill*         0x0000000008002bce        0x2 
 .text.TIM_Base_SetConfig
                0x0000000008002bd0      0x100 Drivers/STM32H7xx_HAL_Driver/Src/stm32h7xx_hal_tim.o
                0x0000000008002bd0                TIM_Base_SetConfig
 .text.HAL_TIM_Base_Init
                0x0000000008002cd0       0x5e Drivers/STM32H7xx_HAL_Driver/Src/stm32h7xx_hal_tim.o
                0x0000000008002cd0                HAL_TIM_Base_Init
 *fill*         0x0000000008002d2e        0x2 
 .text.HAL_TIM_Encoder_Init
                0x0000000008002d30       0xb0 Drivers/STM32H7xx_HAL_Driver/Src/stm32h7xx_hal_tim.o
                0x0000000008002d30                HAL_TIM_Encoder_Init
 .text.TIM_ETR_SetConfig
                0x0000000008002de0       0x18 Drivers/STM32H7xx_HAL_Driver/Src/stm32h7xx_hal_tim.o
                0x0000000008002de0                TIM_ETR_SetConfig
 .text.HAL_TIM_ConfigClockSource
                0x0000000008002df8      0x100 Drivers/STM32H7xx_HAL_Driver/Src/stm32h7xx_hal_tim.o
                0x0000000008002df8                HAL_TIM_ConfigClockSource
 .text.HAL_TIMEx_MasterConfigSynchronization
                0x0000000008002ef8       0x98 Drivers/STM32H7xx_HAL_Driver/Src/stm32h7xx_hal_tim_ex.o
                0x0000000008002ef8                HAL_TIMEx_MasterConfigSynchronization
 .text.HAL_TIMEx_CommutCallback
                0x0000000008002f90        0x2 Drivers/STM32H7xx_HAL_Driver/Src/stm32h7xx_hal_tim_ex.o
                0x0000000008002f90                HAL_TIMEx_CommutCallback
 .text.HAL_TIMEx_BreakCallback
                0x0000000008002f92        0x2 Drivers/STM32H7xx_HAL_Driver/Src/stm32h7xx_hal_tim_ex.o
                0x0000000008002f92                HAL_TIMEx_BreakCallback
 .text.HAL_TIMEx_Break2Callback
                0x0000000008002f94        0x2 Drivers/STM32H7xx_HAL_Driver/Src/stm32h7xx_hal_tim_ex.o
                0x0000000008002f94                HAL_TIMEx_Break2Callback
 *fill*         0x0000000008002f96        0x2 
 .text._ZN7NANOTECC2EP5FDCANhfffmfb
                0x0000000008002f98       0x50 Libraries/Devices/NANOTEC/NANOTEC.o
                0x0000000008002f98                NANOTEC::NANOTEC(FDCAN*, unsigned char, float, float, float, unsigned long, float, bool)
                0x0000000008002f98                NANOTEC::NANOTEC(FDCAN*, unsigned char, float, float, float, unsigned long, float, bool)
 .text._ZN7NANOTEC9ResetNodeEv
                0x0000000008002fe8       0x64 Libraries/Devices/NANOTEC/NANOTEC.o
                0x0000000008002fe8                NANOTEC::ResetNode()
 .text._ZN7NANOTEC12ActivateNodeEv
                0x000000000800304c       0x58 Libraries/Devices/NANOTEC/NANOTEC.o
                0x000000000800304c                NANOTEC::ActivateNode()
 .text._ZN7NANOTEC17SetTorqueSettingsEv
                0x00000000080030a4       0xd4 Libraries/Devices/NANOTEC/NANOTEC.o
                0x00000000080030a4                NANOTEC::SetTorqueSettings()
 .text._ZN7NANOTEC17GetEncoderBootRawEv
                0x0000000008003178       0x20 Libraries/Devices/NANOTEC/NANOTEC.o
                0x0000000008003178                NANOTEC::GetEncoderBootRaw()
 .text._ZN7NANOTEC15SetEncoderUnitsEv
                0x0000000008003198       0x3c Libraries/Devices/NANOTEC/NANOTEC.o
                0x0000000008003198                NANOTEC::SetEncoderUnits()
 .text._ZN7NANOTEC19GetEncoderUnitsBootEv
                0x00000000080031d4       0x32 Libraries/Devices/NANOTEC/NANOTEC.o
                0x00000000080031d4                NANOTEC::GetEncoderUnitsBoot()
 .text._ZN7NANOTEC9ExitFaultEv
                0x0000000008003206       0x32 Libraries/Devices/NANOTEC/NANOTEC.o
                0x0000000008003206                NANOTEC::ExitFault()
 .text._ZN7NANOTEC14DeactivatePDOsEv
                0x0000000008003238       0xc4 Libraries/Devices/NANOTEC/NANOTEC.o
                0x0000000008003238                NANOTEC::DeactivatePDOs()
 .text._ZN7NANOTEC10ResetFaultEv
                0x00000000080032fc       0x32 Libraries/Devices/NANOTEC/NANOTEC.o
                0x00000000080032fc                NANOTEC::ResetFault()
 .text._ZN7NANOTEC18PreoperationalNodeEv
                0x000000000800332e       0x64 Libraries/Devices/NANOTEC/NANOTEC.o
                0x000000000800332e                NANOTEC::PreoperationalNode()
 .text._ZN7NANOTEC12ActivatePDOsEv
                0x0000000008003392       0x72 Libraries/Devices/NANOTEC/NANOTEC.o
                0x0000000008003392                NANOTEC::ActivatePDOs()
 .text._ZN7NANOTEC13ConfigurePDOSEv
                0x0000000008003404      0x15c Libraries/Devices/NANOTEC/NANOTEC.o
                0x0000000008003404                NANOTEC::ConfigurePDOS()
 .text._ZN7NANOTEC9SetTorqueEf
                0x0000000008003560       0x6c Libraries/Devices/NANOTEC/NANOTEC.o
                0x0000000008003560                NANOTEC::SetTorque(float)
 .text._ZN7NANOTEC13GetStatusWordEPt
                0x00000000080035cc       0x1c Libraries/Devices/NANOTEC/NANOTEC.o
                0x00000000080035cc                NANOTEC::GetStatusWord(unsigned short*)
 .text._ZN7NANOTEC20ActivateStateMachineEv
                0x00000000080035e8       0x74 Libraries/Devices/NANOTEC/NANOTEC.o
                0x00000000080035e8                NANOTEC::ActivateStateMachine()
 .text._ZN7NANOTEC9ConfigureEv
                0x000000000800365c       0x64 Libraries/Devices/NANOTEC/NANOTEC.o
                0x000000000800365c                NANOTEC::Configure()
 .text._ZN7NANOTEC13GetEncoderRawEv
                0x00000000080036c0       0x20 Libraries/Devices/NANOTEC/NANOTEC.o
                0x00000000080036c0                NANOTEC::GetEncoderRaw()
 .text._ZN7NANOTEC8GetAngleEv
                0x00000000080036e0       0x2e Libraries/Devices/NANOTEC/NANOTEC.o
                0x00000000080036e0                NANOTEC::GetAngle()
 .text._Z5delaym
                0x000000000800370e        0x8 Libraries/Devices/NANOTEC/NANOTEC_Bus.o
                0x000000000800370e                delay(unsigned long)
 .text._ZN15NANOTEC_CANOpen7lowByteEt
                0x0000000008003716        0x4 Libraries/Devices/NANOTEC/NANOTEC_Bus.o
                0x0000000008003716                NANOTEC_CANOpen::lowByte(unsigned short)
 .text._ZN15NANOTEC_CANOpen8highByteEt
                0x000000000800371a        0x4 Libraries/Devices/NANOTEC/NANOTEC_Bus.o
                0x000000000800371a                NANOTEC_CANOpen::highByte(unsigned short)
 .text._ZN15NANOTEC_CANOpen11readRequestEhth
                0x000000000800371e       0x46 Libraries/Devices/NANOTEC/NANOTEC_Bus.o
                0x000000000800371e                NANOTEC_CANOpen::readRequest(unsigned char, unsigned short, unsigned char)
 .text._ZN15NANOTEC_CANOpen9waitReplyEhthm
                0x0000000008003764       0xa6 Libraries/Devices/NANOTEC/NANOTEC_Bus.o
                0x0000000008003764                NANOTEC_CANOpen::waitReply(unsigned char, unsigned short, unsigned char, unsigned long)
 .text._ZN15NANOTEC_CANOpen13writeRegisterEhthh
                0x000000000800380a       0x5a Libraries/Devices/NANOTEC/NANOTEC_Bus.o
                0x000000000800380a                NANOTEC_CANOpen::writeRegister(unsigned char, unsigned short, unsigned char, unsigned char)
 .text._ZN15NANOTEC_CANOpen13writeRegisterEhtha
                0x0000000008003864       0x5a Libraries/Devices/NANOTEC/NANOTEC_Bus.o
                0x0000000008003864                NANOTEC_CANOpen::writeRegister(unsigned char, unsigned short, unsigned char, signed char)
 .text._ZN15NANOTEC_CANOpen13writeRegisterEhtht
                0x00000000080038be       0x60 Libraries/Devices/NANOTEC/NANOTEC_Bus.o
                0x00000000080038be                NANOTEC_CANOpen::writeRegister(unsigned char, unsigned short, unsigned char, unsigned short)
 .text._ZN15NANOTEC_CANOpen13writeRegisterEhths
                0x000000000800391e       0x62 Libraries/Devices/NANOTEC/NANOTEC_Bus.o
                0x000000000800391e                NANOTEC_CANOpen::writeRegister(unsigned char, unsigned short, unsigned char, short)
 .text._ZN15NANOTEC_CANOpen13writeRegisterEhthm
                0x0000000008003980       0x64 Libraries/Devices/NANOTEC/NANOTEC_Bus.o
                0x0000000008003980                NANOTEC_CANOpen::writeRegister(unsigned char, unsigned short, unsigned char, unsigned long)
 .text._ZN15NANOTEC_CANOpen9waitReplyEhthmPt
                0x00000000080039e4       0xb6 Libraries/Devices/NANOTEC/NANOTEC_Bus.o
                0x00000000080039e4                NANOTEC_CANOpen::waitReply(unsigned char, unsigned short, unsigned char, unsigned long, unsigned short*)
 .text._ZN15NANOTEC_CANOpen12readRegisterEhthPt
                0x0000000008003a9a       0x3a Libraries/Devices/NANOTEC/NANOTEC_Bus.o
                0x0000000008003a9a                NANOTEC_CANOpen::readRegister(unsigned char, unsigned short, unsigned char, unsigned short*)
 .text._ZN15NANOTEC_CANOpen9waitReplyEhthmPm
                0x0000000008003ad4       0xc6 Libraries/Devices/NANOTEC/NANOTEC_Bus.o
                0x0000000008003ad4                NANOTEC_CANOpen::waitReply(unsigned char, unsigned short, unsigned char, unsigned long, unsigned long*)
 .text._ZN15NANOTEC_CANOpen12readRegisterEhthPm
                0x0000000008003b9a       0x28 Libraries/Devices/NANOTEC/NANOTEC_Bus.o
                0x0000000008003b9a                NANOTEC_CANOpen::readRegister(unsigned char, unsigned short, unsigned char, unsigned long*)
 .text._ZN15NANOTEC_CANOpen9waitReplyEhthmPl
                0x0000000008003bc2       0xc8 Libraries/Devices/NANOTEC/NANOTEC_Bus.o
                0x0000000008003bc2                NANOTEC_CANOpen::waitReply(unsigned char, unsigned short, unsigned char, unsigned long, long*)
 .text._ZN15NANOTEC_CANOpen12readRegisterEhthPl
                0x0000000008003c8a       0x28 Libraries/Devices/NANOTEC/NANOTEC_Bus.o
                0x0000000008003c8a                NANOTEC_CANOpen::readRegister(unsigned char, unsigned short, unsigned char, long*)
 .text._ZN15NANOTEC_CANOpen9waitForIdEtbm
                0x0000000008003cb2       0x68 Libraries/Devices/NANOTEC/NANOTEC_Bus.o
                0x0000000008003cb2                NANOTEC_CANOpen::waitForId(unsigned short, bool, unsigned long)
 *fill*         0x0000000008003d1a        0x2 
 .text._ZN5FDCAN14InitPeripheralEv
                0x0000000008003d1c      0x16c Libraries/Periphirals/FDCAN/FDCAN.o
                0x0000000008003d1c                FDCAN::InitPeripheral()
 .text._ZN5FDCAN19ConfigurePeripheralEv
                0x0000000008003e88      0x1b0 Libraries/Periphirals/FDCAN/FDCAN.o
                0x0000000008003e88                FDCAN::ConfigurePeripheral()
 .text._ZN5FDCANC2Ev
                0x0000000008004038       0x20 Libraries/Periphirals/FDCAN/FDCAN.o
                0x0000000008004038                FDCAN::FDCAN()
                0x0000000008004038                FDCAN::FDCAN()
 .text._ZN5FDCAN14GetRxFiFoLevelEv
                0x0000000008004058        0xe Libraries/Periphirals/FDCAN/FDCAN.o
                0x0000000008004058                FDCAN::GetRxFiFoLevel()
 .text._ZN5FDCAN14WriteDummyDataEh
                0x0000000008004066       0x88 Libraries/Periphirals/FDCAN/FDCAN.o
                0x0000000008004066                FDCAN::WriteDummyData(unsigned char)
 .text._ZN5FDCAN12WriteMessageEmhhhhhhhhh
                0x00000000080040ee      0x106 Libraries/Periphirals/FDCAN/FDCAN.o
                0x00000000080040ee                FDCAN::WriteMessage(unsigned long, unsigned char, unsigned char, unsigned char, unsigned char, unsigned char, unsigned char, unsigned char, unsigned char, unsigned char)
 .text._ZN5FDCAN4ReadEP21FDCAN_RxHeaderTypeDefPh
                0x00000000080041f4       0x56 Libraries/Periphirals/FDCAN/FDCAN.o
                0x00000000080041f4                FDCAN::Read(FDCAN_RxHeaderTypeDef*, unsigned char*)
 .text._ZN5FDCAN4ReadEv
                0x000000000800424a       0x54 Libraries/Periphirals/FDCAN/FDCAN.o
                0x000000000800424a                FDCAN::Read()
 .text._ZN5FDCAN19FiFoLatestTxRequestEv
                0x000000000800429e        0xc Libraries/Periphirals/FDCAN/FDCAN.o
                0x000000000800429e                FDCAN::FiFoLatestTxRequest()
 .text._ZN5FDCAN9isPendingEm
                0x00000000080042aa        0xc Libraries/Periphirals/FDCAN/FDCAN.o
                0x00000000080042aa                FDCAN::isPending(unsigned long)
 *fill*         0x00000000080042b6        0x2 
 .text.FDCAN1_IT0_IRQHandler
                0x00000000080042b8       0x14 Libraries/Periphirals/FDCAN/FDCAN.o
                0x00000000080042b8                FDCAN1_IT0_IRQHandler
 .text.FDCAN1_IT1_IRQHandler
                0x00000000080042cc       0x14 Libraries/Periphirals/FDCAN/FDCAN.o
                0x00000000080042cc                FDCAN1_IT1_IRQHandler
 .text.HAL_FDCAN_RxFifo0Callback
                0x00000000080042e0       0x48 Libraries/Periphirals/FDCAN/FDCAN.o
                0x00000000080042e0                HAL_FDCAN_RxFifo0Callback
 .text.HAL_FDCAN_RxBufferNewMessageCallback
                0x0000000008004328       0x48 Libraries/Periphirals/FDCAN/FDCAN.o
                0x0000000008004328                HAL_FDCAN_RxBufferNewMessageCallback
 .text.HAL_FDCAN_TxFifoEmptyCallback
                0x0000000008004370       0x48 Libraries/Periphirals/FDCAN/FDCAN.o
                0x0000000008004370                HAL_FDCAN_TxFifoEmptyCallback
 .text.HAL_FDCAN_ErrorCallback
                0x00000000080043b8       0x48 Libraries/Periphirals/FDCAN/FDCAN.o
                0x00000000080043b8                HAL_FDCAN_ErrorCallback
 .text._ZN5Timer24ConfigureTimerPeripheralEv
                0x0000000008004400      0x1ac Libraries/Periphirals/Timer/Timer.o
                0x0000000008004400                Timer::ConfigureTimerPeripheral()
 .text._ZN5TimerC2ENS_7timer_tEm
                0x00000000080045ac       0xd4 Libraries/Periphirals/Timer/Timer.o
                0x00000000080045ac                Timer::Timer(Timer::timer_t, unsigned long)
                0x00000000080045ac                Timer::Timer(Timer::timer_t, unsigned long)
 .text._ZN5Timer3GetEv
                0x0000000008004680       0x12 Libraries/Periphirals/Timer/Timer.o
                0x0000000008004680                Timer::Get()
 .text._ZN5Timer7GetTimeEv
                0x0000000008004692       0x20 Libraries/Periphirals/Timer/Timer.o
                0x0000000008004692                Timer::GetTime()
 .text._ZN5Timer12GetDeltaTimeEm
                0x00000000080046b2       0x3c Libraries/Periphirals/Timer/Timer.o
                0x00000000080046b2                Timer::GetDeltaTime(unsigned long)
 *fill*         0x00000000080046ee        0x2 
 .text._ZN5Timer16InterruptHandlerEPNS_19hardware_resource_tE
                0x00000000080046f0       0x68 Libraries/Periphirals/Timer/Timer.o
                0x00000000080046f0                Timer::InterruptHandler(Timer::hardware_resource_t*)
 .text.TIM6_DAC_IRQHandler
                0x0000000008004758       0x20 Libraries/Periphirals/Timer/Timer.o
                0x0000000008004758                TIM6_DAC_IRQHandler
 .text.TIM7_IRQHandler
                0x0000000008004778       0x20 Libraries/Periphirals/Timer/Timer.o
                0x0000000008004778                TIM7_IRQHandler
 .text.TIM8_BRK_TIM12_IRQHandler
                0x0000000008004798       0x20 Libraries/Periphirals/Timer/Timer.o
                0x0000000008004798                TIM8_BRK_TIM12_IRQHandler
 .text.TIM8_UP_TIM13_IRQHandler
                0x00000000080047b8       0x20 Libraries/Periphirals/Timer/Timer.o
                0x00000000080047b8                TIM8_UP_TIM13_IRQHandler
 .text.osKernelStart
                0x00000000080047d8        0xa Middlewares/Third_Party/FreeRTOS/Source/CMSIS_RTOS/cmsis_os.o
                0x00000000080047d8                osKernelStart
 .text.osDelay  0x00000000080047e2       0x12 Middlewares/Third_Party/FreeRTOS/Source/CMSIS_RTOS/cmsis_os.o
                0x00000000080047e2                osDelay
 .text.vListInitialise
                0x00000000080047f4       0x16 Middlewares/Third_Party/FreeRTOS/Source/list.o
                0x00000000080047f4                vListInitialise
 .text.vListInitialiseItem
                0x000000000800480a        0x6 Middlewares/Third_Party/FreeRTOS/Source/list.o
                0x000000000800480a                vListInitialiseItem
 .text.vListInsertEnd
                0x0000000008004810       0x18 Middlewares/Third_Party/FreeRTOS/Source/list.o
                0x0000000008004810                vListInsertEnd
 .text.vListInsert
                0x0000000008004828       0x34 Middlewares/Third_Party/FreeRTOS/Source/list.o
                0x0000000008004828                vListInsert
 .text.uxListRemove
                0x000000000800485c       0x28 Middlewares/Third_Party/FreeRTOS/Source/list.o
                0x000000000800485c                uxListRemove
 .text.prvGetDisinheritPriorityAfterTimeout
                0x0000000008004884       0x12 Middlewares/Third_Party/FreeRTOS/Source/queue.o
 .text.prvIsQueueFull
                0x0000000008004896       0x1e Middlewares/Third_Party/FreeRTOS/Source/queue.o
 .text.prvIsQueueEmpty
                0x00000000080048b4       0x1a Middlewares/Third_Party/FreeRTOS/Source/queue.o
 .text.prvCopyDataToQueue
                0x00000000080048ce       0x76 Middlewares/Third_Party/FreeRTOS/Source/queue.o
 .text.prvCopyDataFromQueue
                0x0000000008004944       0x24 Middlewares/Third_Party/FreeRTOS/Source/queue.o
 .text.prvUnlockQueue
                0x0000000008004968       0x6e Middlewares/Third_Party/FreeRTOS/Source/queue.o
 *fill*         0x00000000080049d6        0x2 
 .text.xQueueGenericReset
                0x00000000080049d8       0x84 Middlewares/Third_Party/FreeRTOS/Source/queue.o
                0x00000000080049d8                xQueueGenericReset
 .text.prvInitialiseNewQueue
                0x0000000008004a5c       0x1c Middlewares/Third_Party/FreeRTOS/Source/queue.o
 .text.xQueueGenericCreateStatic
                0x0000000008004a78       0xa6 Middlewares/Third_Party/FreeRTOS/Source/queue.o
                0x0000000008004a78                xQueueGenericCreateStatic
 .text.xQueueGenericCreate
                0x0000000008004b1e       0x4e Middlewares/Third_Party/FreeRTOS/Source/queue.o
                0x0000000008004b1e                xQueueGenericCreate
 .text.xQueueGenericSend
                0x0000000008004b6c      0x17c Middlewares/Third_Party/FreeRTOS/Source/queue.o
                0x0000000008004b6c                xQueueGenericSend
 .text.xQueueGenericSendFromISR
                0x0000000008004ce8       0xcc Middlewares/Third_Party/FreeRTOS/Source/queue.o
                0x0000000008004ce8                xQueueGenericSendFromISR
 .text.xQueueGiveFromISR
                0x0000000008004db4       0xb2 Middlewares/Third_Party/FreeRTOS/Source/queue.o
                0x0000000008004db4                xQueueGiveFromISR
 *fill*         0x0000000008004e66        0x2 
 .text.xQueueReceive
                0x0000000008004e68      0x158 Middlewares/Third_Party/FreeRTOS/Source/queue.o
                0x0000000008004e68                xQueueReceive
 .text.xQueueSemaphoreTake
                0x0000000008004fc0      0x19c Middlewares/Third_Party/FreeRTOS/Source/queue.o
                0x0000000008004fc0                xQueueSemaphoreTake
 .text.uxQueueMessagesWaiting
                0x000000000800515c       0x26 Middlewares/Third_Party/FreeRTOS/Source/queue.o
                0x000000000800515c                uxQueueMessagesWaiting
 *fill*         0x0000000008005182        0x2 
 .text.vQueueAddToRegistry
                0x0000000008005184       0x28 Middlewares/Third_Party/FreeRTOS/Source/queue.o
                0x0000000008005184                vQueueAddToRegistry
 .text.vQueueWaitForMessageRestricted
                0x00000000080051ac       0x52 Middlewares/Third_Party/FreeRTOS/Source/queue.o
                0x00000000080051ac                vQueueWaitForMessageRestricted
 *fill*         0x00000000080051fe        0x2 
 .text.prvTaskIsTaskSuspended
                0x0000000008005200       0x3c Middlewares/Third_Party/FreeRTOS/Source/tasks.o
 .text.prvResetNextTaskUnblockTime
                0x000000000800523c       0x24 Middlewares/Third_Party/FreeRTOS/Source/tasks.o
 .text.prvInitialiseNewTask
                0x0000000008005260       0x8c Middlewares/Third_Party/FreeRTOS/Source/tasks.o
 .text.prvInitialiseTaskLists
                0x00000000080052ec       0x58 Middlewares/Third_Party/FreeRTOS/Source/tasks.o
 .text.prvAddNewTaskToReadyList
                0x0000000008005344       0xac Middlewares/Third_Party/FreeRTOS/Source/tasks.o
 .text.prvDeleteTCB
                0x00000000080053f0       0x38 Middlewares/Third_Party/FreeRTOS/Source/tasks.o
 .text.prvCheckTasksWaitingTermination
                0x0000000008005428       0x44 Middlewares/Third_Party/FreeRTOS/Source/tasks.o
 .text.prvIdleTask
                0x000000000800546c       0x28 Middlewares/Third_Party/FreeRTOS/Source/tasks.o
 .text.prvAddCurrentTaskToDelayedList
                0x0000000008005494       0x90 Middlewares/Third_Party/FreeRTOS/Source/tasks.o
 .text.xTaskCreateStatic
                0x0000000008005524       0x74 Middlewares/Third_Party/FreeRTOS/Source/tasks.o
                0x0000000008005524                xTaskCreateStatic
 .text.xTaskCreate
                0x0000000008005598       0x66 Middlewares/Third_Party/FreeRTOS/Source/tasks.o
                0x0000000008005598                xTaskCreate
 *fill*         0x00000000080055fe        0x2 
 .text.xTaskResumeFromISR
                0x0000000008005600       0xa0 Middlewares/Third_Party/FreeRTOS/Source/tasks.o
                0x0000000008005600                xTaskResumeFromISR
 .text.vTaskStartScheduler
                0x00000000080056a0       0x8c Middlewares/Third_Party/FreeRTOS/Source/tasks.o
                0x00000000080056a0                vTaskStartScheduler
 .text.vTaskSuspendAll
                0x000000000800572c       0x14 Middlewares/Third_Party/FreeRTOS/Source/tasks.o
                0x000000000800572c                vTaskSuspendAll
 .text.xTaskGetTickCount
                0x0000000008005740        0xc Middlewares/Third_Party/FreeRTOS/Source/tasks.o
                0x0000000008005740                xTaskGetTickCount
 .text.uxTaskGetNumberOfTasks
                0x000000000800574c        0xc Middlewares/Third_Party/FreeRTOS/Source/tasks.o
                0x000000000800574c                uxTaskGetNumberOfTasks
 .text.xTaskIncrementTick
                0x0000000008005758      0x10c Middlewares/Third_Party/FreeRTOS/Source/tasks.o
                0x0000000008005758                xTaskIncrementTick
 .text.xTaskResumeAll
                0x0000000008005864       0xf0 Middlewares/Third_Party/FreeRTOS/Source/tasks.o
                0x0000000008005864                xTaskResumeAll
 .text.vTaskDelayUntil
                0x0000000008005954       0xa4 Middlewares/Third_Party/FreeRTOS/Source/tasks.o
                0x0000000008005954                vTaskDelayUntil
 .text.vTaskDelay
                0x00000000080059f8       0x4c Middlewares/Third_Party/FreeRTOS/Source/tasks.o
                0x00000000080059f8                vTaskDelay
 .text.vTaskSwitchContext
                0x0000000008005a44       0x90 Middlewares/Third_Party/FreeRTOS/Source/tasks.o
                0x0000000008005a44                vTaskSwitchContext
 .text.vTaskPlaceOnEventList
                0x0000000008005ad4       0x34 Middlewares/Third_Party/FreeRTOS/Source/tasks.o
                0x0000000008005ad4                vTaskPlaceOnEventList
 .text.vTaskPlaceOnEventListRestricted
                0x0000000008005b08       0x3c Middlewares/Third_Party/FreeRTOS/Source/tasks.o
                0x0000000008005b08                vTaskPlaceOnEventListRestricted
 .text.xTaskRemoveFromEventList
                0x0000000008005b44       0x84 Middlewares/Third_Party/FreeRTOS/Source/tasks.o
                0x0000000008005b44                xTaskRemoveFromEventList
 .text.vTaskInternalSetTimeOutState
                0x0000000008005bc8       0x14 Middlewares/Third_Party/FreeRTOS/Source/tasks.o
                0x0000000008005bc8                vTaskInternalSetTimeOutState
 .text.xTaskCheckForTimeOut
                0x0000000008005bdc       0x80 Middlewares/Third_Party/FreeRTOS/Source/tasks.o
                0x0000000008005bdc                xTaskCheckForTimeOut
 .text.vTaskMissedYield
                0x0000000008005c5c       0x10 Middlewares/Third_Party/FreeRTOS/Source/tasks.o
                0x0000000008005c5c                vTaskMissedYield
 .text.xTaskGetSchedulerState
                0x0000000008005c6c       0x20 Middlewares/Third_Party/FreeRTOS/Source/tasks.o
                0x0000000008005c6c                xTaskGetSchedulerState
 .text.xTaskPriorityInherit
                0x0000000008005c8c       0xc4 Middlewares/Third_Party/FreeRTOS/Source/tasks.o
                0x0000000008005c8c                xTaskPriorityInherit
 .text.xTaskPriorityDisinherit
                0x0000000008005d50       0xb0 Middlewares/Third_Party/FreeRTOS/Source/tasks.o
                0x0000000008005d50                xTaskPriorityDisinherit
 .text.vTaskPriorityDisinheritAfterTimeout
                0x0000000008005e00       0xc4 Middlewares/Third_Party/FreeRTOS/Source/tasks.o
                0x0000000008005e00                vTaskPriorityDisinheritAfterTimeout
 .text.pvTaskIncrementMutexHeldCount
                0x0000000008005ec4       0x20 Middlewares/Third_Party/FreeRTOS/Source/tasks.o
                0x0000000008005ec4                pvTaskIncrementMutexHeldCount
 .text.prvGetNextExpireTime
                0x0000000008005ee4       0x20 Middlewares/Third_Party/FreeRTOS/Source/timers.o
 .text.prvInsertTimerInActiveList
                0x0000000008005f04       0x4c Middlewares/Third_Party/FreeRTOS/Source/timers.o
 .text.prvCheckForValidListAndQueue
                0x0000000008005f50       0x5c Middlewares/Third_Party/FreeRTOS/Source/timers.o
 .text.xTimerCreateTimerTask
                0x0000000008005fac       0x64 Middlewares/Third_Party/FreeRTOS/Source/timers.o
                0x0000000008005fac                xTimerCreateTimerTask
 .text.xTimerGenericCommand
                0x0000000008006010       0x6c Middlewares/Third_Party/FreeRTOS/Source/timers.o
                0x0000000008006010                xTimerGenericCommand
 .text.prvSwitchTimerLists
                0x000000000800607c       0x8c Middlewares/Third_Party/FreeRTOS/Source/timers.o
 .text.prvSampleTimeNow
                0x0000000008006108       0x30 Middlewares/Third_Party/FreeRTOS/Source/timers.o
 .text.prvProcessExpiredTimer
                0x0000000008006138       0x6c Middlewares/Third_Party/FreeRTOS/Source/timers.o
 .text.prvProcessTimerOrBlockTask
                0x00000000080061a4       0x7c Middlewares/Third_Party/FreeRTOS/Source/timers.o
 .text.prvProcessReceivedCommands
                0x0000000008006220       0xfc Middlewares/Third_Party/FreeRTOS/Source/timers.o
 .text.prvTimerTask
                0x000000000800631c       0x16 Middlewares/Third_Party/FreeRTOS/Source/timers.o
 *fill*         0x0000000008006332        0x2 
 .text.prvTaskExitError
                0x0000000008006334       0x40 Middlewares/Third_Party/FreeRTOS/Source/portable/GCC/ARM_CM4F/port.o
 .text.prvPortStartFirstTask
                0x0000000008006374       0x28 Middlewares/Third_Party/FreeRTOS/Source/portable/GCC/ARM_CM4F/port.o
 .text.vPortEnableVFP
                0x000000000800639c       0x14 Middlewares/Third_Party/FreeRTOS/Source/portable/GCC/ARM_CM4F/port.o
 .text.pxPortInitialiseStack
                0x00000000080063b0       0x2c Middlewares/Third_Party/FreeRTOS/Source/portable/GCC/ARM_CM4F/port.o
                0x00000000080063b0                pxPortInitialiseStack
 *fill*         0x00000000080063dc        0x4 
 .text.SVC_Handler
                0x00000000080063e0       0x24 Middlewares/Third_Party/FreeRTOS/Source/portable/GCC/ARM_CM4F/port.o
                0x00000000080063e0                SVC_Handler
 .text.vPortEnterCritical
                0x0000000008006404       0x44 Middlewares/Third_Party/FreeRTOS/Source/portable/GCC/ARM_CM4F/port.o
                0x0000000008006404                vPortEnterCritical
 .text.vPortExitCritical
                0x0000000008006448       0x2c Middlewares/Third_Party/FreeRTOS/Source/portable/GCC/ARM_CM4F/port.o
                0x0000000008006448                vPortExitCritical
 *fill*         0x0000000008006474        0xc 
 .text.PendSV_Handler
                0x0000000008006480       0x64 Middlewares/Third_Party/FreeRTOS/Source/portable/GCC/ARM_CM4F/port.o
                0x0000000008006480                PendSV_Handler
 .text.SysTick_Handler
                0x00000000080064e4       0x2c Middlewares/Third_Party/FreeRTOS/Source/portable/GCC/ARM_CM4F/port.o
                0x00000000080064e4                SysTick_Handler
 .text.vPortSetupTimerInterrupt
                0x0000000008006510       0x38 Middlewares/Third_Party/FreeRTOS/Source/portable/GCC/ARM_CM4F/port.o
                0x0000000008006510                vPortSetupTimerInterrupt
 .text.xPortStartScheduler
                0x0000000008006548      0x108 Middlewares/Third_Party/FreeRTOS/Source/portable/GCC/ARM_CM4F/port.o
                0x0000000008006548                xPortStartScheduler
 .text.vPortValidateInterruptPriority
                0x0000000008006650       0x58 Middlewares/Third_Party/FreeRTOS/Source/portable/GCC/ARM_CM4F/port.o
                0x0000000008006650                vPortValidateInterruptPriority
 .text.prvHeapInit
                0x00000000080066a8       0x4c Middlewares/Third_Party/FreeRTOS/Source/portable/MemMang/heap_4.o
 .text.prvInsertBlockIntoFreeList
                0x00000000080066f4       0x54 Middlewares/Third_Party/FreeRTOS/Source/portable/MemMang/heap_4.o
 .text.pvPortMalloc
                0x0000000008006748       0xf4 Middlewares/Third_Party/FreeRTOS/Source/portable/MemMang/heap_4.o
                0x0000000008006748                pvPortMalloc
 .text.vPortFree
                0x000000000800683c       0x6c Middlewares/Third_Party/FreeRTOS/Source/portable/MemMang/heap_4.o
                0x000000000800683c                vPortFree
 .text.testTask
                0x00000000080068a8        0x2 Src/MainTask.o
                0x00000000080068a8                testTask
 *fill*         0x00000000080068aa        0x2 
 .text.MainTask
                0x00000000080068ac      0x2b8 Src/MainTask.o
                0x00000000080068ac                MainTask
 .text.__wrap_malloc
                0x0000000008006b64       0x1a Src/MemoryManagement.o
                0x0000000008006b64                __wrap_malloc
 .text.__wrap__malloc_r
                0x0000000008006b7e        0x8 Src/MemoryManagement.o
                0x0000000008006b7e                __wrap__malloc_r
 .text.ZeroInitFreeRTOSheap
                0x0000000008006b86        0x2 Src/MemoryManagement.o
                0x0000000008006b86                ZeroInitFreeRTOSheap
 .text.TestBench
                0x0000000008006b88      0x200 Src/TestBench.o
                0x0000000008006b88                TestBench
 .text.vApplicationGetIdleTaskMemory
                0x0000000008006d88       0x14 Src/freertos.o
                0x0000000008006d88                vApplicationGetIdleTaskMemory
 .text.vApplicationGetTimerTaskMemory
                0x0000000008006d9c       0x20 Src/freertos.o
                0x0000000008006d9c                vApplicationGetTimerTaskMemory
 .text.MX_GPIO_Init
                0x0000000008006dbc      0x1f8 Src/main.o
 .text.MX_FDCAN1_Init
                0x0000000008006fb4       0xa4 Src/main.o
 .text.MX_TIM2_Init
                0x0000000008007058       0x50 Src/main.o
 .text.SystemClock_Config
                0x00000000080070a8       0xcc Src/main.o
                0x00000000080070a8                SystemClock_Config
 .text.LED_Display
                0x0000000008007174       0x3a Src/main.o
                0x0000000008007174                LED_Display
 *fill*         0x00000000080071ae        0x2 
 .text.main     0x00000000080071b0       0x94 Src/main.o
                0x00000000080071b0                main
 .text.HAL_TIM_PeriodElapsedCallback
                0x0000000008007244       0x18 Src/main.o
                0x0000000008007244                HAL_TIM_PeriodElapsedCallback
 .text.Error_Handler
                0x000000000800725c        0x2 Src/main.o
                0x000000000800725c                Error_Handler
 *fill*         0x000000000800725e        0x2 
 .text.HAL_MspInit
                0x0000000008007260       0x34 Src/stm32h7xx_hal_msp.o
                0x0000000008007260                HAL_MspInit
 .text.HAL_FDCAN_MspInit
                0x0000000008007294       0x74 Src/stm32h7xx_hal_msp.o
                0x0000000008007294                HAL_FDCAN_MspInit
 .text.HAL_TIM_Encoder_MspInit
                0x0000000008007308       0x9c Src/stm32h7xx_hal_msp.o
                0x0000000008007308                HAL_TIM_Encoder_MspInit
 .text.HAL_InitTick
                0x00000000080073a4       0x90 Src/stm32h7xx_hal_timebase_tim.o
                0x00000000080073a4                HAL_InitTick
 .text.HAL_IncTick
                0x0000000008007434       0x14 Src/stm32h7xx_hal_timebase_tim.o
                0x0000000008007434                HAL_IncTick
 .text.HAL_GetTick
                0x0000000008007448       0x18 Src/stm32h7xx_hal_timebase_tim.o
                0x0000000008007448                HAL_GetTick
 .text.HAL_Delay
                0x0000000008007460       0x16 Src/stm32h7xx_hal_timebase_tim.o
                0x0000000008007460                HAL_Delay
 .text.NMI_Handler
                0x0000000008007476        0x2 Src/stm32h7xx_it.o
                0x0000000008007476                NMI_Handler
 .text.HardFault_Handler
                0x0000000008007478        0x2 Src/stm32h7xx_it.o
                0x0000000008007478                HardFault_Handler
 .text.MemManage_Handler
                0x000000000800747a        0x2 Src/stm32h7xx_it.o
                0x000000000800747a                MemManage_Handler
 .text.BusFault_Handler
                0x000000000800747c        0x2 Src/stm32h7xx_it.o
                0x000000000800747c                BusFault_Handler
 .text.UsageFault_Handler
                0x000000000800747e        0x2 Src/stm32h7xx_it.o
                0x000000000800747e                UsageFault_Handler
 .text.DebugMon_Handler
                0x0000000008007480        0x2 Src/stm32h7xx_it.o
                0x0000000008007480                DebugMon_Handler
 *fill*         0x0000000008007482        0x2 
 .text.TIM16_IRQHandler
                0x0000000008007484       0x10 Src/stm32h7xx_it.o
                0x0000000008007484                TIM16_IRQHandler
 .text.BSP_LED_On
                0x0000000008007494       0x20 Src/stm32h7xx_nucleo_144.o
                0x0000000008007494                BSP_LED_On
 .text.BSP_LED_Off
                0x00000000080074b4       0x20 Src/stm32h7xx_nucleo_144.o
                0x00000000080074b4                BSP_LED_Off
 .text._getpid  0x00000000080074d4        0x4 Src/syscalls.o
                0x00000000080074d4                _getpid
 .text._kill    0x00000000080074d8       0x10 Src/syscalls.o
                0x00000000080074d8                _kill
 .text._exit    0x00000000080074e8        0xc Src/syscalls.o
                0x00000000080074e8                _exit
 .text._sbrk    0x00000000080074f4       0x3c Src/syscalls.o
                0x00000000080074f4                _sbrk
 .text.SystemInit
                0x0000000008007530       0x7c Src/system_stm32h7xx.o
                0x0000000008007530                SystemInit
 .text.Reset_Handler
                0x00000000080075ac       0x50 startup/startup_stm32h743xx.o
                0x00000000080075ac                Reset_Handler
 .text.Default_Handler
                0x00000000080075fc        0x2 startup/startup_stm32h743xx.o
                0x00000000080075fc                RTC_Alarm_IRQHandler
                0x00000000080075fc                EXTI2_IRQHandler
                0x00000000080075fc                TIM8_CC_IRQHandler
                0x00000000080075fc                HRTIM1_Master_IRQHandler
                0x00000000080075fc                UART8_IRQHandler
                0x00000000080075fc                SPI4_IRQHandler
                0x00000000080075fc                TIM1_CC_IRQHandler
                0x00000000080075fc                BDMA_Channel6_IRQHandler
                0x00000000080075fc                DMA2_Stream5_IRQHandler
                0x00000000080075fc                HRTIM1_FLT_IRQHandler
                0x00000000080075fc                JPEG_IRQHandler
                0x00000000080075fc                DMA1_Stream5_IRQHandler
                0x00000000080075fc                BDMA_Channel1_IRQHandler
                0x00000000080075fc                HRTIM1_TIMD_IRQHandler
                0x00000000080075fc                TAMP_STAMP_IRQHandler
                0x00000000080075fc                EXTI3_IRQHandler
                0x00000000080075fc                LPTIM4_IRQHandler
                0x00000000080075fc                TIM8_TRG_COM_TIM14_IRQHandler
                0x00000000080075fc                LPTIM2_IRQHandler
                0x00000000080075fc                DFSDM1_FLT1_IRQHandler
                0x00000000080075fc                DMAMUX2_OVR_IRQHandler
                0x00000000080075fc                I2C3_ER_IRQHandler
                0x00000000080075fc                DFSDM1_FLT2_IRQHandler
                0x00000000080075fc                MDMA_IRQHandler
                0x00000000080075fc                LPTIM3_IRQHandler
                0x00000000080075fc                HSEM1_IRQHandler
                0x00000000080075fc                EXTI0_IRQHandler
                0x00000000080075fc                I2C2_EV_IRQHandler
                0x00000000080075fc                DMA1_Stream2_IRQHandler
                0x00000000080075fc                FPU_IRQHandler
                0x00000000080075fc                OTG_HS_WKUP_IRQHandler
                0x00000000080075fc                LTDC_ER_IRQHandler
                0x00000000080075fc                DMA2_Stream2_IRQHandler
                0x00000000080075fc                HRTIM1_TIME_IRQHandler
                0x00000000080075fc                SPI1_IRQHandler
                0x00000000080075fc                DCMI_IRQHandler
                0x00000000080075fc                HRTIM1_TIMC_IRQHandler
                0x00000000080075fc                DMA2_Stream3_IRQHandler
                0x00000000080075fc                SAI2_IRQHandler
                0x00000000080075fc                DFSDM1_FLT3_IRQHandler
                0x00000000080075fc                USART6_IRQHandler
                0x00000000080075fc                TIM17_IRQHandler
                0x00000000080075fc                USART3_IRQHandler
                0x00000000080075fc                BDMA_Channel7_IRQHandler
                0x00000000080075fc                LPTIM5_IRQHandler
                0x00000000080075fc                UART5_IRQHandler
                0x00000000080075fc                ADC3_IRQHandler
                0x00000000080075fc                DMA2_Stream0_IRQHandler
                0x00000000080075fc                TIM4_IRQHandler
                0x00000000080075fc                BDMA_Channel2_IRQHandler
                0x00000000080075fc                QUADSPI_IRQHandler
                0x00000000080075fc                I2C1_EV_IRQHandler
                0x00000000080075fc                DMA1_Stream6_IRQHandler
                0x00000000080075fc                DMAMUX1_OVR_IRQHandler
                0x00000000080075fc                DMA1_Stream1_IRQHandler
                0x00000000080075fc                UART4_IRQHandler
                0x00000000080075fc                BDMA_Channel5_IRQHandler
                0x00000000080075fc                TIM3_IRQHandler
                0x00000000080075fc                RCC_IRQHandler
                0x00000000080075fc                TIM1_TRG_COM_IRQHandler
                0x00000000080075fc                Default_Handler
                0x00000000080075fc                ECC_IRQHandler
                0x00000000080075fc                CEC_IRQHandler
                0x00000000080075fc                EXTI15_10_IRQHandler
                0x00000000080075fc                BDMA_Channel0_IRQHandler
                0x00000000080075fc                ADC_IRQHandler
                0x00000000080075fc                DMA1_Stream7_IRQHandler
                0x00000000080075fc                HRTIM1_TIMA_IRQHandler
                0x00000000080075fc                SPI5_IRQHandler
                0x00000000080075fc                SDMMC1_IRQHandler
                0x00000000080075fc                TIM5_IRQHandler
                0x00000000080075fc                DMA2_Stream7_IRQHandler
                0x00000000080075fc                TIM15_IRQHandler
                0x00000000080075fc                PVD_AVD_IRQHandler
                0x00000000080075fc                I2C3_EV_IRQHandler
                0x00000000080075fc                EXTI9_5_IRQHandler
                0x00000000080075fc                RTC_WKUP_IRQHandler
                0x00000000080075fc                LTDC_IRQHandler
                0x00000000080075fc                SAI3_IRQHandler
                0x00000000080075fc                ETH_WKUP_IRQHandler
                0x00000000080075fc                SPDIF_RX_IRQHandler
                0x00000000080075fc                SPI2_IRQHandler
                0x00000000080075fc                OTG_HS_EP1_IN_IRQHandler
                0x00000000080075fc                DMA1_Stream0_IRQHandler
                0x00000000080075fc                CRS_IRQHandler
                0x00000000080075fc                EXTI4_IRQHandler
                0x00000000080075fc                RNG_IRQHandler
                0x00000000080075fc                HRTIM1_TIMB_IRQHandler
                0x00000000080075fc                FDCAN2_IT1_IRQHandler
                0x00000000080075fc                ETH_IRQHandler
                0x00000000080075fc                TIM1_UP_IRQHandler
                0x00000000080075fc                BDMA_Channel4_IRQHandler
                0x00000000080075fc                OTG_HS_EP1_OUT_IRQHandler
                0x00000000080075fc                WWDG_IRQHandler
                0x00000000080075fc                SPI6_IRQHandler
                0x00000000080075fc                MDIOS_IRQHandler
                0x00000000080075fc                I2C4_EV_IRQHandler
                0x00000000080075fc                FDCAN2_IT0_IRQHandler
                0x00000000080075fc                LPUART1_IRQHandler
                0x00000000080075fc                TIM2_IRQHandler
                0x00000000080075fc                OTG_FS_WKUP_IRQHandler
                0x00000000080075fc                OTG_HS_IRQHandler
                0x00000000080075fc                DMA2D_IRQHandler
                0x00000000080075fc                TIM1_BRK_IRQHandler
                0x00000000080075fc                EXTI1_IRQHandler
                0x00000000080075fc                SDMMC2_IRQHandler
                0x00000000080075fc                OTG_FS_EP1_OUT_IRQHandler
                0x00000000080075fc                BDMA_Channel3_IRQHandler
                0x00000000080075fc                UART7_IRQHandler
                0x00000000080075fc                MDIOS_WKUP_IRQHandler
                0x00000000080075fc                USART2_IRQHandler
                0x00000000080075fc                DFSDM1_FLT0_IRQHandler
                0x00000000080075fc                SAI4_IRQHandler
                0x00000000080075fc                I2C2_ER_IRQHandler
                0x00000000080075fc                DMA2_Stream1_IRQHandler
                0x00000000080075fc                FLASH_IRQHandler
                0x00000000080075fc                DMA2_Stream4_IRQHandler
                0x00000000080075fc                USART1_IRQHandler
                0x00000000080075fc                OTG_FS_IRQHandler
                0x00000000080075fc                SPI3_IRQHandler
                0x00000000080075fc                WAKEUP_PIN_IRQHandler
                0x00000000080075fc                DMA1_Stream4_IRQHandler
                0x00000000080075fc                OTG_FS_EP1_IN_IRQHandler
                0x00000000080075fc                I2C1_ER_IRQHandler
                0x00000000080075fc                FMC_IRQHandler
                0x00000000080075fc                FDCAN_CAL_IRQHandler
                0x00000000080075fc                SWPMI1_IRQHandler
                0x00000000080075fc                COMP1_IRQHandler
                0x00000000080075fc                LPTIM1_IRQHandler
                0x00000000080075fc                I2C4_ER_IRQHandler
                0x00000000080075fc                DMA2_Stream6_IRQHandler
                0x00000000080075fc                SAI1_IRQHandler
                0x00000000080075fc                DMA1_Stream3_IRQHandler
 .text._Znwj    0x00000000080075fe       0x22 /home/tequilajohn/Ac6/SystemWorkbench/plugins/fr.ac6.mcu.externaltools.arm-none.linux64_1.17.0.201812190825/tools/compiler/bin/../lib/gcc/arm-none-eabi/7.3.1/../../../../arm-none-eabi/lib/thumb/v7e-m/fpv5/hard/libstdc++_nano.a(new_op.o)
                0x00000000080075fe                operator new(unsigned int)
 .text._ZSt15get_new_handlerv
                0x0000000008007620       0x10 /home/tequilajohn/Ac6/SystemWorkbench/plugins/fr.ac6.mcu.externaltools.arm-none.linux64_1.17.0.201812190825/tools/compiler/bin/../lib/gcc/arm-none-eabi/7.3.1/../../../../arm-none-eabi/lib/thumb/v7e-m/fpv5/hard/libstdc++_nano.a(new_handler.o)
                0x0000000008007620                std::get_new_handler()
 .text.sinf     0x0000000008007630       0x94 /home/tequilajohn/Ac6/SystemWorkbench/plugins/fr.ac6.mcu.externaltools.arm-none.linux64_1.17.0.201812190825/tools/compiler/bin/../lib/gcc/arm-none-eabi/7.3.1/../../../../arm-none-eabi/lib/thumb/v7e-m/fpv5/hard/libm.a(lib_a-sf_sin.o)
                0x0000000008007630                sinf
 .text.__ieee754_rem_pio2f
                0x00000000080076c4      0x298 /home/tequilajohn/Ac6/SystemWorkbench/plugins/fr.ac6.mcu.externaltools.arm-none.linux64_1.17.0.201812190825/tools/compiler/bin/../lib/gcc/arm-none-eabi/7.3.1/../../../../arm-none-eabi/lib/thumb/v7e-m/fpv5/hard/libm.a(lib_a-ef_rem_pio2.o)
                0x00000000080076c4                __ieee754_rem_pio2f
 .text.__kernel_cosf
                0x000000000800795c      0x104 /home/tequilajohn/Ac6/SystemWorkbench/plugins/fr.ac6.mcu.externaltools.arm-none.linux64_1.17.0.201812190825/tools/compiler/bin/../lib/gcc/arm-none-eabi/7.3.1/../../../../arm-none-eabi/lib/thumb/v7e-m/fpv5/hard/libm.a(lib_a-kf_cos.o)
                0x000000000800795c                __kernel_cosf
 .text.__kernel_rem_pio2f
                0x0000000008007a60      0x650 /home/tequilajohn/Ac6/SystemWorkbench/plugins/fr.ac6.mcu.externaltools.arm-none.linux64_1.17.0.201812190825/tools/compiler/bin/../lib/gcc/arm-none-eabi/7.3.1/../../../../arm-none-eabi/lib/thumb/v7e-m/fpv5/hard/libm.a(lib_a-kf_rem_pio2.o)
                0x0000000008007a60                __kernel_rem_pio2f
 .text.__kernel_sinf
                0x00000000080080b0       0x90 /home/tequilajohn/Ac6/SystemWorkbench/plugins/fr.ac6.mcu.externaltools.arm-none.linux64_1.17.0.201812190825/tools/compiler/bin/../lib/gcc/arm-none-eabi/7.3.1/../../../../arm-none-eabi/lib/thumb/v7e-m/fpv5/hard/libm.a(lib_a-kf_sin.o)
                0x00000000080080b0                __kernel_sinf
 .text.fabsf    0x0000000008008140       0x10 /home/tequilajohn/Ac6/SystemWorkbench/plugins/fr.ac6.mcu.externaltools.arm-none.linux64_1.17.0.201812190825/tools/compiler/bin/../lib/gcc/arm-none-eabi/7.3.1/../../../../arm-none-eabi/lib/thumb/v7e-m/fpv5/hard/libm.a(lib_a-sf_fabs.o)
                0x0000000008008140                fabsf
 .text.floorf   0x0000000008008150       0x8c /home/tequilajohn/Ac6/SystemWorkbench/plugins/fr.ac6.mcu.externaltools.arm-none.linux64_1.17.0.201812190825/tools/compiler/bin/../lib/gcc/arm-none-eabi/7.3.1/../../../../arm-none-eabi/lib/thumb/v7e-m/fpv5/hard/libm.a(lib_a-sf_floor.o)
                0x0000000008008150                floorf
 .text.scalbnf  0x00000000080081dc       0xd0 /home/tequilajohn/Ac6/SystemWorkbench/plugins/fr.ac6.mcu.externaltools.arm-none.linux64_1.17.0.201812190825/tools/compiler/bin/../lib/gcc/arm-none-eabi/7.3.1/../../../../arm-none-eabi/lib/thumb/v7e-m/fpv5/hard/libm.a(lib_a-sf_scalbn.o)
                0x00000000080081dc                scalbnf
 .text.copysignf
                0x00000000080082ac       0x18 /home/tequilajohn/Ac6/SystemWorkbench/plugins/fr.ac6.mcu.externaltools.arm-none.linux64_1.17.0.201812190825/tools/compiler/bin/../lib/gcc/arm-none-eabi/7.3.1/../../../../arm-none-eabi/lib/thumb/v7e-m/fpv5/hard/libm.a(lib_a-sf_copysign.o)
                0x00000000080082ac                copysignf
 .text.abort    0x00000000080082c4        0xe /home/tequilajohn/Ac6/SystemWorkbench/plugins/fr.ac6.mcu.externaltools.arm-none.linux64_1.17.0.201812190825/tools/compiler/bin/../lib/gcc/arm-none-eabi/7.3.1/../../../../arm-none-eabi/lib/thumb/v7e-m/fpv5/hard/libc_nano.a(lib_a-abort.o)
                0x00000000080082c4                abort
 *fill*         0x00000000080082d2        0x2 
 .text.__errno  0x00000000080082d4        0xc /home/tequilajohn/Ac6/SystemWorkbench/plugins/fr.ac6.mcu.externaltools.arm-none.linux64_1.17.0.201812190825/tools/compiler/bin/../lib/gcc/arm-none-eabi/7.3.1/../../../../arm-none-eabi/lib/thumb/v7e-m/fpv5/hard/libc_nano.a(lib_a-errno.o)
                0x00000000080082d4                __errno
 .text.__libc_init_array
                0x00000000080082e0       0x48 /home/tequilajohn/Ac6/SystemWorkbench/plugins/fr.ac6.mcu.externaltools.arm-none.linux64_1.17.0.201812190825/tools/compiler/bin/../lib/gcc/arm-none-eabi/7.3.1/../../../../arm-none-eabi/lib/thumb/v7e-m/fpv5/hard/libc_nano.a(lib_a-init.o)
                0x00000000080082e0                __libc_init_array
 .text.malloc   0x0000000008008328       0x10 /home/tequilajohn/Ac6/SystemWorkbench/plugins/fr.ac6.mcu.externaltools.arm-none.linux64_1.17.0.201812190825/tools/compiler/bin/../lib/gcc/arm-none-eabi/7.3.1/../../../../arm-none-eabi/lib/thumb/v7e-m/fpv5/hard/libc_nano.a(lib_a-malloc.o)
                0x0000000008008328                malloc
 .text.memcpy   0x0000000008008338       0x16 /home/tequilajohn/Ac6/SystemWorkbench/plugins/fr.ac6.mcu.externaltools.arm-none.linux64_1.17.0.201812190825/tools/compiler/bin/../lib/gcc/arm-none-eabi/7.3.1/../../../../arm-none-eabi/lib/thumb/v7e-m/fpv5/hard/libc_nano.a(lib_a-memcpy-stub.o)
                0x0000000008008338                memcpy
 .text.memset   0x000000000800834e       0x10 /home/tequilajohn/Ac6/SystemWorkbench/plugins/fr.ac6.mcu.externaltools.arm-none.linux64_1.17.0.201812190825/tools/compiler/bin/../lib/gcc/arm-none-eabi/7.3.1/../../../../arm-none-eabi/lib/thumb/v7e-m/fpv5/hard/libc_nano.a(lib_a-memset.o)
                0x000000000800834e                memset
 *fill*         0x000000000800835e        0x2 
 .text._malloc_r
                0x0000000008008360       0xb4 /home/tequilajohn/Ac6/SystemWorkbench/plugins/fr.ac6.mcu.externaltools.arm-none.linux64_1.17.0.201812190825/tools/compiler/bin/../lib/gcc/arm-none-eabi/7.3.1/../../../../arm-none-eabi/lib/thumb/v7e-m/fpv5/hard/libc_nano.a(lib_a-nano-mallocr.o)
                0x0000000008008360                _malloc_r
 .text._sbrk_r  0x0000000008008414       0x20 /home/tequilajohn/Ac6/SystemWorkbench/plugins/fr.ac6.mcu.externaltools.arm-none.linux64_1.17.0.201812190825/tools/compiler/bin/../lib/gcc/arm-none-eabi/7.3.1/../../../../arm-none-eabi/lib/thumb/v7e-m/fpv5/hard/libc_nano.a(lib_a-sbrkr.o)
                0x0000000008008414                _sbrk_r
 .text._raise_r
                0x0000000008008434       0x50 /home/tequilajohn/Ac6/SystemWorkbench/plugins/fr.ac6.mcu.externaltools.arm-none.linux64_1.17.0.201812190825/tools/compiler/bin/../lib/gcc/arm-none-eabi/7.3.1/../../../../arm-none-eabi/lib/thumb/v7e-m/fpv5/hard/libc_nano.a(lib_a-signal.o)
                0x0000000008008434                _raise_r
 .text.raise    0x0000000008008484       0x10 /home/tequilajohn/Ac6/SystemWorkbench/plugins/fr.ac6.mcu.externaltools.arm-none.linux64_1.17.0.201812190825/tools/compiler/bin/../lib/gcc/arm-none-eabi/7.3.1/../../../../arm-none-eabi/lib/thumb/v7e-m/fpv5/hard/libc_nano.a(lib_a-signal.o)
                0x0000000008008484                raise
 .text._kill_r  0x0000000008008494       0x24 /home/tequilajohn/Ac6/SystemWorkbench/plugins/fr.ac6.mcu.externaltools.arm-none.linux64_1.17.0.201812190825/tools/compiler/bin/../lib/gcc/arm-none-eabi/7.3.1/../../../../arm-none-eabi/lib/thumb/v7e-m/fpv5/hard/libc_nano.a(lib_a-signalr.o)
                0x0000000008008494                _kill_r
 .text._getpid_r
                0x00000000080084b8        0x4 /home/tequilajohn/Ac6/SystemWorkbench/plugins/fr.ac6.mcu.externaltools.arm-none.linux64_1.17.0.201812190825/tools/compiler/bin/../lib/gcc/arm-none-eabi/7.3.1/../../../../arm-none-eabi/lib/thumb/v7e-m/fpv5/hard/libc_nano.a(lib_a-signalr.o)
                0x00000000080084b8                _getpid_r
 .text.__malloc_lock
                0x00000000080084bc        0x2 /home/tequilajohn/Ac6/SystemWorkbench/plugins/fr.ac6.mcu.externaltools.arm-none.linux64_1.17.0.201812190825/tools/compiler/bin/../lib/gcc/arm-none-eabi/7.3.1/../../../../arm-none-eabi/lib/thumb/v7e-m/fpv5/hard/libc_nano.a(lib_a-mlock.o)
                0x00000000080084bc                __malloc_lock
 .text.__malloc_unlock
                0x00000000080084be        0x2 /home/tequilajohn/Ac6/SystemWorkbench/plugins/fr.ac6.mcu.externaltools.arm-none.linux64_1.17.0.201812190825/tools/compiler/bin/../lib/gcc/arm-none-eabi/7.3.1/../../../../arm-none-eabi/lib/thumb/v7e-m/fpv5/hard/libc_nano.a(lib_a-mlock.o)
                0x00000000080084be                __malloc_unlock
 *(.glue_7)
 .glue_7        0x00000000080084c0        0x0 linker stubs
 *(.glue_7t)
 .glue_7t       0x00000000080084c0        0x0 linker stubs
 *(.eh_frame)
 .eh_frame      0x00000000080084c0        0x0 /home/tequilajohn/Ac6/SystemWorkbench/plugins/fr.ac6.mcu.externaltools.arm-none.linux64_1.17.0.201812190825/tools/compiler/bin/../lib/gcc/arm-none-eabi/7.3.1/thumb/v7e-m/fpv5/hard/crtbegin.o
 *(.init)
 .init          0x00000000080084c0        0x4 /home/tequilajohn/Ac6/SystemWorkbench/plugins/fr.ac6.mcu.externaltools.arm-none.linux64_1.17.0.201812190825/tools/compiler/bin/../lib/gcc/arm-none-eabi/7.3.1/thumb/v7e-m/fpv5/hard/crti.o
                0x00000000080084c0                _init
 .init          0x00000000080084c4        0x8 /home/tequilajohn/Ac6/SystemWorkbench/plugins/fr.ac6.mcu.externaltools.arm-none.linux64_1.17.0.201812190825/tools/compiler/bin/../lib/gcc/arm-none-eabi/7.3.1/thumb/v7e-m/fpv5/hard/crtn.o
 *(.fini)
 .fini          0x00000000080084cc        0x4 /home/tequilajohn/Ac6/SystemWorkbench/plugins/fr.ac6.mcu.externaltools.arm-none.linux64_1.17.0.201812190825/tools/compiler/bin/../lib/gcc/arm-none-eabi/7.3.1/thumb/v7e-m/fpv5/hard/crti.o
                0x00000000080084cc                _fini
 .fini          0x00000000080084d0        0x8 /home/tequilajohn/Ac6/SystemWorkbench/plugins/fr.ac6.mcu.externaltools.arm-none.linux64_1.17.0.201812190825/tools/compiler/bin/../lib/gcc/arm-none-eabi/7.3.1/thumb/v7e-m/fpv5/hard/crtn.o
                0x00000000080084d8                . = ALIGN (0x4)
                0x00000000080084d8                _etext = .

.vfp11_veneer   0x00000000080084d8        0x0
 .vfp11_veneer  0x00000000080084d8        0x0 linker stubs

.v4_bx          0x00000000080084d8        0x0
 .v4_bx         0x00000000080084d8        0x0 linker stubs

.iplt           0x00000000080084d8        0x0
 .iplt          0x00000000080084d8        0x0 /home/tequilajohn/Ac6/SystemWorkbench/plugins/fr.ac6.mcu.externaltools.arm-none.linux64_1.17.0.201812190825/tools/compiler/bin/../lib/gcc/arm-none-eabi/7.3.1/thumb/v7e-m/fpv5/hard/crtbegin.o

.rodata         0x00000000080084d8      0x4c0
                0x00000000080084d8                . = ALIGN (0x4)
 *(.rodata)
 .rodata        0x00000000080084d8       0x5c Drivers/STM32H7xx_HAL_Driver/Src/stm32h7xx_hal_fdcan.o
 .rodata        0x0000000008008534       0x18 Src/MainTask.o
 .rodata        0x000000000800854c       0x18 Src/TestBench.o
 .rodata        0x0000000008008564        0xe Src/stm32h7xx_nucleo_144.o
                0x0000000008008564                GPIO_PIN
                0x000000000800856c                BUTTON_IRQn
                0x0000000008008570                BUTTON_PIN
 *fill*         0x0000000008008572        0x2 
 .rodata        0x0000000008008574       0x10 Src/system_stm32h7xx.o
                0x0000000008008574                D1CorePrescTable
 *(.rodata*)
 .rodata.str1.4
                0x0000000008008584       0x1d Libraries/Periphirals/FDCAN/FDCAN.o
 *fill*         0x00000000080085a1        0x3 
 .rodata.str1.4
                0x00000000080085a4        0x5 Middlewares/Third_Party/FreeRTOS/Source/tasks.o
 *fill*         0x00000000080085a9        0x3 
 .rodata.str1.4
                0x00000000080085ac       0x10 Middlewares/Third_Party/FreeRTOS/Source/timers.o
 .rodata.str1.4
                0x00000000080085bc        0xc Src/main.o
                                          0x9 (size before relaxing)
 .rodata.npio2_hw
                0x00000000080085c8       0x80 /home/tequilajohn/Ac6/SystemWorkbench/plugins/fr.ac6.mcu.externaltools.arm-none.linux64_1.17.0.201812190825/tools/compiler/bin/../lib/gcc/arm-none-eabi/7.3.1/../../../../arm-none-eabi/lib/thumb/v7e-m/fpv5/hard/libm.a(lib_a-ef_rem_pio2.o)
 .rodata.two_over_pi
                0x0000000008008648      0x318 /home/tequilajohn/Ac6/SystemWorkbench/plugins/fr.ac6.mcu.externaltools.arm-none.linux64_1.17.0.201812190825/tools/compiler/bin/../lib/gcc/arm-none-eabi/7.3.1/../../../../arm-none-eabi/lib/thumb/v7e-m/fpv5/hard/libm.a(lib_a-ef_rem_pio2.o)
 .rodata.PIo2   0x0000000008008960       0x2c /home/tequilajohn/Ac6/SystemWorkbench/plugins/fr.ac6.mcu.externaltools.arm-none.linux64_1.17.0.201812190825/tools/compiler/bin/../lib/gcc/arm-none-eabi/7.3.1/../../../../arm-none-eabi/lib/thumb/v7e-m/fpv5/hard/libm.a(lib_a-kf_rem_pio2.o)
 .rodata.init_jk
                0x000000000800898c        0xc /home/tequilajohn/Ac6/SystemWorkbench/plugins/fr.ac6.mcu.externaltools.arm-none.linux64_1.17.0.201812190825/tools/compiler/bin/../lib/gcc/arm-none-eabi/7.3.1/../../../../arm-none-eabi/lib/thumb/v7e-m/fpv5/hard/libm.a(lib_a-kf_rem_pio2.o)
                0x0000000008008998                . = ALIGN (0x4)

.rel.dyn        0x0000000008008998        0x0
 .rel.iplt      0x0000000008008998        0x0 /home/tequilajohn/Ac6/SystemWorkbench/plugins/fr.ac6.mcu.externaltools.arm-none.linux64_1.17.0.201812190825/tools/compiler/bin/../lib/gcc/arm-none-eabi/7.3.1/thumb/v7e-m/fpv5/hard/crtbegin.o

.ARM.extab
 *(.ARM.extab* .gnu.linkonce.armextab.*)

.ARM            0x0000000008008998        0x0
                0x0000000008008998                __exidx_start = .
 *(.ARM.exidx*)
                0x0000000008008998                __exidx_end = .

.preinit_array  0x0000000008008998        0x0
                0x0000000008008998                PROVIDE (__preinit_array_start = .)
 *(.preinit_array*)
                0x0000000008008998                PROVIDE (__preinit_array_end = .)

.init_array     0x0000000008008998        0x4
                0x0000000008008998                PROVIDE (__init_array_start = .)
 *(SORT_BY_NAME(.init_array.*))
 *(.init_array*)
 .init_array    0x0000000008008998        0x4 /home/tequilajohn/Ac6/SystemWorkbench/plugins/fr.ac6.mcu.externaltools.arm-none.linux64_1.17.0.201812190825/tools/compiler/bin/../lib/gcc/arm-none-eabi/7.3.1/thumb/v7e-m/fpv5/hard/crtbegin.o
                0x000000000800899c                PROVIDE (__init_array_end = .)

.fini_array     0x000000000800899c        0x4
                [!provide]                        PROVIDE (__fini_array_start = .)
 *(SORT_BY_NAME(.fini_array.*))
 *(.fini_array*)
 .fini_array    0x000000000800899c        0x4 /home/tequilajohn/Ac6/SystemWorkbench/plugins/fr.ac6.mcu.externaltools.arm-none.linux64_1.17.0.201812190825/tools/compiler/bin/../lib/gcc/arm-none-eabi/7.3.1/thumb/v7e-m/fpv5/hard/crtbegin.o
                [!provide]                        PROVIDE (__fini_array_end = .)
                0x00000000080089a0                _sidata = LOADADDR (.data)

.data           0x0000000020000000       0xa4 load address 0x00000000080089a0
                0x0000000020000000                . = ALIGN (0x4)
                0x0000000020000000                _sdata = .
 *(.data)
 .data          0x0000000020000000        0x8 Drivers/STM32H7xx_HAL_Driver/Src/stm32h7xx_hal.o
                0x0000000020000000                uwTickFreq
                0x0000000020000004                uwTickPrio
 .data          0x0000000020000008        0x4 Middlewares/Third_Party/FreeRTOS/Source/portable/GCC/ARM_CM4F/port.o
 .data          0x000000002000000c       0x1c Src/TestBench.o
                0x000000002000000c                pos_d
                0x0000000020000018                kp
                0x000000002000001c                kd
                0x0000000020000020                dt
                0x0000000020000024                ki
 .data          0x0000000020000028       0x10 Src/stm32h7xx_nucleo_144.o
                0x0000000020000028                GPIO_PORT
                0x0000000020000034                BUTTON_PORT
 .data          0x0000000020000038        0x8 Src/system_stm32h7xx.o
                0x0000000020000038                SystemCoreClock
                0x000000002000003c                SystemD2Clock
 *(.data*)
 .data._impure_ptr
                0x0000000020000040        0x4 /home/tequilajohn/Ac6/SystemWorkbench/plugins/fr.ac6.mcu.externaltools.arm-none.linux64_1.17.0.201812190825/tools/compiler/bin/../lib/gcc/arm-none-eabi/7.3.1/../../../../arm-none-eabi/lib/thumb/v7e-m/fpv5/hard/libc_nano.a(lib_a-impure.o)
                0x0000000020000040                _impure_ptr
 .data.impure_data
                0x0000000020000044       0x60 /home/tequilajohn/Ac6/SystemWorkbench/plugins/fr.ac6.mcu.externaltools.arm-none.linux64_1.17.0.201812190825/tools/compiler/bin/../lib/gcc/arm-none-eabi/7.3.1/../../../../arm-none-eabi/lib/thumb/v7e-m/fpv5/hard/libc_nano.a(lib_a-impure.o)
                0x00000000200000a4                . = ALIGN (0x4)
                0x00000000200000a4                _edata = .

.igot.plt       0x00000000200000a4        0x0 load address 0x0000000008008a44
 .igot.plt      0x00000000200000a4        0x0 /home/tequilajohn/Ac6/SystemWorkbench/plugins/fr.ac6.mcu.externaltools.arm-none.linux64_1.17.0.201812190825/tools/compiler/bin/../lib/gcc/arm-none-eabi/7.3.1/thumb/v7e-m/fpv5/hard/crtbegin.o
                0x00000000200000a4                . = ALIGN (0x4)

.bss            0x00000000200000a4     0x4780 load address 0x0000000008008a44
                0x00000000200000a4                _sbss = .
                0x00000000200000a4                __bss_start__ = _sbss
 *(.bss)
 .bss           0x00000000200000a4       0x1c /home/tequilajohn/Ac6/SystemWorkbench/plugins/fr.ac6.mcu.externaltools.arm-none.linux64_1.17.0.201812190825/tools/compiler/bin/../lib/gcc/arm-none-eabi/7.3.1/thumb/v7e-m/fpv5/hard/crtbegin.o
 .bss           0x00000000200000c0        0xc Libraries/Periphirals/FDCAN/FDCAN.o
                0x00000000200000c0                FDCAN::resFDCAN1
                0x00000000200000c4                FDCAN::RX_test
 .bss           0x00000000200000cc       0x10 Libraries/Periphirals/Timer/Timer.o
                0x00000000200000cc                Timer::resTIMER6
                0x00000000200000d0                Timer::resTIMER7
                0x00000000200000d4                Timer::resTIMER12
                0x00000000200000d8                Timer::resTIMER13
 .bss           0x00000000200000dc      0x128 Middlewares/Third_Party/FreeRTOS/Source/tasks.o
                0x00000000200001dc                pxCurrentTCB
 .bss           0x0000000020000204       0xfc Middlewares/Third_Party/FreeRTOS/Source/timers.o
 .bss           0x0000000020000300        0x8 Middlewares/Third_Party/FreeRTOS/Source/portable/GCC/ARM_CM4F/port.o
 .bss           0x0000000020000308     0x3c18 Middlewares/Third_Party/FreeRTOS/Source/portable/MemMang/heap_4.o
 .bss           0x0000000020003f20       0x60 Src/TestBench.o
                0x0000000020003f20                pos
                0x0000000020003f2c                pos_l
                0x0000000020003f38                error_pos
                0x0000000020003f44                error_pos_l
                0x0000000020003f50                kp_c
                0x0000000020003f5c                kd_c
                0x0000000020003f68                ki_c
                0x0000000020003f74                output
 .bss           0x0000000020003f80      0x6a8 Src/freertos.o
 .bss           0x0000000020004628        0x8 Src/stm32h7xx_hal_timebase_tim.o
 .bss           0x0000000020004630        0x8 Src/syscalls.o
                0x0000000020004634                __env
 *(.bss*)
 .bss._ZN12_GLOBAL__N_113__new_handlerE
                0x0000000020004638        0x4 /home/tequilajohn/Ac6/SystemWorkbench/plugins/fr.ac6.mcu.externaltools.arm-none.linux64_1.17.0.201812190825/tools/compiler/bin/../lib/gcc/arm-none-eabi/7.3.1/../../../../arm-none-eabi/lib/thumb/v7e-m/fpv5/hard/libstdc++_nano.a(new_handler.o)
 .bss.__malloc_free_list
                0x000000002000463c        0x4 /home/tequilajohn/Ac6/SystemWorkbench/plugins/fr.ac6.mcu.externaltools.arm-none.linux64_1.17.0.201812190825/tools/compiler/bin/../lib/gcc/arm-none-eabi/7.3.1/../../../../arm-none-eabi/lib/thumb/v7e-m/fpv5/hard/libc_nano.a(lib_a-nano-mallocr.o)
                0x000000002000463c                __malloc_free_list
 .bss.__malloc_sbrk_start
                0x0000000020004640        0x4 /home/tequilajohn/Ac6/SystemWorkbench/plugins/fr.ac6.mcu.externaltools.arm-none.linux64_1.17.0.201812190825/tools/compiler/bin/../lib/gcc/arm-none-eabi/7.3.1/../../../../arm-none-eabi/lib/thumb/v7e-m/fpv5/hard/libc_nano.a(lib_a-nano-mallocr.o)
                0x0000000020004640                __malloc_sbrk_start
 *(COMMON)
 COMMON         0x0000000020004644       0x40 Middlewares/Third_Party/FreeRTOS/Source/queue.o
                0x0000000020004644                xQueueRegistry
 COMMON         0x0000000020004684      0x150 Src/main.o
                0x0000000020004684                mainTaskHandle
                0x0000000020004688                defaultTaskHandle
                0x000000002000468c                hfdcan1
                0x000000002000472c                TxData
                0x0000000020004734                RxData
                0x000000002000473c                htim2
                0x0000000020004788                TxHeader
                0x00000000200047ac                RxHeader
 COMMON         0x00000000200047d4       0x4c Src/stm32h7xx_hal_timebase_tim.o
                0x00000000200047d4                htim16
 COMMON         0x0000000020004820        0x4 /home/tequilajohn/Ac6/SystemWorkbench/plugins/fr.ac6.mcu.externaltools.arm-none.linux64_1.17.0.201812190825/tools/compiler/bin/../lib/gcc/arm-none-eabi/7.3.1/../../../../arm-none-eabi/lib/thumb/v7e-m/fpv5/hard/libc_nano.a(lib_a-reent.o)
                0x0000000020004820                errno
                0x0000000020004824                . = ALIGN (0x4)
                0x0000000020004824                _ebss = .
                0x0000000020004824                __bss_end__ = _ebss

._user_heap_stack
                0x0000000020004824      0x604 load address 0x0000000008008a44
                0x0000000020004828                . = ALIGN (0x8)
 *fill*         0x0000000020004824        0x4 
                0x0000000020004828                PROVIDE (end = .)
                [!provide]                        PROVIDE (_end = .)
                0x0000000020004a28                . = (. + _Min_Heap_Size)
 *fill*         0x0000000020004828      0x200 
                0x0000000020004e28                . = (. + _Min_Stack_Size)
 *fill*         0x0000000020004a28      0x400 
                0x0000000020004e28                . = ALIGN (0x8)

/DISCARD/
 libc.a(*)
 libm.a(*)
 libgcc.a(*)

.ARM.attributes
                0x0000000000000000       0x2e
 *(.ARM.attributes)
 .ARM.attributes
                0x0000000000000000       0x20 /home/tequilajohn/Ac6/SystemWorkbench/plugins/fr.ac6.mcu.externaltools.arm-none.linux64_1.17.0.201812190825/tools/compiler/bin/../lib/gcc/arm-none-eabi/7.3.1/thumb/v7e-m/fpv5/hard/crti.o
 .ARM.attributes
                0x0000000000000020       0x32 /home/tequilajohn/Ac6/SystemWorkbench/plugins/fr.ac6.mcu.externaltools.arm-none.linux64_1.17.0.201812190825/tools/compiler/bin/../lib/gcc/arm-none-eabi/7.3.1/thumb/v7e-m/fpv5/hard/crtbegin.o
 .ARM.attributes
                0x0000000000000052       0x37 Drivers/STM32H7xx_HAL_Driver/Src/stm32h7xx_hal.o
 .ARM.attributes
                0x0000000000000089       0x37 Drivers/STM32H7xx_HAL_Driver/Src/stm32h7xx_hal_cortex.o
 .ARM.attributes
                0x00000000000000c0       0x37 Drivers/STM32H7xx_HAL_Driver/Src/stm32h7xx_hal_fdcan.o
 .ARM.attributes
                0x00000000000000f7       0x37 Drivers/STM32H7xx_HAL_Driver/Src/stm32h7xx_hal_gpio.o
 .ARM.attributes
                0x000000000000012e       0x37 Drivers/STM32H7xx_HAL_Driver/Src/stm32h7xx_hal_pwr_ex.o
 .ARM.attributes
                0x0000000000000165       0x37 Drivers/STM32H7xx_HAL_Driver/Src/stm32h7xx_hal_rcc.o
 .ARM.attributes
                0x000000000000019c       0x37 Drivers/STM32H7xx_HAL_Driver/Src/stm32h7xx_hal_rcc_ex.o
 .ARM.attributes
                0x00000000000001d3       0x37 Drivers/STM32H7xx_HAL_Driver/Src/stm32h7xx_hal_tim.o
 .ARM.attributes
                0x000000000000020a       0x37 Drivers/STM32H7xx_HAL_Driver/Src/stm32h7xx_hal_tim_ex.o
 .ARM.attributes
                0x0000000000000241       0x37 Libraries/Devices/NANOTEC/NANOTEC.o
 .ARM.attributes
                0x0000000000000278       0x37 Libraries/Devices/NANOTEC/NANOTEC_Bus.o
 .ARM.attributes
                0x00000000000002af       0x37 Libraries/Periphirals/FDCAN/FDCAN.o
 .ARM.attributes
                0x00000000000002e6       0x37 Libraries/Periphirals/Timer/Timer.o
 .ARM.attributes
                0x000000000000031d       0x37 Middlewares/Third_Party/FreeRTOS/Source/CMSIS_RTOS/cmsis_os.o
 .ARM.attributes
                0x0000000000000354       0x37 Middlewares/Third_Party/FreeRTOS/Source/list.o
 .ARM.attributes
                0x000000000000038b       0x37 Middlewares/Third_Party/FreeRTOS/Source/queue.o
 .ARM.attributes
                0x00000000000003c2       0x37 Middlewares/Third_Party/FreeRTOS/Source/tasks.o
 .ARM.attributes
                0x00000000000003f9       0x37 Middlewares/Third_Party/FreeRTOS/Source/timers.o
 .ARM.attributes
                0x0000000000000430       0x37 Middlewares/Third_Party/FreeRTOS/Source/portable/GCC/ARM_CM4F/port.o
 .ARM.attributes
                0x0000000000000467       0x37 Middlewares/Third_Party/FreeRTOS/Source/portable/MemMang/heap_4.o
 .ARM.attributes
                0x000000000000049e       0x37 Src/MainTask.o
 .ARM.attributes
                0x00000000000004d5       0x37 Src/MemoryManagement.o
 .ARM.attributes
                0x000000000000050c       0x37 Src/TestBench.o
 .ARM.attributes
                0x0000000000000543       0x37 Src/freertos.o
 .ARM.attributes
                0x000000000000057a       0x37 Src/main.o
 .ARM.attributes
                0x00000000000005b1       0x37 Src/stm32h7xx_hal_msp.o
 .ARM.attributes
                0x00000000000005e8       0x37 Src/stm32h7xx_hal_timebase_tim.o
 .ARM.attributes
                0x000000000000061f       0x37 Src/stm32h7xx_it.o
 .ARM.attributes
                0x0000000000000656       0x37 Src/stm32h7xx_nucleo_144.o
 .ARM.attributes
                0x000000000000068d       0x37 Src/syscalls.o
 .ARM.attributes
                0x00000000000006c4       0x37 Src/system_stm32h7xx.o
 .ARM.attributes
                0x00000000000006fb       0x21 startup/startup_stm32h743xx.o
 .ARM.attributes
                0x000000000000071c       0x32 /home/tequilajohn/Ac6/SystemWorkbench/plugins/fr.ac6.mcu.externaltools.arm-none.linux64_1.17.0.201812190825/tools/compiler/bin/../lib/gcc/arm-none-eabi/7.3.1/../../../../arm-none-eabi/lib/thumb/v7e-m/fpv5/hard/libstdc++_nano.a(new_op.o)
 .ARM.attributes
                0x000000000000074e       0x32 /home/tequilajohn/Ac6/SystemWorkbench/plugins/fr.ac6.mcu.externaltools.arm-none.linux64_1.17.0.201812190825/tools/compiler/bin/../lib/gcc/arm-none-eabi/7.3.1/../../../../arm-none-eabi/lib/thumb/v7e-m/fpv5/hard/libstdc++_nano.a(new_handler.o)
 .ARM.attributes
                0x0000000000000780       0x32 /home/tequilajohn/Ac6/SystemWorkbench/plugins/fr.ac6.mcu.externaltools.arm-none.linux64_1.17.0.201812190825/tools/compiler/bin/../lib/gcc/arm-none-eabi/7.3.1/../../../../arm-none-eabi/lib/thumb/v7e-m/fpv5/hard/libm.a(lib_a-sf_sin.o)
 .ARM.attributes
                0x00000000000007b2       0x32 /home/tequilajohn/Ac6/SystemWorkbench/plugins/fr.ac6.mcu.externaltools.arm-none.linux64_1.17.0.201812190825/tools/compiler/bin/../lib/gcc/arm-none-eabi/7.3.1/../../../../arm-none-eabi/lib/thumb/v7e-m/fpv5/hard/libm.a(lib_a-ef_rem_pio2.o)
 .ARM.attributes
                0x00000000000007e4       0x32 /home/tequilajohn/Ac6/SystemWorkbench/plugins/fr.ac6.mcu.externaltools.arm-none.linux64_1.17.0.201812190825/tools/compiler/bin/../lib/gcc/arm-none-eabi/7.3.1/../../../../arm-none-eabi/lib/thumb/v7e-m/fpv5/hard/libm.a(lib_a-kf_cos.o)
 .ARM.attributes
                0x0000000000000816       0x32 /home/tequilajohn/Ac6/SystemWorkbench/plugins/fr.ac6.mcu.externaltools.arm-none.linux64_1.17.0.201812190825/tools/compiler/bin/../lib/gcc/arm-none-eabi/7.3.1/../../../../arm-none-eabi/lib/thumb/v7e-m/fpv5/hard/libm.a(lib_a-kf_rem_pio2.o)
 .ARM.attributes
                0x0000000000000848       0x32 /home/tequilajohn/Ac6/SystemWorkbench/plugins/fr.ac6.mcu.externaltools.arm-none.linux64_1.17.0.201812190825/tools/compiler/bin/../lib/gcc/arm-none-eabi/7.3.1/../../../../arm-none-eabi/lib/thumb/v7e-m/fpv5/hard/libm.a(lib_a-kf_sin.o)
 .ARM.attributes
                0x000000000000087a       0x32 /home/tequilajohn/Ac6/SystemWorkbench/plugins/fr.ac6.mcu.externaltools.arm-none.linux64_1.17.0.201812190825/tools/compiler/bin/../lib/gcc/arm-none-eabi/7.3.1/../../../../arm-none-eabi/lib/thumb/v7e-m/fpv5/hard/libm.a(lib_a-sf_fabs.o)
 .ARM.attributes
                0x00000000000008ac       0x32 /home/tequilajohn/Ac6/SystemWorkbench/plugins/fr.ac6.mcu.externaltools.arm-none.linux64_1.17.0.201812190825/tools/compiler/bin/../lib/gcc/arm-none-eabi/7.3.1/../../../../arm-none-eabi/lib/thumb/v7e-m/fpv5/hard/libm.a(lib_a-sf_floor.o)
 .ARM.attributes
                0x00000000000008de       0x32 /home/tequilajohn/Ac6/SystemWorkbench/plugins/fr.ac6.mcu.externaltools.arm-none.linux64_1.17.0.201812190825/tools/compiler/bin/../lib/gcc/arm-none-eabi/7.3.1/../../../../arm-none-eabi/lib/thumb/v7e-m/fpv5/hard/libm.a(lib_a-sf_scalbn.o)
 .ARM.attributes
                0x0000000000000910       0x32 /home/tequilajohn/Ac6/SystemWorkbench/plugins/fr.ac6.mcu.externaltools.arm-none.linux64_1.17.0.201812190825/tools/compiler/bin/../lib/gcc/arm-none-eabi/7.3.1/../../../../arm-none-eabi/lib/thumb/v7e-m/fpv5/hard/libm.a(lib_a-sf_copysign.o)
 .ARM.attributes
                0x0000000000000942       0x32 /home/tequilajohn/Ac6/SystemWorkbench/plugins/fr.ac6.mcu.externaltools.arm-none.linux64_1.17.0.201812190825/tools/compiler/bin/../lib/gcc/arm-none-eabi/7.3.1/../../../../arm-none-eabi/lib/thumb/v7e-m/fpv5/hard/libc_nano.a(lib_a-abort.o)
 .ARM.attributes