Archive member included to satisfy reference by file (symbol)

/home/tequilajohn/Ac6/SystemWorkbench/plugins/fr.ac6.mcu.externaltools.arm-none.linux64_1.17.0.201812190825/tools/compiler/bin/../lib/gcc/arm-none-eabi/7.3.1/../../../../arm-none-eabi/lib/thumb/v7e-m/fpv5/hard/libstdc++_nano.a(new_op.o)
                              Libraries/Devices/NANOTEC/NANOTEC.o (operator new(unsigned int))
/home/tequilajohn/Ac6/SystemWorkbench/plugins/fr.ac6.mcu.externaltools.arm-none.linux64_1.17.0.201812190825/tools/compiler/bin/../lib/gcc/arm-none-eabi/7.3.1/../../../../arm-none-eabi/lib/thumb/v7e-m/fpv5/hard/libstdc++_nano.a(new_handler.o)
                              /home/tequilajohn/Ac6/SystemWorkbench/plugins/fr.ac6.mcu.externaltools.arm-none.linux64_1.17.0.201812190825/tools/compiler/bin/../lib/gcc/arm-none-eabi/7.3.1/../../../../arm-none-eabi/lib/thumb/v7e-m/fpv5/hard/libstdc++_nano.a(new_op.o) (std::get_new_handler())
/home/tequilajohn/Ac6/SystemWorkbench/plugins/fr.ac6.mcu.externaltools.arm-none.linux64_1.17.0.201812190825/tools/compiler/bin/../lib/gcc/arm-none-eabi/7.3.1/../../../../arm-none-eabi/lib/thumb/v7e-m/fpv5/hard/libstdc++_nano.a(del_ops.o)
                              Libraries/Devices/NANOTEC/NANOTEC.o (operator delete(void*, unsigned int))
/home/tequilajohn/Ac6/SystemWorkbench/plugins/fr.ac6.mcu.externaltools.arm-none.linux64_1.17.0.201812190825/tools/compiler/bin/../lib/gcc/arm-none-eabi/7.3.1/../../../../arm-none-eabi/lib/thumb/v7e-m/fpv5/hard/libstdc++_nano.a(del_op.o)
                              /home/tequilajohn/Ac6/SystemWorkbench/plugins/fr.ac6.mcu.externaltools.arm-none.linux64_1.17.0.201812190825/tools/compiler/bin/../lib/gcc/arm-none-eabi/7.3.1/../../../../arm-none-eabi/lib/thumb/v7e-m/fpv5/hard/libstdc++_nano.a(del_ops.o) (operator delete(void*))
/home/tequilajohn/Ac6/SystemWorkbench/plugins/fr.ac6.mcu.externaltools.arm-none.linux64_1.17.0.201812190825/tools/compiler/bin/../lib/gcc/arm-none-eabi/7.3.1/../../../../arm-none-eabi/lib/thumb/v7e-m/fpv5/hard/libm.a(lib_a-sf_sin.o)
                              Src/TestBench.o (sinf)
/home/tequilajohn/Ac6/SystemWorkbench/plugins/fr.ac6.mcu.externaltools.arm-none.linux64_1.17.0.201812190825/tools/compiler/bin/../lib/gcc/arm-none-eabi/7.3.1/../../../../arm-none-eabi/lib/thumb/v7e-m/fpv5/hard/libm.a(lib_a-ef_rem_pio2.o)
                              /home/tequilajohn/Ac6/SystemWorkbench/plugins/fr.ac6.mcu.externaltools.arm-none.linux64_1.17.0.201812190825/tools/compiler/bin/../lib/gcc/arm-none-eabi/7.3.1/../../../../arm-none-eabi/lib/thumb/v7e-m/fpv5/hard/libm.a(lib_a-sf_sin.o) (__ieee754_rem_pio2f)
/home/tequilajohn/Ac6/SystemWorkbench/plugins/fr.ac6.mcu.externaltools.arm-none.linux64_1.17.0.201812190825/tools/compiler/bin/../lib/gcc/arm-none-eabi/7.3.1/../../../../arm-none-eabi/lib/thumb/v7e-m/fpv5/hard/libm.a(lib_a-kf_cos.o)
                              /home/tequilajohn/Ac6/SystemWorkbench/plugins/fr.ac6.mcu.externaltools.arm-none.linux64_1.17.0.201812190825/tools/compiler/bin/../lib/gcc/arm-none-eabi/7.3.1/../../../../arm-none-eabi/lib/thumb/v7e-m/fpv5/hard/libm.a(lib_a-sf_sin.o) (__kernel_cosf)
/home/tequilajohn/Ac6/SystemWorkbench/plugins/fr.ac6.mcu.externaltools.arm-none.linux64_1.17.0.201812190825/tools/compiler/bin/../lib/gcc/arm-none-eabi/7.3.1/../../../../arm-none-eabi/lib/thumb/v7e-m/fpv5/hard/libm.a(lib_a-kf_rem_pio2.o)
                              /home/tequilajohn/Ac6/SystemWorkbench/plugins/fr.ac6.mcu.externaltools.arm-none.linux64_1.17.0.201812190825/tools/compiler/bin/../lib/gcc/arm-none-eabi/7.3.1/../../../../arm-none-eabi/lib/thumb/v7e-m/fpv5/hard/libm.a(lib_a-ef_rem_pio2.o) (__kernel_rem_pio2f)
/home/tequilajohn/Ac6/SystemWorkbench/plugins/fr.ac6.mcu.externaltools.arm-none.linux64_1.17.0.201812190825/tools/compiler/bin/../lib/gcc/arm-none-eabi/7.3.1/../../../../arm-none-eabi/lib/thumb/v7e-m/fpv5/hard/libm.a(lib_a-kf_sin.o)
                              /home/tequilajohn/Ac6/SystemWorkbench/plugins/fr.ac6.mcu.externaltools.arm-none.linux64_1.17.0.201812190825/tools/compiler/bin/../lib/gcc/arm-none-eabi/7.3.1/../../../../arm-none-eabi/lib/thumb/v7e-m/fpv5/hard/libm.a(lib_a-sf_sin.o) (__kernel_sinf)
/home/tequilajohn/Ac6/SystemWorkbench/plugins/fr.ac6.mcu.externaltools.arm-none.linux64_1.17.0.201812190825/tools/compiler/bin/../lib/gcc/arm-none-eabi/7.3.1/../../../../arm-none-eabi/lib/thumb/v7e-m/fpv5/hard/libm.a(lib_a-sf_fabs.o)
                              /home/tequilajohn/Ac6/SystemWorkbench/plugins/fr.ac6.mcu.externaltools.arm-none.linux64_1.17.0.201812190825/tools/compiler/bin/../lib/gcc/arm-none-eabi/7.3.1/../../../../arm-none-eabi/lib/thumb/v7e-m/fpv5/hard/libm.a(lib_a-ef_rem_pio2.o) (fabsf)
/home/tequilajohn/Ac6/SystemWorkbench/plugins/fr.ac6.mcu.externaltools.arm-none.linux64_1.17.0.201812190825/tools/compiler/bin/../lib/gcc/arm-none-eabi/7.3.1/../../../../arm-none-eabi/lib/thumb/v7e-m/fpv5/hard/libm.a(lib_a-sf_floor.o)
[...]
Memory Configuration

Name             Origin             Length             Attributes
DTCMRAM          0x0000000020000000 0x0000000000020000 xrw
RAM_D1           0x0000000024000000 0x0000000000080000 xrw
RAM_D2           0x0000000030000000 0x0000000000048000 xrw
RAM_D3           0x0000000038000000 0x0000000000010000 xrw
ITCMRAM          0x0000000000000000 0x0000000000010000 xrw
FLASH            0x0000000008000000 0x0000000000200000 xr
*default*        0x0000000000000000 0xffffffffffffffff

Linker script and memory map

LOAD /home/tequilajohn/Ac6/SystemWorkbench/plugins/fr.ac6.mcu.externaltools.arm-none.linux64_1.17.0.201812190825/tools/compiler/bin/../lib/gcc/arm-none-eabi/7.3.1/thumb/v7e-m/fpv5/hard/crti.o
LOAD /home/tequilajohn/Ac6/SystemWorkbench/plugins/fr.ac6.mcu.externaltools.arm-none.linux64_1.17.0.201812190825/tools/compiler/bin/../lib/gcc/arm-none-eabi/7.3.1/thumb/v7e-m/fpv5/hard/crtbegin.o
LOAD /home/tequilajohn/Ac6/SystemWorkbench/plugins/fr.ac6.mcu.externaltools.arm-none.linux64_1.17.0.201812190825/tools/compiler/bin/../lib/gcc/arm-none-eabi/7.3.1/../../../../arm-none-eabi/lib/thumb/v7e-m/fpv5/hard/crt0.o
LOAD Drivers/STM32H7xx_HAL_Driver/Src/stm32h7xx_hal.o
LOAD Drivers/STM32H7xx_HAL_Driver/Src/stm32h7xx_hal_cortex.o
LOAD Drivers/STM32H7xx_HAL_Driver/Src/stm32h7xx_hal_dma.o
LOAD Drivers/STM32H7xx_HAL_Driver/Src/stm32h7xx_hal_dma_ex.o
LOAD Drivers/STM32H7xx_HAL_Driver/Src/stm32h7xx_hal_exti.o
LOAD Drivers/STM32H7xx_HAL_Driver/Src/stm32h7xx_hal_fdcan.o
LOAD Drivers/STM32H7xx_HAL_Driver/Src/stm32h7xx_hal_flash.o
LOAD Drivers/STM32H7xx_HAL_Driver/Src/stm32h7xx_hal_flash_ex.o
LOAD Drivers/STM32H7xx_HAL_Driver/Src/stm32h7xx_hal_gpio.o
LOAD Drivers/STM32H7xx_HAL_Driver/Src/stm32h7xx_hal_hsem.o
LOAD Drivers/STM32H7xx_HAL_Driver/Src/stm32h7xx_hal_i2c.o
LOAD Drivers/STM32H7xx_HAL_Driver/Src/stm32h7xx_hal_i2c_ex.o
LOAD Drivers/STM32H7xx_HAL_Driver/Src/stm32h7xx_hal_mdma.o
LOAD Drivers/STM32H7xx_HAL_Driver/Src/stm32h7xx_hal_pwr.o
LOAD Drivers/STM32H7xx_HAL_Driver/Src/stm32h7xx_hal_pwr_ex.o
LOAD Drivers/STM32H7xx_HAL_Driver/Src/stm32h7xx_hal_rcc.o
LOAD Drivers/STM32H7xx_HAL_Driver/Src/stm32h7xx_hal_rcc_ex.o
LOAD Drivers/STM32H7xx_HAL_Driver/Src/stm32h7xx_hal_tim.o
LOAD Drivers/STM32H7xx_HAL_Driver/Src/stm32h7xx_hal_tim_ex.o
LOAD Libraries/Devices/NANOTEC/NANOTEC.o
LOAD Libraries/Devices/NANOTEC/NANOTEC_Bus.o
LOAD Libraries/Periphirals/FDCAN/FDCAN.o
LOAD Src/TestBench.o
LOAD Src/main.o
LOAD Src/stm32h7xx_hal_msp.o
LOAD Src/stm32h7xx_it.o
LOAD Src/stm32h7xx_nucleo_144.o
LOAD Src/syscalls.o
LOAD Src/system_stm32h7xx.o
LOAD startup/startup_stm32h743xx.o
LOAD /home/tequilajohn/Ac6/SystemWorkbench/plugins/fr.ac6.mcu.externaltools.arm-none.linux64_1.17.0.201812190825/tools/compiler/bin/../lib/gcc/arm-none-eabi/7.3.1/../../../../arm-none-eabi/lib/thumb/v7e-m/fpv5/hard/libstdc++_nano.a
LOAD /home/tequilajohn/Ac6/SystemWorkbench/plugins/fr.ac6.mcu.externaltools.arm-none.linux64_1.17.0.201812190825/tools/compiler/bin/../lib/gcc/arm-none-eabi/7.3.1/../../../../arm-none-eabi/lib/thumb/v7e-m/fpv5/hard/libm.a
START GROUP
LOAD /home/tequilajohn/Ac6/SystemWorkbench/plugins/fr.ac6.mcu.externaltools.arm-none.linux64_1.17.0.201812190825/tools/compiler/bin/../lib/gcc/arm-none-eabi/7.3.1/thumb/v7e-m/fpv5/hard/libgcc.a
LOAD /home/tequilajohn/Ac6/SystemWorkbench/plugins/fr.ac6.mcu.externaltools.arm-none.linux64_1.17.0.201812190825/tools/compiler/bin/../lib/gcc/arm-none-eabi/7.3.1/../../../../arm-none-eabi/lib/thumb/v7e-m/fpv5/hard/libc_nano.a
END GROUP
START GROUP
LOAD /home/tequilajohn/Ac6/SystemWorkbench/plugins/fr.ac6.mcu.externaltools.arm-none.linux64_1.17.0.201812190825/tools/compiler/bin/../lib/gcc/arm-none-eabi/7.3.1/thumb/v7e-m/fpv5/hard/libgcc.a
LOAD /home/tequilajohn/Ac6/SystemWorkbench/plugins/fr.ac6.mcu.externaltools.arm-none.linux64_1.17.0.201812190825/tools/compiler/bin/../lib/gcc/arm-none-eabi/7.3.1/../../../../arm-none-eabi/lib/thumb/v7e-m/fpv5/hard/libc_nano.a
LOAD /home/tequilajohn/Ac6/SystemWorkbench/plugins/fr.ac6.mcu.externaltools.arm-none.linux64_1.17.0.201812190825/tools/compiler/bin/../lib/gcc/arm-none-eabi/7.3.1/../../../../arm-none-eabi/lib/thumb/v7e-m/fpv5/hard/libnosys.a
END GROUP
START GROUP
LOAD /home/tequilajohn/Ac6/SystemWorkbench/plugins/fr.ac6.mcu.externaltools.arm-none.linux64_1.17.0.201812190825/tools/compiler/bin/../lib/gcc/arm-none-eabi/7.3.1/thumb/v7e-m/fpv5/hard/libgcc.a
LOAD /home/tequilajohn/Ac6/SystemWorkbench/plugins/fr.ac6.mcu.externaltools.arm-none.linux64_1.17.0.201812190825/tools/compiler/bin/../lib/gcc/arm-none-eabi/7.3.1/../../../../arm-none-eabi/lib/thumb/v7e-m/fpv5/hard/libc_nano.a
LOAD /home/tequilajohn/Ac6/SystemWorkbench/plugins/fr.ac6.mcu.externaltools.arm-none.linux64_1.17.0.201812190825/tools/compiler/bin/../lib/gcc/arm-none-eabi/7.3.1/../../../../arm-none-eabi/lib/thumb/v7e-m/fpv5/hard/libnosys.a
END GROUP
LOAD /home/tequilajohn/Ac6/SystemWorkbench/plugins/fr.ac6.mcu.externaltools.arm-none.linux64_1.17.0.201812190825/tools/compiler/bin/../lib/gcc/arm-none-eabi/7.3.1/thumb/v7e-m/fpv5/hard/crtend.o
LOAD /home/tequilajohn/Ac6/SystemWorkbench/plugins/fr.ac6.mcu.externaltools.arm-none.linux64_1.17.0.201812190825/tools/compiler/bin/../lib/gcc/arm-none-eabi/7.3.1/thumb/v7e-m/fpv5/hard/crtn.o
                0x0000000020020000                _estack = 0x20020000
                0x0000000000000200                _Min_Heap_Size = 0x200
                0x0000000000000400                _Min_Stack_Size = 0x400

.isr_vector     0x0000000008000000      0x298
                0x0000000008000000                . = ALIGN (0x4)
 *(.isr_vector)
 .isr_vector    0x0000000008000000      0x298 startup/startup_stm32h743xx.o
                0x0000000008000000                g_pfnVectors
                0x0000000008000298                . = ALIGN (0x4)

.text           0x0000000008000298     0x4d60
                0x0000000008000298                . = ALIGN (0x4)
 *(.text)
 .text          0x0000000008000298       0x40 /home/tequilajohn/Ac6/SystemWorkbench/plugins/fr.ac6.mcu.externaltools.arm-none.linux64_1.17.0.201812190825/tools/compiler/bin/../lib/gcc/arm-none-eabi/7.3.1/thumb/v7e-m/fpv5/hard/crtbegin.o
 *(.text*)
 .text.HAL_InitTick
                0x00000000080002d8       0x4c Drivers/STM32H7xx_HAL_Driver/Src/stm32h7xx_hal.o
                0x00000000080002d8                HAL_InitTick
 .text.HAL_Init
                0x0000000008000324       0x5c Drivers/STM32H7xx_HAL_Driver/Src/stm32h7xx_hal.o
                0x0000000008000324                HAL_Init
 .text.HAL_IncTick
                0x0000000008000380       0x18 Drivers/STM32H7xx_HAL_Driver/Src/stm32h7xx_hal.o
                0x0000000008000380                HAL_IncTick
 .text.HAL_GetTick
                0x0000000008000398        0xc Drivers/STM32H7xx_HAL_Driver/Src/stm32h7xx_hal.o
                0x0000000008000398                HAL_GetTick
 .text.HAL_Delay
                0x00000000080003a4       0x28 Drivers/STM32H7xx_HAL_Driver/Src/stm32h7xx_hal.o
                0x00000000080003a4                HAL_Delay
 .text.HAL_GetREVID
                0x00000000080003cc        0xc Drivers/STM32H7xx_HAL_Driver/Src/stm32h7xx_hal.o
                0x00000000080003cc                HAL_GetREVID
 .text.HAL_NVIC_SetPriorityGrouping
                0x00000000080003d8       0x24 Drivers/STM32H7xx_HAL_Driver/Src/stm32h7xx_hal_cortex.o
                0x00000000080003d8                HAL_NVIC_SetPriorityGrouping
 .text.HAL_NVIC_SetPriority
                0x00000000080003fc       0x64 Drivers/STM32H7xx_HAL_Driver/Src/stm32h7xx_hal_cortex.o
                0x00000000080003fc                HAL_NVIC_SetPriority
 .text.HAL_NVIC_EnableIRQ
                0x0000000008000460       0x1c Drivers/STM32H7xx_HAL_Driver/Src/stm32h7xx_hal_cortex.o
                0x0000000008000460                HAL_NVIC_EnableIRQ
 .text.HAL_SYSTICK_Config
                0x000000000800047c       0x2c Drivers/STM32H7xx_HAL_Driver/Src/stm32h7xx_hal_cortex.o
                0x000000000800047c                HAL_SYSTICK_Config
 .text.FDCAN_CalcultateRamBlockAddresses
                0x00000000080004a8      0x1d4 Drivers/STM32H7xx_HAL_Driver/Src/stm32h7xx_hal_fdcan.o
 .text.FDCAN_CopyMessageToRAM
                0x000000000800067c       0x80 Drivers/STM32H7xx_HAL_Driver/Src/stm32h7xx_hal_fdcan.o
 .text.HAL_FDCAN_Init
                0x00000000080006fc      0x294 Drivers/STM32H7xx_HAL_Driver/Src/stm32h7xx_hal_fdcan.o
                0x00000000080006fc                HAL_FDCAN_Init
 .text.HAL_FDCAN_ConfigFilter
                0x0000000008000990       0x86 Drivers/STM32H7xx_HAL_Driver/Src/stm32h7xx_hal_fdcan.o
                0x0000000008000990                HAL_FDCAN_ConfigFilter
 .text.HAL_FDCAN_ConfigTxDelayCompensation
                0x0000000008000a16       0x26 Drivers/STM32H7xx_HAL_Driver/Src/stm32h7xx_hal_fdcan.o
                0x0000000008000a16                HAL_FDCAN_ConfigTxDelayCompensation
 .text.HAL_FDCAN_EnableTxDelayCompensation
                0x0000000008000a3c       0x28 Drivers/STM32H7xx_HAL_Driver/Src/stm32h7xx_hal_fdcan.o
                0x0000000008000a3c                HAL_FDCAN_EnableTxDelayCompensation
 .text.HAL_FDCAN_Start
                0x0000000008000a64       0x34 Drivers/STM32H7xx_HAL_Driver/Src/stm32h7xx_hal_fdcan.o
                0x0000000008000a64                HAL_FDCAN_Start
 .text.HAL_FDCAN_AddMessageToTxFifoQ
                0x0000000008000a98       0x74 Drivers/STM32H7xx_HAL_Driver/Src/stm32h7xx_hal_fdcan.o
                0x0000000008000a98                HAL_FDCAN_AddMessageToTxFifoQ
 .text.HAL_FDCAN_GetRxMessage
                0x0000000008000b0c      0x1bc Drivers/STM32H7xx_HAL_Driver/Src/stm32h7xx_hal_fdcan.o
                0x0000000008000b0c                HAL_FDCAN_GetRxMessage
 .text.HAL_FDCAN_GetRxFifoFillLevel
                0x0000000008000cc8       0x1c Drivers/STM32H7xx_HAL_Driver/Src/stm32h7xx_hal_fdcan.o
                0x0000000008000cc8                HAL_FDCAN_GetRxFifoFillLevel
 .text.HAL_FDCAN_ActivateNotification
                0x0000000008000ce4       0x90 Drivers/STM32H7xx_HAL_Driver/Src/stm32h7xx_hal_fdcan.o
                0x0000000008000ce4                HAL_FDCAN_ActivateNotification
 .text.HAL_FDCAN_ClockCalibrationCallback
                0x0000000008000d74        0x2 Drivers/STM32H7xx_HAL_Driver/Src/stm32h7xx_hal_fdcan.o
                0x0000000008000d74                HAL_FDCAN_ClockCalibrationCallback
 .text.HAL_FDCAN_TxEventFifoCallback
                0x0000000008000d76        0x2 Drivers/STM32H7xx_HAL_Driver/Src/stm32h7xx_hal_fdcan.o
                0x0000000008000d76                HAL_FDCAN_TxEventFifoCallback
 .text.HAL_FDCAN_RxFifo1Callback
                0x0000000008000d78        0x2 Drivers/STM32H7xx_HAL_Driver/Src/stm32h7xx_hal_fdcan.o
                0x0000000008000d78                HAL_FDCAN_RxFifo1Callback
 .text.HAL_FDCAN_TxBufferAbortCallback
                0x0000000008000d7a        0x2 Drivers/STM32H7xx_HAL_Driver/Src/stm32h7xx_hal_fdcan.o
                0x0000000008000d7a                HAL_FDCAN_TxBufferAbortCallback
 .text.HAL_FDCAN_TimestampWraparoundCallback
                0x0000000008000d7c        0x2 Drivers/STM32H7xx_HAL_Driver/Src/stm32h7xx_hal_fdcan.o
                0x0000000008000d7c                HAL_FDCAN_TimestampWraparoundCallback
 .text.HAL_FDCAN_TimeoutOccurredCallback
                0x0000000008000d7e        0x2 Drivers/STM32H7xx_HAL_Driver/Src/stm32h7xx_hal_fdcan.o
                0x0000000008000d7e                HAL_FDCAN_TimeoutOccurredCallback
 .text.HAL_FDCAN_HighPriorityMessageCallback
                0x0000000008000d80        0x2 Drivers/STM32H7xx_HAL_Driver/Src/stm32h7xx_hal_fdcan.o
                0x0000000008000d80                HAL_FDCAN_HighPriorityMessageCallback
 .text.HAL_FDCAN_ErrorStatusCallback
                0x0000000008000d82        0x2 Drivers/STM32H7xx_HAL_Driver/Src/stm32h7xx_hal_fdcan.o
                0x0000000008000d82                HAL_FDCAN_ErrorStatusCallback
 .text.HAL_FDCAN_TT_ScheduleSyncCallback
                0x0000000008000d84        0x2 Drivers/STM32H7xx_HAL_Driver/Src/stm32h7xx_hal_fdcan.o
                0x0000000008000d84                HAL_FDCAN_TT_ScheduleSyncCallback
 .text.HAL_FDCAN_TT_TimeMarkCallback
                0x0000000008000d86        0x2 Drivers/STM32H7xx_HAL_Driver/Src/stm32h7xx_hal_fdcan.o
                0x0000000008000d86                HAL_FDCAN_TT_TimeMarkCallback
 .text.HAL_FDCAN_TT_StopWatchCallback
                0x0000000008000d88        0x2 Drivers/STM32H7xx_HAL_Driver/Src/stm32h7xx_hal_fdcan.o
                0x0000000008000d88                HAL_FDCAN_TT_StopWatchCallback
 .text.HAL_FDCAN_TT_GlobalTimeCallback
                0x0000000008000d8a        0x2 Drivers/STM32H7xx_HAL_Driver/Src/stm32h7xx_hal_fdcan.o
                0x0000000008000d8a                HAL_FDCAN_TT_GlobalTimeCallback
 .text.HAL_FDCAN_IRQHandler
                0x0000000008000d8c      0x32c Drivers/STM32H7xx_HAL_Driver/Src/stm32h7xx_hal_fdcan.o
                0x0000000008000d8c                HAL_FDCAN_IRQHandler
 .text.HAL_GPIO_Init
                0x00000000080010b8      0x1e0 Drivers/STM32H7xx_HAL_Driver/Src/stm32h7xx_hal_gpio.o
                0x00000000080010b8                HAL_GPIO_Init
 .text.HAL_GPIO_WritePin
                0x0000000008001298        0xc Drivers/STM32H7xx_HAL_Driver/Src/stm32h7xx_hal_gpio.o
                0x0000000008001298                HAL_GPIO_WritePin
 .text.HAL_PWREx_ConfigSupply
                0x00000000080012a4       0x54 Drivers/STM32H7xx_HAL_Driver/Src/stm32h7xx_hal_pwr_ex.o
                0x00000000080012a4                HAL_PWREx_ConfigSupply
 .text.HAL_RCC_OscConfig
                0x00000000080012f8      0x648 Drivers/STM32H7xx_HAL_Driver/Src/stm32h7xx_hal_rcc.o
                0x00000000080012f8                HAL_RCC_OscConfig
 .text.HAL_RCC_GetSysClockFreq
                0x0000000008001940      0x1ec Drivers/STM32H7xx_HAL_Driver/Src/stm32h7xx_hal_rcc.o
                0x0000000008001940                HAL_RCC_GetSysClockFreq
 .text.HAL_RCC_ClockConfig
                0x0000000008001b2c      0x294 Drivers/STM32H7xx_HAL_Driver/Src/stm32h7xx_hal_rcc.o
                0x0000000008001b2c                HAL_RCC_ClockConfig
 .text.RCCEx_PLL2_Config
                0x0000000008001dc0      0x10c Drivers/STM32H7xx_HAL_Driver/Src/stm32h7xx_hal_rcc_ex.o
 .text.RCCEx_PLL3_Config
                0x0000000008001ecc      0x10c Drivers/STM32H7xx_HAL_Driver/Src/stm32h7xx_hal_rcc_ex.o
 .text.HAL_RCCEx_PeriphCLKConfig
                0x0000000008001fd8      0x938 Drivers/STM32H7xx_HAL_Driver/Src/stm32h7xx_hal_rcc_ex.o
                0x0000000008001fd8                HAL_RCCEx_PeriphCLKConfig
 .text._Z5delaym
                0x0000000008002910        0x8 Libraries/Devices/NANOTEC/NANOTEC.o
                0x0000000008002910                delay(unsigned long)
 .text._ZN7NANOTECC2EP5FDCANhfffmfb
                0x0000000008002918       0x50 Libraries/Devices/NANOTEC/NANOTEC.o
                0x0000000008002918                NANOTEC::NANOTEC(FDCAN*, unsigned char, float, float, float, unsigned long, float, bool)
                0x0000000008002918                NANOTEC::NANOTEC(FDCAN*, unsigned char, float, float, float, unsigned long, float, bool)
 .text._ZN7NANOTEC9ResetNodeEv
                0x0000000008002968       0x64 Libraries/Devices/NANOTEC/NANOTEC.o
                0x0000000008002968                NANOTEC::ResetNode()
 .text._ZN7NANOTEC12ActivateNodeEv
                0x00000000080029cc       0x58 Libraries/Devices/NANOTEC/NANOTEC.o
                0x00000000080029cc                NANOTEC::ActivateNode()
 .text._ZN7NANOTEC20ActivateStateMachineEv
                0x0000000008002a24       0x4e Libraries/Devices/NANOTEC/NANOTEC.o
                0x0000000008002a24                NANOTEC::ActivateStateMachine()
 *fill*         0x0000000008002a72        0x2 
 .text._ZN7NANOTEC17SetTorqueSettingsEv
                0x0000000008002a74       0xd4 Libraries/Devices/NANOTEC/NANOTEC.o
                0x0000000008002a74                NANOTEC::SetTorqueSettings()
 .text._ZN7NANOTEC17GetEncoderBootRawEv
                0x0000000008002b48       0x20 Libraries/Devices/NANOTEC/NANOTEC.o
                0x0000000008002b48                NANOTEC::GetEncoderBootRaw()
 .text._ZN7NANOTEC15SetEncoderUnitsEv
                0x0000000008002b68       0x3c Libraries/Devices/NANOTEC/NANOTEC.o
                0x0000000008002b68                NANOTEC::SetEncoderUnits()
 .text._ZN7NANOTEC19GetEncoderUnitsBootEv
                0x0000000008002ba4       0x32 Libraries/Devices/NANOTEC/NANOTEC.o
                0x0000000008002ba4                NANOTEC::GetEncoderUnitsBoot()
 .text._ZN7NANOTEC9ExitFaultEv
                0x0000000008002bd6       0x32 Libraries/Devices/NANOTEC/NANOTEC.o
                0x0000000008002bd6                NANOTEC::ExitFault()
 .text._ZN7NANOTEC14DeactivatePDOsEv
                0x0000000008002c08       0xc4 Libraries/Devices/NANOTEC/NANOTEC.o
                0x0000000008002c08                NANOTEC::DeactivatePDOs()
 .text._ZN7NANOTEC10ResetFaultEv
                0x0000000008002ccc       0x32 Libraries/Devices/NANOTEC/NANOTEC.o
                0x0000000008002ccc                NANOTEC::ResetFault()
 .text._ZN7NANOTEC18PreoperationalNodeEv
                0x0000000008002cfe       0x64 Libraries/Devices/NANOTEC/NANOTEC.o
                0x0000000008002cfe                NANOTEC::PreoperationalNode()
 .text._ZN7NANOTEC12ActivatePDOsEv
                0x0000000008002d62       0x72 Libraries/Devices/NANOTEC/NANOTEC.o
                0x0000000008002d62                NANOTEC::ActivatePDOs()
 .text._ZN7NANOTEC13ConfigurePDOSEv
                0x0000000008002dd4      0x15c Libraries/Devices/NANOTEC/NANOTEC.o
                0x0000000008002dd4                NANOTEC::ConfigurePDOS()
 .text._ZN7NANOTEC9ConfigureEv
                0x0000000008002f30       0x70 Libraries/Devices/NANOTEC/NANOTEC.o
                0x0000000008002f30                NANOTEC::Configure()
 .text._ZN7NANOTEC9SetTorqueEf
                0x0000000008002fa0       0x6c Libraries/Devices/NANOTEC/NANOTEC.o
                0x0000000008002fa0                NANOTEC::SetTorque(float)
 .text._ZN7NANOTEC13GetEncoderRawEv
                0x000000000800300c       0x20 Libraries/Devices/NANOTEC/NANOTEC.o
                0x000000000800300c                NANOTEC::GetEncoderRaw()
 .text._ZN7NANOTEC8GetAngleEv
                0x000000000800302c       0x2e Libraries/Devices/NANOTEC/NANOTEC.o
                0x000000000800302c                NANOTEC::GetAngle()
 .text._ZN15NANOTEC_CANOpen7lowByteEt
                0x000000000800305a        0x4 Libraries/Devices/NANOTEC/NANOTEC_Bus.o
                0x000000000800305a                NANOTEC_CANOpen::lowByte(unsigned short)
 .text._ZN15NANOTEC_CANOpen8highByteEt
                0x000000000800305e        0x4 Libraries/Devices/NANOTEC/NANOTEC_Bus.o
                0x000000000800305e                NANOTEC_CANOpen::highByte(unsigned short)
 .text._ZN15NANOTEC_CANOpen11readRequestEhth
                0x0000000008003062       0x46 Libraries/Devices/NANOTEC/NANOTEC_Bus.o
                0x0000000008003062                NANOTEC_CANOpen::readRequest(unsigned char, unsigned short, unsigned char)
 .text._ZN15NANOTEC_CANOpen9waitReplyEhthm
                0x00000000080030a8       0xa6 Libraries/Devices/NANOTEC/NANOTEC_Bus.o
                0x00000000080030a8                NANOTEC_CANOpen::waitReply(unsigned char, unsigned short, unsigned char, unsigned long)
 .text._ZN15NANOTEC_CANOpen13writeRegisterEhthh
                0x000000000800314e       0x5a Libraries/Devices/NANOTEC/NANOTEC_Bus.o
                0x000000000800314e                NANOTEC_CANOpen::writeRegister(unsigned char, unsigned short, unsigned char, unsigned char)
 .text._ZN15NANOTEC_CANOpen13writeRegisterEhtha
                0x00000000080031a8       0x5a Libraries/Devices/NANOTEC/NANOTEC_Bus.o
                0x00000000080031a8                NANOTEC_CANOpen::writeRegister(unsigned char, unsigned short, unsigned char, signed char)
 .text._ZN15NANOTEC_CANOpen13writeRegisterEhtht
                0x0000000008003202       0x60 Libraries/Devices/NANOTEC/NANOTEC_Bus.o
                0x0000000008003202                NANOTEC_CANOpen::writeRegister(unsigned char, unsigned short, unsigned char, unsigned short)
 .text._ZN15NANOTEC_CANOpen13writeRegisterEhths
                0x0000000008003262       0x62 Libraries/Devices/NANOTEC/NANOTEC_Bus.o
                0x0000000008003262                NANOTEC_CANOpen::writeRegister(unsigned char, unsigned short, unsigned char, short)
 .text._ZN15NANOTEC_CANOpen13writeRegisterEhthm
                0x00000000080032c4       0x64 Libraries/Devices/NANOTEC/NANOTEC_Bus.o
                0x00000000080032c4                NANOTEC_CANOpen::writeRegister(unsigned char, unsigned short, unsigned char, unsigned long)
 .text._ZN15NANOTEC_CANOpen9waitReplyEhthmPm
                0x0000000008003328       0xc6 Libraries/Devices/NANOTEC/NANOTEC_Bus.o
                0x0000000008003328                NANOTEC_CANOpen::waitReply(unsigned char, unsigned short, unsigned char, unsigned long, unsigned long*)
 .text._ZN15NANOTEC_CANOpen12readRegisterEhthPm
                0x00000000080033ee       0x28 Libraries/Devices/NANOTEC/NANOTEC_Bus.o
                0x00000000080033ee                NANOTEC_CANOpen::readRegister(unsigned char, unsigned short, unsigned char, unsigned long*)
 .text._ZN15NANOTEC_CANOpen9waitReplyEhthmPl
                0x0000000008003416       0xc8 Libraries/Devices/NANOTEC/NANOTEC_Bus.o
                0x0000000008003416                NANOTEC_CANOpen::waitReply(unsigned char, unsigned short, unsigned char, unsigned long, long*)
 .text._ZN15NANOTEC_CANOpen12readRegisterEhthPl
                0x00000000080034de       0x28 Libraries/Devices/NANOTEC/NANOTEC_Bus.o
                0x00000000080034de                NANOTEC_CANOpen::readRegister(unsigned char, unsigned short, unsigned char, long*)
 .text._ZN15NANOTEC_CANOpen9waitForIdEtbm
                0x0000000008003506       0x68 Libraries/Devices/NANOTEC/NANOTEC_Bus.o
                0x0000000008003506                NANOTEC_CANOpen::waitForId(unsigned short, bool, unsigned long)
 *fill*         0x000000000800356e        0x2 
 .text._ZN5FDCAN14InitPeripheralEv
                0x0000000008003570      0x104 Libraries/Periphirals/FDCAN/FDCAN.o
                0x0000000008003570                FDCAN::InitPeripheral()
 .text._ZN5FDCAN19ConfigurePeripheralEv
                0x0000000008003674      0x1a8 Libraries/Periphirals/FDCAN/FDCAN.o
                0x0000000008003674                FDCAN::ConfigurePeripheral()
 .text._ZN5FDCANC2Ev
                0x000000000800381c       0x18 Libraries/Periphirals/FDCAN/FDCAN.o
                0x000000000800381c                FDCAN::FDCAN()
                0x000000000800381c                FDCAN::FDCAN()
 .text._ZN5FDCAN14GetRxFiFoLevelEv
                0x0000000008003834        0xe Libraries/Periphirals/FDCAN/FDCAN.o
                0x0000000008003834                FDCAN::GetRxFiFoLevel()
 .text._ZN5FDCAN12WriteMessageEmhhhhhhhhh
                0x0000000008003842       0xbc Libraries/Periphirals/FDCAN/FDCAN.o
                0x0000000008003842                FDCAN::WriteMessage(unsigned long, unsigned char, unsigned char, unsigned char, unsigned char, unsigned char, unsigned char, unsigned char, unsigned char, unsigned char)
 .text._ZN5FDCAN4ReadEP21FDCAN_RxHeaderTypeDefPh
                0x00000000080038fe       0x1a Libraries/Periphirals/FDCAN/FDCAN.o
                0x00000000080038fe                FDCAN::Read(FDCAN_RxHeaderTypeDef*, unsigned char*)
 .text._ZN5FDCAN15MessageCallbackEP19FDCAN_HandleTypeDef
                0x0000000008003918       0x38 Libraries/Periphirals/FDCAN/FDCAN.o
                0x0000000008003918                FDCAN::MessageCallback(FDCAN_HandleTypeDef*)
 .text.FDCAN1_IT0_IRQHandler
                0x0000000008003950       0x14 Libraries/Periphirals/FDCAN/FDCAN.o
                0x0000000008003950                FDCAN1_IT0_IRQHandler
 .text.FDCAN1_IT1_IRQHandler
                0x0000000008003964       0x14 Libraries/Periphirals/FDCAN/FDCAN.o
                0x0000000008003964                FDCAN1_IT1_IRQHandler
 .text.HAL_FDCAN_RxFifo0Callback
                0x0000000008003978       0x2e Libraries/Periphirals/FDCAN/FDCAN.o
                0x0000000008003978                HAL_FDCAN_RxFifo0Callback
 .text.HAL_FDCAN_RxBufferNewMessageCallback
                0x00000000080039a6        0x8 Libraries/Periphirals/FDCAN/FDCAN.o
                0x00000000080039a6                HAL_FDCAN_RxBufferNewMessageCallback
 .text.HAL_FDCAN_TxFifoEmptyCallback
                0x00000000080039ae        0xa Libraries/Periphirals/FDCAN/FDCAN.o
                0x00000000080039ae                HAL_FDCAN_TxFifoEmptyCallback
 .text.HAL_FDCAN_TxBufferCompleteCallback
                0x00000000080039b8       0x12 Libraries/Periphirals/FDCAN/FDCAN.o
                0x00000000080039b8                HAL_FDCAN_TxBufferCompleteCallback
 .text.HAL_FDCAN_ErrorCallback
                0x00000000080039ca        0xa Libraries/Periphirals/FDCAN/FDCAN.o
                0x00000000080039ca                HAL_FDCAN_ErrorCallback
 .text.TestBench
                0x00000000080039d4      0x1cc Src/TestBench.o
                0x00000000080039d4                TestBench
 .text.MX_GPIO_Init
                0x0000000008003ba0      0x1f8 Src/main.o
 .text.SystemClock_Config
                0x0000000008003d98       0xcc Src/main.o
                0x0000000008003d98                SystemClock_Config
 .text.LED_Display
                0x0000000008003e64       0x3a Src/main.o
                0x0000000008003e64                LED_Display
 *fill*         0x0000000008003e9e        0x2 
 .text.main     0x0000000008003ea0       0x40 Src/main.o
                0x0000000008003ea0                main
 .text.Error_Handler
                0x0000000008003ee0        0x2 Src/main.o
                0x0000000008003ee0                Error_Handler
 *fill*         0x0000000008003ee2        0x2 
 .text.HAL_MspInit
                0x0000000008003ee4       0x24 Src/stm32h7xx_hal_msp.o
                0x0000000008003ee4                HAL_MspInit
 .text.HAL_FDCAN_MspInit
                0x0000000008003f08       0x94 Src/stm32h7xx_hal_msp.o
                0x0000000008003f08                HAL_FDCAN_MspInit
 .text.NMI_Handler
                0x0000000008003f9c        0x2 Src/stm32h7xx_it.o
                0x0000000008003f9c                NMI_Handler
 .text.HardFault_Handler
                0x0000000008003f9e        0x2 Src/stm32h7xx_it.o
                0x0000000008003f9e                HardFault_Handler
 .text.MemManage_Handler
                0x0000000008003fa0        0x2 Src/stm32h7xx_it.o
                0x0000000008003fa0                MemManage_Handler
 .text.BusFault_Handler
                0x0000000008003fa2        0x2 Src/stm32h7xx_it.o
                0x0000000008003fa2                BusFault_Handler
 .text.UsageFault_Handler
                0x0000000008003fa4        0x2 Src/stm32h7xx_it.o
                0x0000000008003fa4                UsageFault_Handler
 .text.SVC_Handler
                0x0000000008003fa6        0x2 Src/stm32h7xx_it.o
                0x0000000008003fa6                SVC_Handler
 .text.DebugMon_Handler
                0x0000000008003fa8        0x2 Src/stm32h7xx_it.o
                0x0000000008003fa8                DebugMon_Handler
 .text.PendSV_Handler
                0x0000000008003faa        0x2 Src/stm32h7xx_it.o
                0x0000000008003faa                PendSV_Handler
 .text.SysTick_Handler
                0x0000000008003fac        0x8 Src/stm32h7xx_it.o
                0x0000000008003fac                SysTick_Handler
 .text.BSP_LED_On
                0x0000000008003fb4       0x20 Src/stm32h7xx_nucleo_144.o
                0x0000000008003fb4                BSP_LED_On
 .text.BSP_LED_Off
                0x0000000008003fd4       0x20 Src/stm32h7xx_nucleo_144.o
                0x0000000008003fd4                BSP_LED_Off
 .text._getpid  0x0000000008003ff4        0x4 Src/syscalls.o
                0x0000000008003ff4                _getpid
 .text._kill    0x0000000008003ff8       0x10 Src/syscalls.o
                0x0000000008003ff8                _kill
 .text._exit    0x0000000008004008        0xc Src/syscalls.o
                0x0000000008004008                _exit
 .text._sbrk    0x0000000008004014       0x3c Src/syscalls.o
                0x0000000008004014                _sbrk
 .text.SystemInit
                0x0000000008004050       0x7c Src/system_stm32h7xx.o
                0x0000000008004050                SystemInit
 .text.Reset_Handler
                0x00000000080040cc       0x50 startup/startup_stm32h743xx.o
                0x00000000080040cc                Reset_Handler
 .text.Default_Handler
                0x000000000800411c        0x2 startup/startup_stm32h743xx.o
                0x000000000800411c                RTC_Alarm_IRQHandler
                0x000000000800411c                EXTI2_IRQHandler
                0x000000000800411c                TIM8_CC_IRQHandler
                0x000000000800411c                HRTIM1_Master_IRQHandler
                0x000000000800411c                UART8_IRQHandler
                0x000000000800411c                SPI4_IRQHandler
                0x000000000800411c                TIM1_CC_IRQHandler
                0x000000000800411c                BDMA_Channel6_IRQHandler
                0x000000000800411c                DMA2_Stream5_IRQHandler
                0x000000000800411c                HRTIM1_FLT_IRQHandler
                0x000000000800411c                JPEG_IRQHandler
                0x000000000800411c                DMA1_Stream5_IRQHandler
                0x000000000800411c                BDMA_Channel1_IRQHandler
                0x000000000800411c                HRTIM1_TIMD_IRQHandler
                0x000000000800411c                TAMP_STAMP_IRQHandler
                0x000000000800411c                EXTI3_IRQHandler
                0x000000000800411c                LPTIM4_IRQHandler
                0x000000000800411c                TIM8_TRG_COM_TIM14_IRQHandler
                0x000000000800411c                LPTIM2_IRQHandler
                0x000000000800411c                DFSDM1_FLT1_IRQHandler
                0x000000000800411c                DMAMUX2_OVR_IRQHandler
                0x000000000800411c                TIM8_UP_TIM13_IRQHandler
                0x000000000800411c                I2C3_ER_IRQHandler
                0x000000000800411c                DFSDM1_FLT2_IRQHandler
                0x000000000800411c                MDMA_IRQHandler
                0x000000000800411c                LPTIM3_IRQHandler
                0x000000000800411c                HSEM1_IRQHandler
                0x000000000800411c                EXTI0_IRQHandler
                0x000000000800411c                I2C2_EV_IRQHandler
                0x000000000800411c                DMA1_Stream2_IRQHandler
                0x000000000800411c                FPU_IRQHandler
                0x000000000800411c                OTG_HS_WKUP_IRQHandler
                0x000000000800411c                LTDC_ER_IRQHandler
                0x000000000800411c                DMA2_Stream2_IRQHandler
                0x000000000800411c                HRTIM1_TIME_IRQHandler
                0x000000000800411c                SPI1_IRQHandler
                0x000000000800411c                TIM6_DAC_IRQHandler
                0x000000000800411c                DCMI_IRQHandler
                0x000000000800411c                HRTIM1_TIMC_IRQHandler
                0x000000000800411c                DMA2_Stream3_IRQHandler
                0x000000000800411c                SAI2_IRQHandler
                0x000000000800411c                DFSDM1_FLT3_IRQHandler
                0x000000000800411c                USART6_IRQHandler
                0x000000000800411c                TIM17_IRQHandler
                0x000000000800411c                USART3_IRQHandler
                0x000000000800411c                BDMA_Channel7_IRQHandler
                0x000000000800411c                LPTIM5_IRQHandler
                0x000000000800411c                UART5_IRQHandler
                0x000000000800411c                ADC3_IRQHandler
                0x000000000800411c                DMA2_Stream0_IRQHandler
                0x000000000800411c                TIM4_IRQHandler
                0x000000000800411c                BDMA_Channel2_IRQHandler
                0x000000000800411c                QUADSPI_IRQHandler
                0x000000000800411c                I2C1_EV_IRQHandler
                0x000000000800411c                DMA1_Stream6_IRQHandler
                0x000000000800411c                DMAMUX1_OVR_IRQHandler
                0x000000000800411c                DMA1_Stream1_IRQHandler
                0x000000000800411c                TIM16_IRQHandler
                0x000000000800411c                UART4_IRQHandler
                0x000000000800411c                BDMA_Channel5_IRQHandler
                0x000000000800411c                TIM3_IRQHandler
                0x000000000800411c                RCC_IRQHandler
                0x000000000800411c                TIM8_BRK_TIM12_IRQHandler
                0x000000000800411c                TIM1_TRG_COM_IRQHandler
                0x000000000800411c                Default_Handler
                0x000000000800411c                ECC_IRQHandler
                0x000000000800411c                CEC_IRQHandler
                0x000000000800411c                EXTI15_10_IRQHandler
                0x000000000800411c                BDMA_Channel0_IRQHandler
                0x000000000800411c                ADC_IRQHandler
                0x000000000800411c                DMA1_Stream7_IRQHandler
                0x000000000800411c                HRTIM1_TIMA_IRQHandler
                0x000000000800411c                SPI5_IRQHandler
                0x000000000800411c                TIM7_IRQHandler
                0x000000000800411c                SDMMC1_IRQHandler
                0x000000000800411c                TIM5_IRQHandler
                0x000000000800411c                DMA2_Stream7_IRQHandler
                0x000000000800411c                TIM15_IRQHandler
                0x000000000800411c                PVD_AVD_IRQHandler
                0x000000000800411c                I2C3_EV_IRQHandler
                0x000000000800411c                EXTI9_5_IRQHandler
                0x000000000800411c                RTC_WKUP_IRQHandler
                0x000000000800411c                LTDC_IRQHandler
                0x000000000800411c                SAI3_IRQHandler
                0x000000000800411c                ETH_WKUP_IRQHandler
                0x000000000800411c                SPDIF_RX_IRQHandler
                0x000000000800411c                SPI2_IRQHandler
                0x000000000800411c                OTG_HS_EP1_IN_IRQHandler
                0x000000000800411c                DMA1_Stream0_IRQHandler
                0x000000000800411c                CRS_IRQHandler
                0x000000000800411c                EXTI4_IRQHandler
                0x000000000800411c                RNG_IRQHandler
                0x000000000800411c                HRTIM1_TIMB_IRQHandler
                0x000000000800411c                FDCAN2_IT1_IRQHandler
                0x000000000800411c                ETH_IRQHandler
                0x000000000800411c                TIM1_UP_IRQHandler
                0x000000000800411c                BDMA_Channel4_IRQHandler
                0x000000000800411c                OTG_HS_EP1_OUT_IRQHandler
                0x000000000800411c                WWDG_IRQHandler
                0x000000000800411c                SPI6_IRQHandler
                0x000000000800411c                MDIOS_IRQHandler
                0x000000000800411c                I2C4_EV_IRQHandler
                0x000000000800411c                FDCAN2_IT0_IRQHandler
                0x000000000800411c                LPUART1_IRQHandler
                0x000000000800411c                TIM2_IRQHandler
                0x000000000800411c                OTG_FS_WKUP_IRQHandler
                0x000000000800411c                OTG_HS_IRQHandler
                0x000000000800411c                DMA2D_IRQHandler
                0x000000000800411c                TIM1_BRK_IRQHandler
                0x000000000800411c                EXTI1_IRQHandler
                0x000000000800411c                SDMMC2_IRQHandler
                0x000000000800411c                OTG_FS_EP1_OUT_IRQHandler
                0x000000000800411c                BDMA_Channel3_IRQHandler
                0x000000000800411c                UART7_IRQHandler
                0x000000000800411c                MDIOS_WKUP_IRQHandler
                0x000000000800411c                USART2_IRQHandler
                0x000000000800411c                DFSDM1_FLT0_IRQHandler
                0x000000000800411c                SAI4_IRQHandler
                0x000000000800411c                I2C2_ER_IRQHandler
                0x000000000800411c                DMA2_Stream1_IRQHandler
                0x000000000800411c                FLASH_IRQHandler
                0x000000000800411c                DMA2_Stream4_IRQHandler
                0x000000000800411c                USART1_IRQHandler
                0x000000000800411c                OTG_FS_IRQHandler
                0x000000000800411c                SPI3_IRQHandler
                0x000000000800411c                WAKEUP_PIN_IRQHandler
                0x000000000800411c                DMA1_Stream4_IRQHandler
                0x000000000800411c                OTG_FS_EP1_IN_IRQHandler
                0x000000000800411c                I2C1_ER_IRQHandler
                0x000000000800411c                FMC_IRQHandler
                0x000000000800411c                FDCAN_CAL_IRQHandler
                0x000000000800411c                SWPMI1_IRQHandler
                0x000000000800411c                COMP1_IRQHandler
                0x000000000800411c                LPTIM1_IRQHandler
                0x000000000800411c                I2C4_ER_IRQHandler
                0x000000000800411c                DMA2_Stream6_IRQHandler
                0x000000000800411c                SAI1_IRQHandler
                0x000000000800411c                DMA1_Stream3_IRQHandler
 .text._Znwj    0x000000000800411e       0x22 /home/tequilajohn/Ac6/SystemWorkbench/plugins/fr.ac6.mcu.externaltools.arm-none.linux64_1.17.0.201812190825/tools/compiler/bin/../lib/gcc/arm-none-eabi/7.3.1/../../../../arm-none-eabi/lib/thumb/v7e-m/fpv5/hard/libstdc++_nano.a(new_op.o)
                0x000000000800411e                operator new(unsigned int)
 .text._ZSt15get_new_handlerv
                0x0000000008004140       0x10 /home/tequilajohn/Ac6/SystemWorkbench/plugins/fr.ac6.mcu.externaltools.arm-none.linux64_1.17.0.201812190825/tools/compiler/bin/../lib/gcc/arm-none-eabi/7.3.1/../../../../arm-none-eabi/lib/thumb/v7e-m/fpv5/hard/libstdc++_nano.a(new_handler.o)
                0x0000000008004140                std::get_new_handler()
 .text.sinf     0x0000000008004150       0x94 /home/tequilajohn/Ac6/SystemWorkbench/plugins/fr.ac6.mcu.externaltools.arm-none.linux64_1.17.0.201812190825/tools/compiler/bin/../lib/gcc/arm-none-eabi/7.3.1/../../../../arm-none-eabi/lib/thumb/v7e-m/fpv5/hard/libm.a(lib_a-sf_sin.o)
                0x0000000008004150                sinf
 .text.__ieee754_rem_pio2f
                0x00000000080041e4      0x298 /home/tequilajohn/Ac6/SystemWorkbench/plugins/fr.ac6.mcu.externaltools.arm-none.linux64_1.17.0.201812190825/tools/compiler/bin/../lib/gcc/arm-none-eabi/7.3.1/../../../../arm-none-eabi/lib/thumb/v7e-m/fpv5/hard/libm.a(lib_a-ef_rem_pio2.o)
                0x00000000080041e4                __ieee754_rem_pio2f
 .text.__kernel_cosf
                0x000000000800447c      0x104 /home/tequilajohn/Ac6/SystemWorkbench/plugins/fr.ac6.mcu.externaltools.arm-none.linux64_1.17.0.201812190825/tools/compiler/bin/../lib/gcc/arm-none-eabi/7.3.1/../../../../arm-none-eabi/lib/thumb/v7e-m/fpv5/hard/libm.a(lib_a-kf_cos.o)
                0x000000000800447c                __kernel_cosf
 .text.__kernel_rem_pio2f
                0x0000000008004580      0x650 /home/tequilajohn/Ac6/SystemWorkbench/plugins/fr.ac6.mcu.externaltools.arm-none.linux64_1.17.0.201812190825/tools/compiler/bin/../lib/gcc/arm-none-eabi/7.3.1/../../../../arm-none-eabi/lib/thumb/v7e-m/fpv5/hard/libm.a(lib_a-kf_rem_pio2.o)
                0x0000000008004580                __kernel_rem_pio2f
 .text.__kernel_sinf
                0x0000000008004bd0       0x90 /home/tequilajohn/Ac6/SystemWorkbench/plugins/fr.ac6.mcu.externaltools.arm-none.linux64_1.17.0.201812190825/tools/compiler/bin/../lib/gcc/arm-none-eabi/7.3.1/../../../../arm-none-eabi/lib/thumb/v7e-m/fpv5/hard/libm.a(lib_a-kf_sin.o)
                0x0000000008004bd0                __kernel_sinf
 .text.fabsf    0x0000000008004c60       0x10 /home/tequilajohn/Ac6/SystemWorkbench/plugins/fr.ac6.mcu.externaltools.arm-none.linux64_1.17.0.201812190825/tools/compiler/bin/../lib/gcc/arm-none-eabi/7.3.1/../../../../arm-none-eabi/lib/thumb/v7e-m/fpv5/hard/libm.a(lib_a-sf_fabs.o)
                0x0000000008004c60                fabsf
 .text.floorf   0x0000000008004c70       0x8c /home/tequilajohn/Ac6/SystemWorkbench/plugins/fr.ac6.mcu.externaltools.arm-none.linux64_1.17.0.201812190825/tools/compiler/bin/../lib/gcc/arm-none-eabi/7.3.1/../../../../arm-none-eabi/lib/thumb/v7e-m/fpv5/hard/libm.a(lib_a-sf_floor.o)
                0x0000000008004c70                floorf
 .text.scalbnf  0x0000000008004cfc       0xd0 /home/tequilajohn/Ac6/SystemWorkbench/plugins/fr.ac6.mcu.externaltools.arm-none.linux64_1.17.0.201812190825/tools/compiler/bin/../lib/gcc/arm-none-eabi/7.3.1/../../../../arm-none-eabi/lib/thumb/v7e-m/fpv5/hard/libm.a(lib_a-sf_scalbn.o)
                0x0000000008004cfc                scalbnf
 .text.copysignf
                0x0000000008004dcc       0x18 /home/tequilajohn/Ac6/SystemWorkbench/plugins/fr.ac6.mcu.externaltools.arm-none.linux64_1.17.0.201812190825/tools/compiler/bin/../lib/gcc/arm-none-eabi/7.3.1/../../../../arm-none-eabi/lib/thumb/v7e-m/fpv5/hard/libm.a(lib_a-sf_copysign.o)
                0x0000000008004dcc                copysignf
 .text.abort    0x0000000008004de4        0xe /home/tequilajohn/Ac6/SystemWorkbench/plugins/fr.ac6.mcu.externaltools.arm-none.linux64_1.17.0.201812190825/tools/compiler/bin/../lib/gcc/arm-none-eabi/7.3.1/../../../../arm-none-eabi/lib/thumb/v7e-m/fpv5/hard/libc_nano.a(lib_a-abort.o)
                0x0000000008004de4                abort
 *fill*         0x0000000008004df2        0x2 
 .text.__errno  0x0000000008004df4        0xc /home/tequilajohn/Ac6/SystemWorkbench/plugins/fr.ac6.mcu.externaltools.arm-none.linux64_1.17.0.201812190825/tools/compiler/bin/../lib/gcc/arm-none-eabi/7.3.1/../../../../arm-none-eabi/lib/thumb/v7e-m/fpv5/hard/libc_nano.a(lib_a-errno.o)
                0x0000000008004df4                __errno
 .text.__libc_init_array
                0x0000000008004e00       0x48 /home/tequilajohn/Ac6/SystemWorkbench/plugins/fr.ac6.mcu.externaltools.arm-none.linux64_1.17.0.201812190825/tools/compiler/bin/../lib/gcc/arm-none-eabi/7.3.1/../../../../arm-none-eabi/lib/thumb/v7e-m/fpv5/hard/libc_nano.a(lib_a-init.o)
                0x0000000008004e00                __libc_init_array
 .text.malloc   0x0000000008004e48       0x10 /home/tequilajohn/Ac6/SystemWorkbench/plugins/fr.ac6.mcu.externaltools.arm-none.linux64_1.17.0.201812190825/tools/compiler/bin/../lib/gcc/arm-none-eabi/7.3.1/../../../../arm-none-eabi/lib/thumb/v7e-m/fpv5/hard/libc_nano.a(lib_a-malloc.o)
                0x0000000008004e48                malloc
 .text.memcpy   0x0000000008004e58       0x16 /home/tequilajohn/Ac6/SystemWorkbench/plugins/fr.ac6.mcu.externaltools.arm-none.linux64_1.17.0.201812190825/tools/compiler/bin/../lib/gcc/arm-none-eabi/7.3.1/../../../../arm-none-eabi/lib/thumb/v7e-m/fpv5/hard/libc_nano.a(lib_a-memcpy-stub.o)
                0x0000000008004e58                memcpy
 .text.memset   0x0000000008004e6e       0x10 /home/tequilajohn/Ac6/SystemWorkbench/plugins/fr.ac6.mcu.externaltools.arm-none.linux64_1.17.0.201812190825/tools/compiler/bin/../lib/gcc/arm-none-eabi/7.3.1/../../../../arm-none-eabi/lib/thumb/v7e-m/fpv5/hard/libc_nano.a(lib_a-memset.o)
                0x0000000008004e6e                memset
 *fill*         0x0000000008004e7e        0x2 
 .text._malloc_r
                0x0000000008004e80       0xb4 /home/tequilajohn/Ac6/SystemWorkbench/plugins/fr.ac6.mcu.externaltools.arm-none.linux64_1.17.0.201812190825/tools/compiler/bin/../lib/gcc/arm-none-eabi/7.3.1/../../../../arm-none-eabi/lib/thumb/v7e-m/fpv5/hard/libc_nano.a(lib_a-nano-mallocr.o)
                0x0000000008004e80                _malloc_r
 .text._sbrk_r  0x0000000008004f34       0x20 /home/tequilajohn/Ac6/SystemWorkbench/plugins/fr.ac6.mcu.externaltools.arm-none.linux64_1.17.0.201812190825/tools/compiler/bin/../lib/gcc/arm-none-eabi/7.3.1/../../../../arm-none-eabi/lib/thumb/v7e-m/fpv5/hard/libc_nano.a(lib_a-sbrkr.o)
                0x0000000008004f34                _sbrk_r
 .text._raise_r
                0x0000000008004f54       0x50 /home/tequilajohn/Ac6/SystemWorkbench/plugins/fr.ac6.mcu.externaltools.arm-none.linux64_1.17.0.201812190825/tools/compiler/bin/../lib/gcc/arm-none-eabi/7.3.1/../../../../arm-none-eabi/lib/thumb/v7e-m/fpv5/hard/libc_nano.a(lib_a-signal.o)
                0x0000000008004f54                _raise_r
 .text.raise    0x0000000008004fa4       0x10 /home/tequilajohn/Ac6/SystemWorkbench/plugins/fr.ac6.mcu.externaltools.arm-none.linux64_1.17.0.201812190825/tools/compiler/bin/../lib/gcc/arm-none-eabi/7.3.1/../../../../arm-none-eabi/lib/thumb/v7e-m/fpv5/hard/libc_nano.a(lib_a-signal.o)
                0x0000000008004fa4                raise
 .text._kill_r  0x0000000008004fb4       0x24 /home/tequilajohn/Ac6/SystemWorkbench/plugins/fr.ac6.mcu.externaltools.arm-none.linux64_1.17.0.201812190825/tools/compiler/bin/../lib/gcc/arm-none-eabi/7.3.1/../../../../arm-none-eabi/lib/thumb/v7e-m/fpv5/hard/libc_nano.a(lib_a-signalr.o)
                0x0000000008004fb4                _kill_r
 .text._getpid_r
                0x0000000008004fd8        0x4 /home/tequilajohn/Ac6/SystemWorkbench/plugins/fr.ac6.mcu.externaltools.arm-none.linux64_1.17.0.201812190825/tools/compiler/bin/../lib/gcc/arm-none-eabi/7.3.1/../../../../arm-none-eabi/lib/thumb/v7e-m/fpv5/hard/libc_nano.a(lib_a-signalr.o)
                0x0000000008004fd8                _getpid_r
 .text.__malloc_lock
                0x0000000008004fdc        0x2 /home/tequilajohn/Ac6/SystemWorkbench/plugins/fr.ac6.mcu.externaltools.arm-none.linux64_1.17.0.201812190825/tools/compiler/bin/../lib/gcc/arm-none-eabi/7.3.1/../../../../arm-none-eabi/lib/thumb/v7e-m/fpv5/hard/libc_nano.a(lib_a-mlock.o)
                0x0000000008004fdc                __malloc_lock
 .text.__malloc_unlock
                0x0000000008004fde        0x2 /home/tequilajohn/Ac6/SystemWorkbench/plugins/fr.ac6.mcu.externaltools.arm-none.linux64_1.17.0.201812190825/tools/compiler/bin/../lib/gcc/arm-none-eabi/7.3.1/../../../../arm-none-eabi/lib/thumb/v7e-m/fpv5/hard/libc_nano.a(lib_a-mlock.o)
                0x0000000008004fde                __malloc_unlock
 *(.glue_7)
 .glue_7        0x0000000008004fe0        0x0 linker stubs
 *(.glue_7t)
 .glue_7t       0x0000000008004fe0        0x0 linker stubs
 *(.eh_frame)
 .eh_frame      0x0000000008004fe0        0x0 /home/tequilajohn/Ac6/SystemWorkbench/plugins/fr.ac6.mcu.externaltools.arm-none.linux64_1.17.0.201812190825/tools/compiler/bin/../lib/gcc/arm-none-eabi/7.3.1/thumb/v7e-m/fpv5/hard/crtbegin.o
 *(.init)
 .init          0x0000000008004fe0        0x4 /home/tequilajohn/Ac6/SystemWorkbench/plugins/fr.ac6.mcu.externaltools.arm-none.linux64_1.17.0.201812190825/tools/compiler/bin/../lib/gcc/arm-none-eabi/7.3.1/thumb/v7e-m/fpv5/hard/crti.o
                0x0000000008004fe0                _init
 .init          0x0000000008004fe4        0x8 /home/tequilajohn/Ac6/SystemWorkbench/plugins/fr.ac6.mcu.externaltools.arm-none.linux64_1.17.0.201812190825/tools/compiler/bin/../lib/gcc/arm-none-eabi/7.3.1/thumb/v7e-m/fpv5/hard/crtn.o
 *(.fini)
 .fini          0x0000000008004fec        0x4 /home/tequilajohn/Ac6/SystemWorkbench/plugins/fr.ac6.mcu.externaltools.arm-none.linux64_1.17.0.201812190825/tools/compiler/bin/../lib/gcc/arm-none-eabi/7.3.1/thumb/v7e-m/fpv5/hard/crti.o
                0x0000000008004fec                _fini
 .fini          0x0000000008004ff0        0x8 /home/tequilajohn/Ac6/SystemWorkbench/plugins/fr.ac6.mcu.externaltools.arm-none.linux64_1.17.0.201812190825/tools/compiler/bin/../lib/gcc/arm-none-eabi/7.3.1/thumb/v7e-m/fpv5/hard/crtn.o
                0x0000000008004ff8                . = ALIGN (0x4)
                0x0000000008004ff8                _etext = .

.vfp11_veneer   0x0000000008004ff8        0x0
 .vfp11_veneer  0x0000000008004ff8        0x0 linker stubs

.v4_bx          0x0000000008004ff8        0x0
 .v4_bx         0x0000000008004ff8        0x0 linker stubs

.iplt           0x0000000008004ff8        0x0
 .iplt          0x0000000008004ff8        0x0 /home/tequilajohn/Ac6/SystemWorkbench/plugins/fr.ac6.mcu.externaltools.arm-none.linux64_1.17.0.201812190825/tools/compiler/bin/../lib/gcc/arm-none-eabi/7.3.1/thumb/v7e-m/fpv5/hard/crtbegin.o

.rodata         0x0000000008004ff8      0x464
                0x0000000008004ff8                . = ALIGN (0x4)
 *(.rodata)
 .rodata        0x0000000008004ff8       0x5c Drivers/STM32H7xx_HAL_Driver/Src/stm32h7xx_hal_fdcan.o
 .rodata        0x0000000008005054       0x18 Src/TestBench.o
 .rodata        0x000000000800506c        0xe Src/stm32h7xx_nucleo_144.o
                0x000000000800506c                GPIO_PIN
                0x0000000008005074                BUTTON_IRQn
                0x0000000008005078                BUTTON_PIN
 *fill*         0x000000000800507a        0x2 
 .rodata        0x000000000800507c       0x10 Src/system_stm32h7xx.o
                0x000000000800507c                D1CorePrescTable
 *(.rodata*)
 .rodata.npio2_hw
                0x000000000800508c       0x80 /home/tequilajohn/Ac6/SystemWorkbench/plugins/fr.ac6.mcu.externaltools.arm-none.linux64_1.17.0.201812190825/tools/compiler/bin/../lib/gcc/arm-none-eabi/7.3.1/../../../../arm-none-eabi/lib/thumb/v7e-m/fpv5/hard/libm.a(lib_a-ef_rem_pio2.o)
 .rodata.two_over_pi
                0x000000000800510c      0x318 /home/tequilajohn/Ac6/SystemWorkbench/plugins/fr.ac6.mcu.externaltools.arm-none.linux64_1.17.0.201812190825/tools/compiler/bin/../lib/gcc/arm-none-eabi/7.3.1/../../../../arm-none-eabi/lib/thumb/v7e-m/fpv5/hard/libm.a(lib_a-ef_rem_pio2.o)
 .rodata.PIo2   0x0000000008005424       0x2c /home/tequilajohn/Ac6/SystemWorkbench/plugins/fr.ac6.mcu.externaltools.arm-none.linux64_1.17.0.201812190825/tools/compiler/bin/../lib/gcc/arm-none-eabi/7.3.1/../../../../arm-none-eabi/lib/thumb/v7e-m/fpv5/hard/libm.a(lib_a-kf_rem_pio2.o)
 .rodata.init_jk
                0x0000000008005450        0xc /home/tequilajohn/Ac6/SystemWorkbench/plugins/fr.ac6.mcu.externaltools.arm-none.linux64_1.17.0.201812190825/tools/compiler/bin/../lib/gcc/arm-none-eabi/7.3.1/../../../../arm-none-eabi/lib/thumb/v7e-m/fpv5/hard/libm.a(lib_a-kf_rem_pio2.o)
                0x000000000800545c                . = ALIGN (0x4)

.rel.dyn        0x000000000800545c        0x0
 .rel.iplt      0x000000000800545c        0x0 /home/tequilajohn/Ac6/SystemWorkbench/plugins/fr.ac6.mcu.externaltools.arm-none.linux64_1.17.0.201812190825/tools/compiler/bin/../lib/gcc/arm-none-eabi/7.3.1/thumb/v7e-m/fpv5/hard/crtbegin.o

.ARM.extab
 *(.ARM.extab* .gnu.linkonce.armextab.*)

.ARM            0x000000000800545c        0x0
                0x000000000800545c                __exidx_start = .
 *(.ARM.exidx*)
                0x000000000800545c                __exidx_end = .

.preinit_array  0x000000000800545c        0x0
                0x000000000800545c                PROVIDE (__preinit_array_start = .)
 *(.preinit_array*)
                0x000000000800545c                PROVIDE (__preinit_array_end = .)

.init_array     0x000000000800545c        0x4
                0x000000000800545c                PROVIDE (__init_array_start = .)
 *(SORT_BY_NAME(.init_array.*))
 *(.init_array*)
 .init_array    0x000000000800545c        0x4 /home/tequilajohn/Ac6/SystemWorkbench/plugins/fr.ac6.mcu.externaltools.arm-none.linux64_1.17.0.201812190825/tools/compiler/bin/../lib/gcc/arm-none-eabi/7.3.1/thumb/v7e-m/fpv5/hard/crtbegin.o
                0x0000000008005460                PROVIDE (__init_array_end = .)

.fini_array     0x0000000008005460        0x4
                [!provide]                        PROVIDE (__fini_array_start = .)
 *(SORT_BY_NAME(.fini_array.*))
 *(.fini_array*)
 .fini_array    0x0000000008005460        0x4 /home/tequilajohn/Ac6/SystemWorkbench/plugins/fr.ac6.mcu.externaltools.arm-none.linux64_1.17.0.201812190825/tools/compiler/bin/../lib/gcc/arm-none-eabi/7.3.1/thumb/v7e-m/fpv5/hard/crtbegin.o
                [!provide]                        PROVIDE (__fini_array_end = .)
                0x0000000008005464                _sidata = LOADADDR (.data)

.data           0x0000000020000000       0xa0 load address 0x0000000008005464
                0x0000000020000000                . = ALIGN (0x4)
                0x0000000020000000                _sdata = .
 *(.data)
 .data          0x0000000020000000        0x8 Drivers/STM32H7xx_HAL_Driver/Src/stm32h7xx_hal.o
                0x0000000020000000                uwTickFreq
                0x0000000020000004                uwTickPrio
 .data          0x0000000020000008       0x1c Src/TestBench.o
                0x0000000020000008                pos_d
                0x0000000020000014                kp
                0x0000000020000018                kd
                0x000000002000001c                dt
                0x0000000020000020                ki
 .data          0x0000000020000024       0x10 Src/stm32h7xx_nucleo_144.o
                0x0000000020000024                GPIO_PORT
                0x0000000020000030                BUTTON_PORT
 .data          0x0000000020000034        0x8 Src/system_stm32h7xx.o
                0x0000000020000034                SystemCoreClock
                0x0000000020000038                SystemD2Clock
 *(.data*)
 .data._impure_ptr
                0x000000002000003c        0x4 /home/tequilajohn/Ac6/SystemWorkbench/plugins/fr.ac6.mcu.externaltools.arm-none.linux64_1.17.0.201812190825/tools/compiler/bin/../lib/gcc/arm-none-eabi/7.3.1/../../../../arm-none-eabi/lib/thumb/v7e-m/fpv5/hard/libc_nano.a(lib_a-impure.o)
                0x000000002000003c                _impure_ptr
 .data.impure_data
                0x0000000020000040       0x60 /home/tequilajohn/Ac6/SystemWorkbench/plugins/fr.ac6.mcu.externaltools.arm-none.linux64_1.17.0.201812190825/tools/compiler/bin/../lib/gcc/arm-none-eabi/7.3.1/../../../../arm-none-eabi/lib/thumb/v7e-m/fpv5/hard/libc_nano.a(lib_a-impure.o)
                0x00000000200000a0                . = ALIGN (0x4)
                0x00000000200000a0                _edata = .

.igot.plt       0x00000000200000a0        0x0 load address 0x0000000008005504
 .igot.plt      0x00000000200000a0        0x0 /home/tequilajohn/Ac6/SystemWorkbench/plugins/fr.ac6.mcu.externaltools.arm-none.linux64_1.17.0.201812190825/tools/compiler/bin/../lib/gcc/arm-none-eabi/7.3.1/thumb/v7e-m/fpv5/hard/crtbegin.o
                0x00000000200000a0                . = ALIGN (0x4)

.bss            0x00000000200000a0      0x1a0 load address 0x0000000008005504
                0x00000000200000a0                _sbss = .
                0x00000000200000a0                __bss_start__ = _sbss
 *(.bss)
 .bss           0x00000000200000a0       0x1c /home/tequilajohn/Ac6/SystemWorkbench/plugins/fr.ac6.mcu.externaltools.arm-none.linux64_1.17.0.201812190825/tools/compiler/bin/../lib/gcc/arm-none-eabi/7.3.1/thumb/v7e-m/fpv5/hard/crtbegin.o
 .bss           0x00000000200000bc        0xc Libraries/Periphirals/FDCAN/FDCAN.o
                0x00000000200000bc                FDCAN::resFDCAN1
                0x00000000200000c0                FDCAN::RX_test
 .bss           0x00000000200000c8       0x60 Src/TestBench.o
                0x00000000200000c8                pos
                0x00000000200000d4                pos_l
                0x00000000200000e0                error_pos
                0x00000000200000ec                error_pos_l
                0x00000000200000f8                kp_c
                0x0000000020000104                kd_c
                0x0000000020000110                ki_c
                0x000000002000011c                output
 .bss           0x0000000020000128        0x8 Src/syscalls.o
                0x000000002000012c                __env
 *(.bss*)
 .bss._ZN12_GLOBAL__N_113__new_handlerE
                0x0000000020000130        0x4 /home/tequilajohn/Ac6/SystemWorkbench/plugins/fr.ac6.mcu.externaltools.arm-none.linux64_1.17.0.201812190825/tools/compiler/bin/../lib/gcc/arm-none-eabi/7.3.1/../../../../arm-none-eabi/lib/thumb/v7e-m/fpv5/hard/libstdc++_nano.a(new_handler.o)
 .bss.__malloc_free_list
                0x0000000020000134        0x4 /home/tequilajohn/Ac6/SystemWorkbench/plugins/fr.ac6.mcu.externaltools.arm-none.linux64_1.17.0.201812190825/tools/compiler/bin/../lib/gcc/arm-none-eabi/7.3.1/../../../../arm-none-eabi/lib/thumb/v7e-m/fpv5/hard/libc_nano.a(lib_a-nano-mallocr.o)
                0x0000000020000134                __malloc_free_list
 .bss.__malloc_sbrk_start
                0x0000000020000138        0x4 /home/tequilajohn/Ac6/SystemWorkbench/plugins/fr.ac6.mcu.externaltools.arm-none.linux64_1.17.0.201812190825/tools/compiler/bin/../lib/gcc/arm-none-eabi/7.3.1/../../../../arm-none-eabi/lib/thumb/v7e-m/fpv5/hard/libc_nano.a(lib_a-nano-mallocr.o)
                0x0000000020000138                __malloc_sbrk_start
 *(COMMON)
 COMMON         0x000000002000013c        0x4 Drivers/STM32H7xx_HAL_Driver/Src/stm32h7xx_hal.o
                0x000000002000013c                uwTick
 COMMON         0x0000000020000140       0xfc Src/main.o
                0x0000000020000140                hfdcan1
                0x00000000200001e0                TxData
                0x00000000200001e8                RxData
                0x00000000200001f0                TxHeader
                0x0000000020000214                RxHeader
 COMMON         0x000000002000023c        0x4 /home/tequilajohn/Ac6/SystemWorkbench/plugins/fr.ac6.mcu.externaltools.arm-none.linux64_1.17.0.201812190825/tools/compiler/bin/../lib/gcc/arm-none-eabi/7.3.1/../../../../arm-none-eabi/lib/thumb/v7e-m/fpv5/hard/libc_nano.a(lib_a-reent.o)
                0x000000002000023c                errno
                0x0000000020000240                . = ALIGN (0x4)
                0x0000000020000240                _ebss = .
                0x0000000020000240                __bss_end__ = _ebss

._user_heap_stack
                0x0000000020000240      0x600 load address 0x0000000008005504
                0x0000000020000240                . = ALIGN (0x8)
                0x0000000020000240                PROVIDE (end = .)
                [!provide]                        PROVIDE (_end = .)
                0x0000000020000440                . = (. + _Min_Heap_Size)
 *fill*         0x0000000020000240      0x200 
                0x0000000020000840                . = (. + _Min_Stack_Size)
 *fill*         0x0000000020000440      0x400 
                0x0000000020000840                . = ALIGN (0x8)

/DISCARD/
 libc.a(*)
 libm.a(*)
 libgcc.a(*)

.ARM.attributes
                0x0000000000000000       0x2e
 *(.ARM.attributes)
 .ARM.attributes
                0x0000000000000000       0x20 /home/tequilajohn/Ac6/SystemWorkbench/plugins/fr.ac6.mcu.externaltools.arm-none.linux64_1.17.0.201812190825/tools/compiler/bin/../lib/gcc/arm-none-eabi/7.3.1/thumb/v7e-m/fpv5/hard/crti.o
 .ARM.attributes
                0x0000000000000020       0x32 /home/tequilajohn/Ac6/SystemWorkbench/plugins/fr.ac6.mcu.externaltools.arm-none.linux64_1.17.0.201812190825/tools/compiler/bin/../lib/gcc/arm-none-eabi/7.3.1/thumb/v7e-m/fpv5/hard/crtbegin.o
 .ARM.attributes
                0x0000000000000052       0x37 Drivers/STM32H7xx_HAL_Driver/Src/stm32h7xx_hal.o
 .ARM.attributes
                0x0000000000000089       0x37 Drivers/STM32H7xx_HAL_Driver/Src/stm32h7xx_hal_cortex.o
 .ARM.attributes
                0x00000000000000c0       0x37 Drivers/STM32H7xx_HAL_Driver/Src/stm32h7xx_hal_fdcan.o
 .ARM.attributes
                0x00000000000000f7       0x37 Drivers/STM32H7xx_HAL_Driver/Src/stm32h7xx_hal_gpio.o
 .ARM.attributes
                0x000000000000012e       0x37 Drivers/STM32H7xx_HAL_Driver/Src/stm32h7xx_hal_pwr_ex.o
 .ARM.attributes
                0x0000000000000165       0x37 Drivers/STM32H7xx_HAL_Driver/Src/stm32h7xx_hal_rcc.o
 .ARM.attributes
                0x000000000000019c       0x37 Drivers/STM32H7xx_HAL_Driver/Src/stm32h7xx_hal_rcc_ex.o
 .ARM.attributes
                0x00000000000001d3       0x37 Libraries/Devices/NANOTEC/NANOTEC.o
 .ARM.attributes
                0x000000000000020a       0x37 Libraries/Devices/NANOTEC/NANOTEC_Bus.o
 .ARM.attributes
                0x0000000000000241       0x37 Libraries/Periphirals/FDCAN/FDCAN.o
 .ARM.attributes
                0x0000000000000278       0x37 Src/TestBench.o
 .ARM.attributes
                0x00000000000002af       0x37 Src/main.o
 .ARM.attributes
                0x00000000000002e6       0x37 Src/stm32h7xx_hal_msp.o
 .ARM.attributes
                0x000000000000031d       0x37 Src/stm32h7xx_it.o
 .ARM.attributes
                0x0000000000000354       0x37 Src/stm32h7xx_nucleo_144.o
 .ARM.attributes
                0x000000000000038b       0x37 Src/syscalls.o
 .ARM.attributes
                0x00000000000003c2       0x37 Src/system_stm32h7xx.o
 .ARM.attributes
                0x00000000000003f9       0x21 startup/startup_stm32h743xx.o
 .ARM.attributes
                0x000000000000041a       0x32 /home/tequilajohn/Ac6/SystemWorkbench/plugins/fr.ac6.mcu.externaltools.arm-none.linux64_1.17.0.201812190825/tools/compiler/bin/../lib/gcc/arm-none-eabi/7.3.1/../../../../arm-none-eabi/lib/thumb/v7e-m/fpv5/hard/libstdc++_nano.a(new_op.o)
 .ARM.attributes
                0x000000000000044c       0x32 /home/tequilajohn/Ac6/SystemWorkbench/plugins/fr.ac6.mcu.externaltools.arm-none.linux64_1.17.0.201812190825/tools/compiler/bin/../lib/gcc/arm-none-eabi/7.3.1/../../../../arm-none-eabi/lib/thumb/v7e-m/fpv5/hard/libstdc++_nano.a(new_handler.o)
 .ARM.attributes
                0x000000000000047e       0x32 /home/tequilajohn/Ac6/SystemWorkbench/plugins/fr.ac6.mcu.externaltools.arm-none.linux64_1.17.0.201812190825/tools/compiler/bin/../lib/gcc/arm-none-eabi/7.3.1/../../../../arm-none-eabi/lib/thumb/v7e-m/fpv5/hard/libm.a(lib_a-sf_sin.o)
 .ARM.attributes
                0x00000000000004b0       0x32 /home/tequilajohn/Ac6/SystemWorkbench/plugins/fr.ac6.mcu.externaltools.arm-none.linux64_1.17.0.201812190825/tools/compiler/bin/../lib/gcc/arm-none-eabi/7.3.1/../../../../arm-none-eabi/lib/thumb/v7e-m/fpv5/hard/libm.a(lib_a-ef_rem_pio2.o)
 .ARM.attributes
                0x00000000000004e2       0x32 /home/tequilajohn/Ac6/SystemWorkbench/plugins/fr.ac6.mcu.externaltools.arm-none.linux64_1.17.0.201812190825/tools/compiler/bin/../lib/gcc/arm-none-eabi/7.3.1/../../../../arm-none-eabi/lib/thumb/v7e-m/fpv5/hard/libm.a(lib_a-kf_cos.o)
 .ARM.attributes
                0x0000000000000514       0x32 /home/tequilajohn/Ac6/SystemWorkbench/plugins/fr.ac6.mcu.externaltools.arm-none.linux64_1.17.0.201812190825/tools/compiler/bin/../lib/gcc/arm-none-eabi/7.3.1/../../../../arm-none-eabi/lib/thumb/v7e-m/fpv5/hard/libm.a(lib_a-kf_rem_pio2.o)
 .ARM.attributes
                0x0000000000000546       0x32 /home/tequilajohn/Ac6/SystemWorkbench/plugins/fr.ac6.mcu.externaltools.arm-none.linux64_1.17.0.201812190825/tools/compiler/bin/../lib/gcc/arm-none-eabi/7.3.1/../../../../arm-none-eabi/lib/thumb/v7e-m/fpv5/hard/libm.a(lib_a-kf_sin.o)
 .ARM.attributes
                0x0000000000000578       0x32 /home/tequilajohn/Ac6/SystemWorkbench/plugins/fr.ac6.mcu.externaltools.arm-none.linux64_1.17.0.201812190825/tools/compiler/bin/../lib/gcc/arm-none-eabi/7.3.1/../../../../arm-none-eabi/lib/thumb/v7e-m/fpv5/hard/libm.a(lib_a-sf_fabs.o)
 .ARM.attributes
                0x00000000000005aa       0x32 /home/tequilajohn/Ac6/SystemWorkbench/plugins/fr.ac6.mcu.externaltools.arm-none.linux64_1.17.0.201812190825/tools/compiler/bin/../lib/gcc/arm-none-eabi/7.3.1/../../../../arm-none-eabi/lib/thumb/v7e-m/fpv5/hard/libm.a(lib_a-sf_floor.o)
 .ARM.attributes
                0x00000000000005dc       0x32 /home/tequilajohn/Ac6/SystemWorkbench/plugins/fr.ac6.mcu.externaltools.arm-none.linux64_1.17.0.201812190825/tools/compiler/bin/../lib/gcc/arm-none-eabi/7.3.1/../../../../arm-none-eabi/lib/thumb/v7e-m/fpv5/hard/libm.a(lib_a-sf_scalbn.o)
 .ARM.attributes
                0x000000000000060e       0x32 /home/tequilajohn/Ac6/SystemWorkbench/plugins/fr.ac6.mcu.externaltools.arm-none.linux64_1.17.0.201812190825/tools/compiler/bin/../lib/gcc/arm-none-eabi/7.3.1/../../../../arm-none-eabi/lib/thumb/v7e-m/fpv5/hard/libm.a(lib_a-sf_copysign.o)
 .ARM.attributes
                0x0000000000000640       0x32 /home/tequilajohn/Ac6/SystemWorkbench/plugins/fr.ac6.mcu.externaltools.arm-none.linux64_1.17.0.201812190825/tools/compiler/bin/../lib/gcc/arm-none-eabi/7.3.1/../../../../arm-none-eabi/lib/thumb/v7e-m/fpv5/hard/libc_nano.a(lib_a-abort.o)
 .ARM.attributes
                0x0000000000000672       0x32 /home/tequilajohn/Ac6/SystemWorkbench/plugins/fr.ac6.mcu.externaltools.arm-none.linux64_1.17.0.201812190825/tools/compiler/bin/../lib/gcc/arm-none-eabi/7.3.1/../../../../arm-none-eabi/lib/thumb/v7e-m/fpv5/hard/libc_nano.a(lib_a-errno.o)
 .ARM.attributes
                0x00000000000006a4       0x32 /home/tequilajohn/Ac6/SystemWorkbench/plugins/fr.ac6.mcu.externaltools.arm-none.linux64_1.17.0.201812190825/tools/compiler/bin/../lib/gcc/arm-none-eabi/7.3.1/../../../../arm-none-eabi/lib/thumb/v7e-m/fpv5/hard/libc_nano.a(lib_a-impure.o)
 .ARM.attributes
                0x00000000000006d6       0x32 /home/tequilajohn/Ac6/SystemWorkbench/plugins/fr.ac6.mcu.externaltools.arm-none.linux64_1.17.0.201812190825/tools/compiler/bin/../lib/gcc/arm-none-eabi/7.3.1/../../../../arm-none-eabi/lib/thumb/v7e-m/fpv5/hard/libc_nano.a(lib_a-init.o)
 .ARM.attributes
                0x0000000000000708       0x32 /home/tequilajohn/Ac6/SystemWorkbench/plugins/fr.ac6.mcu.externaltools.arm-none.linux64_1.17.0.201812190825/tools/compiler/bin/../lib/gcc/arm-none-eabi/7.3.1/../../../../arm-none-eabi/lib/thumb/v7e-m/fpv5/hard/libc_nano.a(lib_a-malloc.o)
 .ARM.attributes
                0x000000000000073a       0x32 /home/tequilajohn/Ac6/SystemWorkbench/plugins/fr.ac6.mcu.externaltools.arm-none.linux64_1.17.0.201812190825/tools/compiler/bin/../lib/gcc/arm-none-eabi/7.3.1/../../../../arm-none-eabi/lib/thumb/v7e-m/fpv5/hard/libc_nano.a(lib_a-memcpy-stub.o)
 .ARM.attributes
                0x000000000000076c       0x32 /home/tequilajohn/Ac6/SystemWorkbench/plugins/fr.ac6.mcu.externaltools.arm-none.linux64_1.17.0.201812190825/tools/compiler/bin/../lib/gcc/arm-none-eabi/7.3.1/../../../../arm-none-eabi/lib/thumb/v7e-m/fpv5/hard/libc_nano.a(lib_a-memset.o)
 .ARM.attributes
                0x000000000000079e       0x32 /home/tequilajohn/Ac6/SystemWorkbench/plugins/fr.ac6.mcu.externaltools.arm-none.linux64_1.17.0.201812190825/tools/compiler/bin/../lib/gcc/arm-none-eabi/7.3.1/../../../../arm-none-eabi/lib/thumb/v7e-m/fpv5/hard/libc_nano.a(lib_a-nano-mallocr.o)
 .ARM.attributes
                0x00000000000007d0       0x32 /home/tequilajohn/Ac6/SystemWorkbench/plugins/fr.ac6.mcu.externaltools.arm-none.linux64_1.17.0.201812190825/tools/compiler/bin/../lib/gcc/arm-none-eabi/7.3.1/../../../../arm-none-eabi/lib/thumb/v7e-m/fpv5/hard/libc_nano.a(lib_a-sbrkr.o)
 .ARM.attributes
                0x0000000000000802       0x32 /home/tequilajohn/Ac6/SystemWorkbench/plugins/fr.ac6.mcu.externaltools.arm-none.linux64_1.17.0.201812190825/tools/compiler/bin/../lib/gcc/arm-none-eabi/7.3.1/../../../../arm-none-eabi/lib/thumb/v7e-m/fpv5/hard/libc_nano.a(lib_a-signal.o)
 .ARM.attributes
                0x0000000000000834       0x32 /home/tequilajohn/Ac6/SystemWorkbench/plugins/fr.ac6.mcu.externaltools.arm-none.linux64_1.17.0.201812190825/tools/compiler/bin/../lib/gcc/arm-none-eabi/7.3.1/../../../../arm-none-eabi/lib/thumb/v7e-m/fpv5/hard/libc_nano.a(lib_a-signalr.o)
 .ARM.attributes
                0x0000000000000866       0x32 /home/tequilajohn/Ac6/SystemWorkbench/plugins/fr.ac6.mcu.externaltools.arm-none.linux64_1.17.0.201812190825/tools/compiler/bin/../lib/gcc/arm-none-eabi/7.3.1/../../../../arm-none-eabi/lib/thumb/v7e-m/fpv5/hard/libc_nano.a(lib_a-mlock.o)
 .ARM.attributes
                0x0000000000000898       0x32 /home/tequilajohn/Ac6/SystemWorkbench/plugins/fr.ac6.mcu.externaltools.arm-none.linux64_1.17.0.201812190825/tools/compiler/bin/../lib/gcc/arm-none-eabi/7.3.1/../../../../arm-none-eabi/lib/thumb/v7e-m/fpv5/hard/libc_nano.a(lib_a-reent.o)
 .ARM.attributes
                0x00000000000008ca       0x20 /home/tequilajohn/Ac6/SystemWorkbench/plugins/fr.ac6.mcu.externaltools.arm-none.linux64_1.17.0.201812190825/tools/compiler/bin/../lib/gcc/arm-none-eabi/7.3.1/thumb/v7e-m/fpv5/hard/crtn.o
OUTPUT(Test_For_Debug_0.elf elf32-littlearm)

.debug_info     0x0000000000000000    0x25244
 .debug_info    0x0000000000000000     0x1ef1 Drivers/STM32H7xx_HAL_Driver/Src/stm32h7xx_hal.o
 .debug_info    0x0000000000001ef1     0x1be4 Drivers/STM32H7xx_HAL_Driver/Src/stm32h7xx_hal_cortex.o
 .debug_info    0x0000000000003ad5     0x371b Drivers/STM32H7xx_HAL_Driver/Src/stm32h7xx_hal_fdcan.o
 .debug_info    0x00000000000071f0     0x165d Drivers/STM32H7xx_HAL_Driver/Src/stm32h7xx_hal_gpio.o
 .debug_info    0x000000000000884d     0x1a26 Drivers/STM32H7xx_HAL_Driver/Src/stm32h7xx_hal_pwr_ex.o
 .debug_info    0x000000000000a273     0x1a50 Drivers/STM32H7xx_HAL_Driver/Src/stm32h7xx_hal_rcc.o
 .debug_info    0x000000000000bcc3     0x2199 Drivers/STM32H7xx_HAL_Driver/Src/stm32h7xx_hal_rcc_ex.o
 .debug_info    0x000000000000de5c     0x42c9 Libraries/Devices/NANOTEC/NANOTEC.o
 .debug_info    0x0000000000012125     0x40f6 Libraries/Devices/NANOTEC/NANOTEC_Bus.o
 .debug_info    0x000000000001621b     0x31e1 Libraries/Periphirals/FDCAN/FDCAN.o
 .debug_info    0x00000000000193fc     0x31b1 Src/TestBench.o
 .debug_info    0x000000000001c5ad     0x2420 Src/main.o
 .debug_info    0x000000000001e9cd     0x1b66 Src/stm32h7xx_hal_msp.o
 .debug_info    0x0000000000020533     0x1269 Src/stm32h7xx_it.o
 .debug_info    0x000000000002179c     0x1779 Src/stm32h7xx_nucleo_144.o
 .debug_info    0x0000000000022f15      0xfd3 Src/syscalls.o
 .debug_info    0x0000000000023ee8     0x133a Src/system_stm32h7xx.o
 .debug_info    0x0000000000025222       0x22 startup/startup_stm32h743xx.o

.debug_abbrev   0x0000000000000000     0x3c99
 .debug_abbrev  0x0000000000000000      0x31f Drivers/STM32H7xx_HAL_Driver/Src/stm32h7xx_hal.o
 .debug_abbrev  0x000000000000031f      0x40a Drivers/STM32H7xx_HAL_Driver/Src/stm32h7xx_hal_cortex.o
 .debug_abbrev  0x0000000000000729      0x357 Drivers/STM32H7xx_HAL_Driver/Src/stm32h7xx_hal_fdcan.o
 .debug_abbrev  0x0000000000000a80      0x2f4 Drivers/STM32H7xx_HAL_Driver/Src/stm32h7xx_hal_gpio.o
 .debug_abbrev  0x0000000000000d74      0x34d Drivers/STM32H7xx_HAL_Driver/Src/stm32h7xx_hal_pwr_ex.o
 .debug_abbrev  0x00000000000010c1      0x310 Drivers/STM32H7xx_HAL_Driver/Src/stm32h7xx_hal_rcc.o
 .debug_abbrev  0x00000000000013d1      0x327 Drivers/STM32H7xx_HAL_Driver/Src/stm32h7xx_hal_rcc_ex.o
 .debug_abbrev  0x00000000000016f8      0x5fb Libraries/Devices/NANOTEC/NANOTEC.o
 .debug_abbrev  0x0000000000001cf3      0x519 Libraries/Devices/NANOTEC/NANOTEC_Bus.o
 .debug_abbrev  0x000000000000220c      0x59f Libraries/Periphirals/FDCAN/FDCAN.o
 .debug_abbrev  0x00000000000027ab      0x4bb Src/TestBench.o
 .debug_abbrev  0x0000000000002c66      0x34a Src/main.o
 .debug_abbrev  0x0000000000002fb0      0x26c Src/stm32h7xx_hal_msp.o
 .debug_abbrev  0x000000000000321c      0x239 Src/stm32h7xx_it.o
 .debug_abbrev  0x0000000000003455      0x316 Src/stm32h7xx_nucleo_144.o
 .debug_abbrev  0x000000000000376b      0x2d4 Src/syscalls.o
 .debug_abbrev  0x0000000000003a3f      0x248 Src/system_stm32h7xx.o
 .debug_abbrev  0x0000000000003c87       0x12 startup/startup_stm32h743xx.o

.debug_loc      0x0000000000000000     0x8569
 .debug_loc     0x0000000000000000      0x43d Drivers/STM32H7xx_HAL_Driver/Src/stm32h7xx_hal.o
 .debug_loc     0x000000000000043d      0x5ac Drivers/STM32H7xx_HAL_Driver/Src/stm32h7xx_hal_cortex.o
 .debug_loc     0x00000000000009e9     0x2f82 Drivers/STM32H7xx_HAL_Driver/Src/stm32h7xx_hal_fdcan.o
 .debug_loc     0x000000000000396b      0x34e Drivers/STM32H7xx_HAL_Driver/Src/stm32h7xx_hal_gpio.o
 .debug_loc     0x0000000000003cb9      0x376 Drivers/STM32H7xx_HAL_Driver/Src/stm32h7xx_hal_pwr_ex.o
 .debug_loc     0x000000000000402f      0x630 Drivers/STM32H7xx_HAL_Driver/Src/stm32h7xx_hal_rcc.o
 .debug_loc     0x000000000000465f     0x150d Drivers/STM32H7xx_HAL_Driver/Src/stm32h7xx_hal_rcc_ex.o
 .debug_loc     0x0000000000005b6c      0xab9 Libraries/Devices/NANOTEC/NANOTEC.o
 .debug_loc     0x0000000000006625     0x1194 Libraries/Devices/NANOTEC/NANOTEC_Bus.o
 .debug_loc     0x00000000000077b9      0x65a Libraries/Periphirals/FDCAN/FDCAN.o
 .debug_loc     0x0000000000007e13       0xa0 Src/TestBench.o
 .debug_loc     0x0000000000007eb3       0x21 Src/main.o
 .debug_loc     0x0000000000007ed4       0x74 Src/stm32h7xx_hal_msp.o
 .debug_loc     0x0000000000007f48      0x166 Src/stm32h7xx_nucleo_144.o
 .debug_loc     0x00000000000080ae      0x3af Src/syscalls.o
 .debug_loc     0x000000000000845d      0x10c Src/system_stm32h7xx.o

.debug_aranges  0x0000000000000000      0xdc0
 .debug_aranges
                0x0000000000000000      0x1b8 Drivers/STM32H7xx_HAL_Driver/Src/stm32h7xx_hal.o
 .debug_aranges
                0x00000000000001b8       0xb0 Drivers/STM32H7xx_HAL_Driver/Src/stm32h7xx_hal_cortex.o
 .debug_aranges
                0x0000000000000268      0x338 Drivers/STM32H7xx_HAL_Driver/Src/stm32h7xx_hal_fdcan.o
 .debug_aranges
                0x00000000000005a0       0x58 Drivers/STM32H7xx_HAL_Driver/Src/stm32h7xx_hal_gpio.o
 .debug_aranges
                0x00000000000005f8      0x158 Drivers/STM32H7xx_HAL_Driver/Src/stm32h7xx_hal_pwr_ex.o
 .debug_aranges
                0x0000000000000750       0x88 Drivers/STM32H7xx_HAL_Driver/Src/stm32h7xx_hal_rcc.o
 .debug_aranges
                0x00000000000007d8       0xf8 Drivers/STM32H7xx_HAL_Driver/Src/stm32h7xx_hal_rcc_ex.o
 .debug_aranges
                0x00000000000008d0      0x108 Libraries/Devices/NANOTEC/NANOTEC.o
 .debug_aranges
                0x00000000000009d8       0xe0 Libraries/Devices/NANOTEC/NANOTEC_Bus.o
 .debug_aranges
                0x0000000000000ab8       0xb8 Libraries/Periphirals/FDCAN/FDCAN.o
 .debug_aranges
                0x0000000000000b70       0x20 Src/TestBench.o
 .debug_aranges
                0x0000000000000b90       0x40 Src/main.o
 .debug_aranges
                0x0000000000000bd0       0x30 Src/stm32h7xx_hal_msp.o
 .debug_aranges
                0x0000000000000c00       0x60 Src/stm32h7xx_it.o
 .debug_aranges
                0x0000000000000c60       0x60 Src/stm32h7xx_nucleo_144.o
 .debug_aranges
                0x0000000000000cc0       0xb0 Src/syscalls.o
 .debug_aranges
                0x0000000000000d70       0x28 Src/system_stm32h7xx.o
 .debug_aranges
                0x0000000000000d98       0x28 startup/startup_stm32h743xx.o

.debug_ranges   0x0000000000000000      0xe38
 .debug_ranges  0x0000000000000000      0x1a8 Drivers/STM32H7xx_HAL_Driver/Src/stm32h7xx_hal.o
 .debug_ranges  0x00000000000001a8      0x100 Drivers/STM32H7xx_HAL_Driver/Src/stm32h7xx_hal_cortex.o
 .debug_ranges  0x00000000000002a8      0x328 Drivers/STM32H7xx_HAL_Driver/Src/stm32h7xx_hal_fdcan.o
 .debug_ranges  0x00000000000005d0       0x48 Drivers/STM32H7xx_HAL_Driver/Src/stm32h7xx_hal_gpio.o
 .debug_ranges  0x0000000000000618      0x148 Drivers/STM32H7xx_HAL_Driver/Src/stm32h7xx_hal_pwr_ex.o
 .debug_ranges  0x0000000000000760       0xe0 Drivers/STM32H7xx_HAL_Driver/Src/stm32h7xx_hal_rcc.o
 .debug_ranges  0x0000000000000840       0xe8 Drivers/STM32H7xx_HAL_Driver/Src/stm32h7xx_hal_rcc_ex.o
 .debug_ranges  0x0000000000000928       0xf8 Libraries/Devices/NANOTEC/NANOTEC.o
 .debug_ranges  0x0000000000000a20      0x178 Libraries/Devices/NANOTEC/NANOTEC_Bus.o
 .debug_ranges  0x0000000000000b98       0xc8 Libraries/Periphirals/FDCAN/FDCAN.o
 .debug_ranges  0x0000000000000c60       0x10 Src/TestBench.o
 .debug_ranges  0x0000000000000c70       0x30 Src/main.o
 .debug_ranges  0x0000000000000ca0       0x20 Src/stm32h7xx_hal_msp.o
 .debug_ranges  0x0000000000000cc0       0x50 Src/stm32h7xx_it.o
 .debug_ranges  0x0000000000000d10       0x50 Src/stm32h7xx_nucleo_144.o
 .debug_ranges  0x0000000000000d60       0xa0 Src/syscalls.o
 .debug_ranges  0x0000000000000e00       0x18 Src/system_stm32h7xx.o
 .debug_ranges  0x0000000000000e18       0x20 startup/startup_stm32h743xx.o

.debug_macro    0x0000000000000000    0x41b89
 .debug_macro   0x0000000000000000      0x2a6 Drivers/STM32H7xx_HAL_Driver/Src/stm32h7xx_hal.o
 .debug_macro   0x00000000000002a6      0xa60 Drivers/STM32H7xx_HAL_Driver/Src/stm32h7xx_hal.o
 .debug_macro   0x0000000000000d06      0x232 Drivers/STM32H7xx_HAL_Driver/Src/stm32h7xx_hal.o
 .debug_macro   0x0000000000000f38       0x2e Drivers/STM32H7xx_HAL_Driver/Src/stm32h7xx_hal.o
 .debug_macro   0x0000000000000f66       0x3b Drivers/STM32H7xx_HAL_Driver/Src/stm32h7xx_hal.o
 .debug_macro   0x0000000000000fa1       0x22 Drivers/STM32H7xx_HAL_Driver/Src/stm32h7xx_hal.o
 .debug_macro   0x0000000000000fc3       0x8e Drivers/STM32H7xx_HAL_Driver/Src/stm32h7xx_hal.o
 .debug_macro   0x0000000000001051       0x51 Drivers/STM32H7xx_HAL_Driver/Src/stm32h7xx_hal.o
 .debug_macro   0x00000000000010a2       0xef Drivers/STM32H7xx_HAL_Driver/Src/stm32h7xx_hal.o
 .debug_macro   0x0000000000001191       0x6a Drivers/STM32H7xx_HAL_Driver/Src/stm32h7xx_hal.o
 .debug_macro   0x00000000000011fb      0x1df Drivers/STM32H7xx_HAL_Driver/Src/stm32h7xx_hal.o
 .debug_macro   0x00000000000013da       0x1c Drivers/STM32H7xx_HAL_Driver/Src/stm32h7xx_hal.o
 .debug_macro   0x00000000000013f6       0x22 Drivers/STM32H7xx_HAL_Driver/Src/stm32h7xx_hal.o
 .debug_macro   0x0000000000001418       0xdf Drivers/STM32H7xx_HAL_Driver/Src/stm32h7xx_hal.o
 .debug_macro   0x00000000000014f7     0x12cd Drivers/STM32H7xx_HAL_Driver/Src/stm32h7xx_hal.o
 .debug_macro   0x00000000000027c4      0x11f Drivers/STM32H7xx_HAL_Driver/Src/stm32h7xx_hal.o
 .debug_macro   0x00000000000028e3       0x19 Drivers/STM32H7xx_HAL_Driver/Src/stm32h7xx_hal.o
 .debug_macro   0x00000000000028fc    0x2538b Drivers/STM32H7xx_HAL_Driver/Src/stm32h7xx_hal.o
 .debug_macro   0x0000000000027c87       0x43 Drivers/STM32H7xx_HAL_Driver/Src/stm32h7xx_hal.o
 .debug_macro   0x0000000000027cca     0x3cd3 Drivers/STM32H7xx_HAL_Driver/Src/stm32h7xx_hal.o
 .debug_macro   0x000000000002b99d      0x174 Drivers/STM32H7xx_HAL_Driver/Src/stm32h7xx_hal.o
 .debug_macro   0x000000000002bb11       0x5e Drivers/STM32H7xx_HAL_Driver/Src/stm32h7xx_hal.o
 .debug_macro   0x000000000002bb6f       0x17 Drivers/STM32H7xx_HAL_Driver/Src/stm32h7xx_hal.o
 .debug_macro   0x000000000002bb86       0x35 Drivers/STM32H7xx_HAL_Driver/Src/stm32h7xx_hal.o
 .debug_macro   0x000000000002bbbb       0x34 Drivers/STM32H7xx_HAL_Driver/Src/stm32h7xx_hal.o
 .debug_macro   0x000000000002bbef       0x58 Drivers/STM32H7xx_HAL_Driver/Src/stm32h7xx_hal.o
 .debug_macro   0x000000000002bc47       0x1f Drivers/STM32H7xx_HAL_Driver/Src/stm32h7xx_hal.o
 .debug_macro   0x000000000002bc66       0x43 Drivers/STM32H7xx_HAL_Driver/Src/stm32h7xx_hal.o
 .debug_macro   0x000000000002bca9       0x20 Drivers/STM32H7xx_HAL_Driver/Src/stm32h7xx_hal.o
 .debug_macro   0x000000000002bcc9      0x18e Drivers/STM32H7xx_HAL_Driver/Src/stm32h7xx_hal.o
 .debug_macro   0x000000000002be57      0x32a Drivers/STM32H7xx_HAL_Driver/Src/stm32h7xx_hal.o
 .debug_macro   0x000000000002c181      0x1e1 Drivers/STM32H7xx_HAL_Driver/Src/stm32h7xx_hal.o
 .debug_macro   0x000000000002c362       0x54 Drivers/STM32H7xx_HAL_Driver/Src/stm32h7xx_hal.o
 .debug_macro   0x000000000002c3b6     0x2382 Drivers/STM32H7xx_HAL_Driver/Src/stm32h7xx_hal.o
 .debug_macro   0x000000000002e738     0x1009 Drivers/STM32H7xx_HAL_Driver/Src/stm32h7xx_hal.o
 .debug_macro   0x000000000002f741      0x138 Drivers/STM32H7xx_HAL_Driver/Src/stm32h7xx_hal.o
 .debug_macro   0x000000000002f879      0x117 Drivers/STM32H7xx_HAL_Driver/Src/stm32h7xx_hal.o
 .debug_macro   0x000000000002f990      0x3b2 Drivers/STM32H7xx_HAL_Driver/Src/stm32h7xx_hal.o
 .debug_macro   0x000000000002fd42       0x27 Drivers/STM32H7xx_HAL_Driver/Src/stm32h7xx_hal.o
 .debug_macro   0x000000000002fd69      0x72d Drivers/STM32H7xx_HAL_Driver/Src/stm32h7xx_hal.o
 .debug_macro   0x0000000000030496      0x229 Drivers/STM32H7xx_HAL_Driver/Src/stm32h7xx_hal.o
 .debug_macro   0x00000000000306bf       0x66 Drivers/STM32H7xx_HAL_Driver/Src/stm32h7xx_hal.o
 .debug_macro   0x0000000000030725      0x3bb Drivers/STM32H7xx_HAL_Driver/Src/stm32h7xx_hal.o
 .debug_macro   0x0000000000030ae0      0x3e5 Drivers/STM32H7xx_HAL_Driver/Src/stm32h7xx_hal.o
 .debug_macro   0x0000000000030ec5      0x275 Drivers/STM32H7xx_HAL_Driver/Src/stm32h7xx_hal.o
 .debug_macro   0x000000000003113a      0xe34 Drivers/STM32H7xx_HAL_Driver/Src/stm32h7xx_hal.o
 .debug_macro   0x0000000000031f6e      0x3cb Drivers/STM32H7xx_HAL_Driver/Src/stm32h7xx_hal.o
 .debug_macro   0x0000000000032339      0x41d Drivers/STM32H7xx_HAL_Driver/Src/stm32h7xx_hal.o
 .debug_macro   0x0000000000032756       0x51 Drivers/STM32H7xx_HAL_Driver/Src/stm32h7xx_hal.o
 .debug_macro   0x00000000000327a7       0x4a Drivers/STM32H7xx_HAL_Driver/Src/stm32h7xx_hal.o
 .debug_macro   0x00000000000327f1      0x22c Drivers/STM32H7xx_HAL_Driver/Src/stm32h7xx_hal.o
 .debug_macro   0x0000000000032a1d       0x64 Drivers/STM32H7xx_HAL_Driver/Src/stm32h7xx_hal.o
 .debug_macro   0x0000000000032a81       0xa5 Drivers/STM32H7xx_HAL_Driver/Src/stm32h7xx_hal.o
 .debug_macro   0x0000000000032b26      0x1c5 Drivers/STM32H7xx_HAL_Driver/Src/stm32h7xx_hal.o
 .debug_macro   0x0000000000032ceb      0x25f Drivers/STM32H7xx_HAL_Driver/Src/stm32h7xx_hal.o
 .debug_macro   0x0000000000032f4a       0x35 Drivers/STM32H7xx_HAL_Driver/Src/stm32h7xx_hal.o
 .debug_macro   0x0000000000032f7f      0x5a0 Drivers/STM32H7xx_HAL_Driver/Src/stm32h7xx_hal.o
 .debug_macro   0x000000000003351f      0x27c Drivers/STM32H7xx_HAL_Driver/Src/stm32h7xx_hal_cortex.o
 .debug_macro   0x000000000003379b      0x341 Drivers/STM32H7xx_HAL_Driver/Src/stm32h7xx_hal_fdcan.o
 .debug_macro   0x0000000000033adc      0x2b8 Drivers/STM32H7xx_HAL_Driver/Src/stm32h7xx_hal_gpio.o
 .debug_macro   0x0000000000033d94      0x2b5 Drivers/STM32H7xx_HAL_Driver/Src/stm32h7xx_hal_pwr_ex.o
 .debug_macro   0x0000000000034049      0x2a0 Drivers/STM32H7xx_HAL_Driver/Src/stm32h7xx_hal_rcc.o
 .debug_macro   0x00000000000342e9      0x29a Drivers/STM32H7xx_HAL_Driver/Src/stm32h7xx_hal_rcc_ex.o
 .debug_macro   0x0000000000034583      0x348 Libraries/Devices/NANOTEC/NANOTEC.o
 .debug_macro   0x00000000000348cb      0xb38 Libraries/Devices/NANOTEC/NANOTEC.o
 .debug_macro   0x0000000000035403       0x1c Libraries/Devices/NANOTEC/NANOTEC.o
 .debug_macro   0x000000000003541f     0x12cd Libraries/Devices/NANOTEC/NANOTEC.o
 .debug_macro   0x00000000000366ec      0x17b Libraries/Devices/NANOTEC/NANOTEC.o
 .debug_macro   0x0000000000036867      0x168 Libraries/Devices/NANOTEC/NANOTEC.o
 .debug_macro   0x00000000000369cf       0x10 Libraries/Devices/NANOTEC/NANOTEC.o
 .debug_macro   0x00000000000369df      0x3f4 Libraries/Devices/NANOTEC/NANOTEC.o
 .debug_macro   0x0000000000036dd3       0x18 Libraries/Devices/NANOTEC/NANOTEC.o
 .debug_macro   0x0000000000036deb       0x34 Libraries/Devices/NANOTEC/NANOTEC.o
 .debug_macro   0x0000000000036e1f       0x43 Libraries/Devices/NANOTEC/NANOTEC.o
 .debug_macro   0x0000000000036e62      0x34d Libraries/Devices/NANOTEC/NANOTEC.o
 .debug_macro   0x00000000000371af      0x1da Libraries/Devices/NANOTEC/NANOTEC.o
 .debug_macro   0x0000000000037389       0x10 Libraries/Devices/NANOTEC/NANOTEC.o
 .debug_macro   0x0000000000037399       0x16 Libraries/Devices/NANOTEC/NANOTEC.o
 .debug_macro   0x00000000000373af       0x35 Libraries/Devices/NANOTEC/NANOTEC.o
 .debug_macro   0x00000000000373e4       0x16 Libraries/Devices/NANOTEC/NANOTEC.o
 .debug_macro   0x00000000000373fa       0x29 Libraries/Devices/NANOTEC/NANOTEC.o
 .debug_macro   0x0000000000037423       0x10 Libraries/Devices/NANOTEC/NANOTEC.o
 .debug_macro   0x0000000000037433      0x3c7 Libraries/Devices/NANOTEC/NANOTEC.o
 .debug_macro   0x00000000000377fa     0x7868 Libraries/Devices/NANOTEC/NANOTEC.o
 .debug_macro   0x000000000003f062       0x88 Libraries/Devices/NANOTEC/NANOTEC.o
 .debug_macro   0x000000000003f0ea      0x33e Libraries/Devices/NANOTEC/NANOTEC_Bus.o
 .debug_macro   0x000000000003f428      0x365 Libraries/Periphirals/FDCAN/FDCAN.o
 .debug_macro   0x000000000003f78d      0x10d Libraries/Periphirals/FDCAN/FDCAN.o
 .debug_macro   0x000000000003f89a       0x7c Libraries/Periphirals/FDCAN/FDCAN.o
 .debug_macro   0x000000000003f916       0x16 Libraries/Periphirals/FDCAN/FDCAN.o
 .debug_macro   0x000000000003f92c      0x364 Src/TestBench.o
 .debug_macro   0x000000000003fc90      0x2a0 Src/main.o
 .debug_macro   0x000000000003ff30      0x294 Src/stm32h7xx_hal_msp.o
 .debug_macro   0x00000000000401c4      0x29e Src/stm32h7xx_it.o
 .debug_macro   0x0000000000040462      0x2b5 Src/stm32h7xx_nucleo_144.o
 .debug_macro   0x0000000000040717      0x107 Src/stm32h7xx_nucleo_144.o
 .debug_macro   0x000000000004081e      0x243 Src/syscalls.o
 .debug_macro   0x0000000000040a61       0x58 Src/syscalls.o
 .debug_macro   0x0000000000040ab9       0x94 Src/syscalls.o
 .debug_macro   0x0000000000040b4d       0x57 Src/syscalls.o
 .debug_macro   0x0000000000040ba4      0x330 Src/syscalls.o
 .debug_macro   0x0000000000040ed4       0x10 Src/syscalls.o
 .debug_macro   0x0000000000040ee4       0x35 Src/syscalls.o
 .debug_macro   0x0000000000040f19       0x10 Src/syscalls.o
 .debug_macro   0x0000000000040f29       0x10 Src/syscalls.o
 .debug_macro   0x0000000000040f39       0x10 Src/syscalls.o
 .debug_macro   0x0000000000040f49       0x1c Src/syscalls.o
 .debug_macro   0x0000000000040f65       0x52 Src/syscalls.o
 .debug_macro   0x0000000000040fb7       0x40 Src/syscalls.o
 .debug_macro   0x0000000000040ff7       0x10 Src/syscalls.o
 .debug_macro   0x0000000000041007       0x40 Src/syscalls.o
 .debug_macro   0x0000000000041047       0xd7 Src/syscalls.o
 .debug_macro   0x000000000004111e       0x1c Src/syscalls.o
 .debug_macro   0x000000000004113a       0x3d Src/syscalls.o
 .debug_macro   0x0000000000041177       0x35 Src/syscalls.o
 .debug_macro   0x00000000000411ac      0x122 Src/syscalls.o
 .debug_macro   0x00000000000412ce       0x10 Src/syscalls.o
 .debug_macro   0x00000000000412de      0x241 Src/syscalls.o
 .debug_macro   0x000000000004151f       0x1c Src/syscalls.o
 .debug_macro   0x000000000004153b       0x10 Src/syscalls.o
 .debug_macro   0x000000000004154b       0x10 Src/syscalls.o
 .debug_macro   0x000000000004155b       0x16 Src/syscalls.o
 .debug_macro   0x0000000000041571      0x16f Src/syscalls.o
 .debug_macro   0x00000000000416e0      0x189 Src/syscalls.o
 .debug_macro   0x0000000000041869       0x16 Src/syscalls.o
 .debug_macro   0x000000000004187f       0x88 Src/syscalls.o
 .debug_macro   0x0000000000041907      0x282 Src/system_stm32h7xx.o

.debug_line     0x0000000000000000     0xcd69
 .debug_line    0x0000000000000000      0xc42 Drivers/STM32H7xx_HAL_Driver/Src/stm32h7xx_hal.o
 .debug_line    0x0000000000000c42      0xaac Drivers/STM32H7xx_HAL_Driver/Src/stm32h7xx_hal_cortex.o
 .debug_line    0x00000000000016ee     0x167f Drivers/STM32H7xx_HAL_Driver/Src/stm32h7xx_hal_fdcan.o
 .debug_line    0x0000000000002d6d      0x9d1 Drivers/STM32H7xx_HAL_Driver/Src/stm32h7xx_hal_gpio.o
 .debug_line    0x000000000000373e      0xc24 Drivers/STM32H7xx_HAL_Driver/Src/stm32h7xx_hal_pwr_ex.o
 .debug_line    0x0000000000004362      0xc3d Drivers/STM32H7xx_HAL_Driver/Src/stm32h7xx_hal_rcc.o
 .debug_line    0x0000000000004f9f      0xf20 Drivers/STM32H7xx_HAL_Driver/Src/stm32h7xx_hal_rcc_ex.o
 .debug_line    0x0000000000005ebf      0xf7f Libraries/Devices/NANOTEC/NANOTEC.o
 .debug_line    0x0000000000006e3e     0x1075 Libraries/Devices/NANOTEC/NANOTEC_Bus.o
 .debug_line    0x0000000000007eb3      0xe30 Libraries/Periphirals/FDCAN/FDCAN.o
 .debug_line    0x0000000000008ce3      0xd9a Src/TestBench.o
 .debug_line    0x0000000000009a7d      0x92b Src/main.o
 .debug_line    0x000000000000a3a8      0x89d Src/stm32h7xx_hal_msp.o
 .debug_line    0x000000000000ac45      0x8f0 Src/stm32h7xx_it.o
 .debug_line    0x000000000000b535      0x911 Src/stm32h7xx_nucleo_144.o
 .debug_line    0x000000000000be46      0x615 Src/syscalls.o
 .debug_line    0x000000000000c45b      0x890 Src/system_stm32h7xx.o
 .debug_line    0x000000000000cceb       0x7e startup/startup_stm32h743xx.o

.debug_str      0x0000000000000000   0x184965
 .debug_str     0x0000000000000000   0x151d35 Drivers/STM32H7xx_HAL_Driver/Src/stm32h7xx_hal.o
                                     0x15242d (size before relaxing)
 .debug_str     0x0000000000151d35      0x46b Drivers/STM32H7xx_HAL_Driver/Src/stm32h7xx_hal_cortex.o
                                     0x151e5b (size before relaxing)
 .debug_str     0x00000000001521a0     0x1f79 Drivers/STM32H7xx_HAL_Driver/Src/stm32h7xx_hal_fdcan.o
                                     0x1531ec (size before relaxing)
 .debug_str     0x0000000000154119      0x256 Drivers/STM32H7xx_HAL_Driver/Src/stm32h7xx_hal_gpio.o
                                     0x1515f3 (size before relaxing)
 .debug_str     0x000000000015436f      0x677 Drivers/STM32H7xx_HAL_Driver/Src/stm32h7xx_hal_pwr_ex.o
                                     0x1519c7 (size before relaxing)
 .debug_str     0x00000000001549e6      0x53d Drivers/STM32H7xx_HAL_Driver/Src/stm32h7xx_hal_rcc.o
                                     0x1518b6 (size before relaxing)
 .debug_str     0x0000000000154f23      0x94c Drivers/STM32H7xx_HAL_Driver/Src/stm32h7xx_hal_rcc_ex.o
                                     0x151d79 (size before relaxing)
 .debug_str     0x000000000015586f    0x2bb23 Libraries/Devices/NANOTEC/NANOTEC.o
                                     0x17cf75 (size before relaxing)
 .debug_str     0x0000000000181392      0x122 Libraries/Devices/NANOTEC/NANOTEC_Bus.o
                                     0x17bdf8 (size before relaxing)
 .debug_str     0x00000000001814b4      0xaee Libraries/Periphirals/FDCAN/FDCAN.o
                                     0x1554d7 (size before relaxing)
 .debug_str     0x0000000000181fa2      0x193 Src/TestBench.o
                                     0x17d2e3 (size before relaxing)
 .debug_str     0x0000000000182135       0xa9 Src/main.o
                                     0x1527ba (size before relaxing)
 .debug_str     0x00000000001821de       0x1b Src/stm32h7xx_hal_msp.o
                                     0x15288c (size before relaxing)
 .debug_str     0x00000000001821f9       0xb8 Src/stm32h7xx_it.o
                                     0x151e23 (size before relaxing)
 .debug_str     0x00000000001822b1      0x2a4 Src/stm32h7xx_nucleo_144.o
                                     0x152552 (size before relaxing)
 .debug_str     0x0000000000182555     0x2389 Src/syscalls.o
                                       0x85e0 (size before relaxing)
 .debug_str     0x00000000001848de       0x58 Src/system_stm32h7xx.o
                                     0x1513e9 (size before relaxing)
 .debug_str     0x0000000000184936       0x2f startup/startup_stm32h743xx.o
                                         0x86 (size before relaxing)

.comment        0x0000000000000000       0x7f
 .comment       0x0000000000000000       0x7f Drivers/STM32H7xx_HAL_Driver/Src/stm32h7xx_hal.o
                                         0x80 (size before relaxing)
 .comment       0x000000000000007f       0x80 Drivers/STM32H7xx_HAL_Driver/Src/stm32h7xx_hal_cortex.o
 .comment       0x000000000000007f       0x80 Drivers/STM32H7xx_HAL_Driver/Src/stm32h7xx_hal_fdcan.o
 .comment       0x000000000000007f       0x80 Drivers/STM32H7xx_HAL_Driver/Src/stm32h7xx_hal_gpio.o
 .comment       0x000000000000007f       0x80 Drivers/STM32H7xx_HAL_Driver/Src/stm32h7xx_hal_pwr_ex.o
 .comment       0x000000000000007f       0x80 Drivers/STM32H7xx_HAL_Driver/Src/stm32h7xx_hal_rcc.o
 .comment       0x000000000000007f       0x80 Drivers/STM32H7xx_HAL_Driver/Src/stm32h7xx_hal_rcc_ex.o
 .comment       0x000000000000007f       0x80 Libraries/Devices/NANOTEC/NANOTEC.o
 .comment       0x000000000000007f       0x80 Libraries/Devices/NANOTEC/NANOTEC_Bus.o
 .comment       0x000000000000007f       0x80 Libraries/Periphirals/FDCAN/FDCAN.o
 .comment       0x000000000000007f       0x80 Src/TestBench.o
 .comment       0x000000000000007f       0x80 Src/main.o
 .comment       0x000000000000007f       0x80 Src/stm32h7xx_hal_msp.o
 .comment       0x000000000000007f       0x80 Src/stm32h7xx_it.o
 .comment       0x000000000000007f       0x80 Src/stm32h7xx_nucleo_144.o
 .comment       0x000000000000007f       0x80 Src/syscalls.o
 .comment       0x000000000000007f       0x80 Src/system_stm32h7xx.o

.debug_frame    0x0000000000000000     0x2754
 .debug_frame   0x0000000000000000      0x3c8 Drivers/STM32H7xx_HAL_Driver/Src/stm32h7xx_hal.o
 .debug_frame   0x00000000000003c8      0x16c Drivers/STM32H7xx_HAL_Driver/Src/stm32h7xx_hal_cortex.o
 .debug_frame   0x0000000000000534      0x7bc Drivers/STM32H7xx_HAL_Driver/Src/stm32h7xx_hal_fdcan.o
 .debug_frame   0x0000000000000cf0       0xd0 Drivers/STM32H7xx_HAL_Driver/Src/stm32h7xx_hal_gpio.o
 .debug_frame   0x0000000000000dc0      0x2f0 Drivers/STM32H7xx_HAL_Driver/Src/stm32h7xx_hal_pwr_ex.o
 .debug_frame   0x00000000000010b0      0x178 Drivers/STM32H7xx_HAL_Driver/Src/stm32h7xx_hal_rcc.o
 .debug_frame   0x0000000000001228      0x284 Drivers/STM32H7xx_HAL_Driver/Src/stm32h7xx_hal_rcc_ex.o
 .debug_frame   0x00000000000014ac      0x340 Libraries/Devices/NANOTEC/NANOTEC.o